[φ²] Output file: ./cords_results/instacart/phi2_full_sampled/phi2_instacart_sample1000.txt
[φ²] Total elapsed time: 64.4073 sec
	Command being timed: "./cords_phi2_full_sampled ./dataset_public/Instacart/order_wide_clean.csv --sample 1000 --out ./cords_results/instacart/phi2_full_sampled/phi2_instacart_sample1000.txt"
	User time (seconds): 63.35
	System time (seconds): 0.89
	Percent of CPU this job got: 99%
	Elapsed (wall clock) time (h:mm:ss or m:ss): 1:04.40
	Average shared text size (kbytes): 0
	Average unshared data size (kbytes): 0
	Average stack size (kbytes): 0
	Average total size (kbytes): 0
	Maximum resident set size (kbytes): 2812
	Average resident set size (kbytes): 0
	Major (requiring I/O) page faults: 0
	Minor (reclaiming a frame) page faults: 2519
	Voluntary context switches: 1
	Involuntary context switches: 66
	Swaps: 0
	File system inputs: 0
	File system outputs: 16
	Socket messages sent: 0
	Socket messages received: 0
	Signals delivered: 0
	Page size (bytes): 4096
	Exit status: 0
