[φ²] Output file: ./cords_results/instacart/phi2_full_sampled/phi2_instacart_sample33819106.txt
[φ²] Total elapsed time: 617.658 sec
	Command being timed: "./cords_phi2_full_sampled ./dataset_public/Instacart/order_wide_clean.csv --sample 33819106 --out ./cords_results/instacart/phi2_full_sampled/phi2_instacart_sample33819106.txt"
	User time (seconds): 591.25
	System time (seconds): 31.53
	Percent of CPU this job got: 99%
	Elapsed (wall clock) time (h:mm:ss or m:ss): 10:24.26
	Average shared text size (kbytes): 0
	Average unshared data size (kbytes): 0
	Average stack size (kbytes): 0
	Average total size (kbytes): 0
	Maximum resident set size (kbytes): 20496396
	Average resident set size (kbytes): 0
	Major (requiring I/O) page faults: 0
	Minor (reclaiming a frame) page faults: 54886879
	Voluntary context switches: 1
	Involuntary context switches: 305
	Swaps: 0
	File system inputs: 0
	File system outputs: 16
	Socket messages sent: 0
	Socket messages received: 0
	Signals delivered: 0
	Page size (bytes): 4096
	Exit status: 0
