55
Elevation	1978	AVI
Aspect	361	AVI
Slope	67	AVI
Horizontal_Distance_To_Hydrology	551	AVI
Vertical_Distance_To_Hydrology	700	AVI
Horizontal_Distance_To_Roadways	5785	AVI
Hillshade_9am	207	AVI
Hillshade_Noon	185	AVI
Hillshade_3pm	255	AVI
Horizontal_Distance_To_Fire_Points	5827	AVI
Wilderness_Area1	2	AVI
Wilderness_Area2	2	AVI
Wilderness_Area3	2	AVI
Wilderness_Area4	2	AVI
Soil_Type1	2	AVI
Soil_Type2	2	AVI
Soil_Type3	2	AVI
Soil_Type4	2	AVI
Soil_Type5	2	AVI
Soil_Type6	2	AVI
Soil_Type7	2	AVI
Soil_Type8	2	AVI
Soil_Type9	2	AVI
Soil_Type10	2	AVI
Soil_Type11	2	AVI
Soil_Type12	2	AVI
Soil_Type13	2	AVI
Soil_Type14	2	AVI
Soil_Type15	2	AVI
Soil_Type16	2	AVI
Soil_Type17	2	AVI
Soil_Type18	2	AVI
Soil_Type19	2	AVI
Soil_Type20	2	AVI
Soil_Type21	2	AVI
Soil_Type22	2	AVI
Soil_Type23	2	AVI
Soil_Type24	2	AVI
Soil_Type25	2	AVI
Soil_Type26	2	AVI
Soil_Type27	2	AVI
Soil_Type28	2	AVI
Soil_Type29	2	AVI
Soil_Type30	2	AVI
Soil_Type31	2	AVI
Soil_Type32	2	AVI
Soil_Type33	2	AVI
Soil_Type34	2	AVI
Soil_Type35	2	AVI
Soil_Type36	2	AVI
Soil_Type37	2	AVI
Soil_Type38	2	AVI
Soil_Type39	2	AVI
Soil_Type40	2	AVI
Cover_Type	7	AVI
1485
Horizontal_Distance_To_Roadways	Wilderness_Area1	9818	0.469659	Hist	5785	2
Horizontal_Distance_To_Roadways	Wilderness_Area3	9818	0.468364	Hist	5785	2
Elevation	Wilderness_Area1	3156	0.46785	Hist	1978	2
Horizontal_Distance_To_Fire_Points	Wilderness_Area1	10099	0.467104	Hist	5827	2
Hillshade_9am	Wilderness_Area1	401	0.467019	-	207	2
Aspect	Wilderness_Area1	722	0.466653	Hist	361	2
Hillshade_3pm	Wilderness_Area1	507	0.466616	-	255	2
Hillshade_Noon	Wilderness_Area1	348	0.466522	-	185	2
Horizontal_Distance_To_Fire_Points	Wilderness_Area3	8954	0.466246	Hist	5827	2
Elevation	Wilderness_Area3	3237	0.465909	Hist	1978	2
Vertical_Distance_To_Hydrology	Wilderness_Area1	1266	0.465779	Hist	700	2
Hillshade_Noon	Wilderness_Area3	347	0.465673	-	185	2
Horizontal_Distance_To_Hydrology	Wilderness_Area1	946	0.465657	Hist	551	2
Aspect	Wilderness_Area3	722	0.465573	Hist	361	2
Hillshade_9am	Wilderness_Area3	407	0.465305	-	207	2
Hillshade_3pm	Wilderness_Area3	507	0.465128	-	255	2
Horizontal_Distance_To_Hydrology	Wilderness_Area3	951	0.464919	Hist	551	2
Vertical_Distance_To_Hydrology	Wilderness_Area3	1263	0.464893	Hist	700	2
Horizontal_Distance_To_Roadways	Soil_Type29	11234	0.450687	Hist	5785	2
Elevation	Soil_Type29	2852	0.450684	Hist	1978	2
Aspect	Soil_Type29	722	0.450073	Hist	361	2
Horizontal_Distance_To_Fire_Points	Soil_Type29	11313	0.450068	Hist	5827	2
Hillshade_3pm	Soil_Type29	500	0.450059	-	255	2
Hillshade_Noon	Soil_Type29	333	0.450009	-	185	2
Hillshade_9am	Soil_Type29	377	0.450002	-	207	2
Horizontal_Distance_To_Hydrology	Soil_Type29	902	0.449954	Hist	551	2
Vertical_Distance_To_Hydrology	Soil_Type29	1199	0.449946	Hist	700	2
Elevation	Wilderness_Area4	2334	0.444675	Hist	1978	2
Elevation	Soil_Type23	2820	0.443942	Hist	1978	2
Vertical_Distance_To_Hydrology	Soil_Type23	1100	0.443865	Hist	700	2
Hillshade_Noon	Soil_Type23	314	0.443855	-	185	2
Hillshade_3pm	Soil_Type23	463	0.443833	-	255	2
Hillshade_9am	Soil_Type23	358	0.443827	-	207	2
Horizontal_Distance_To_Hydrology	Soil_Type23	937	0.443822	Hist	551	2
Horizontal_Distance_To_Fire_Points	Soil_Type23	9667	0.443744	Hist	5827	2
Aspect	Soil_Type23	721	0.443723	Hist	361	2
Horizontal_Distance_To_Roadways	Soil_Type23	10591	0.443723	Hist	5785	2
Elevation	Soil_Type32	2762	0.443356	Hist	1978	2
Horizontal_Distance_To_Roadways	Soil_Type32	9033	0.443279	Hist	5785	2
Hillshade_Noon	Soil_Type32	295	0.443244	-	185	2
Hillshade_3pm	Soil_Type32	468	0.443243	-	255	2
Hillshade_9am	Soil_Type32	351	0.443212	-	207	2
Horizontal_Distance_To_Hydrology	Soil_Type32	1044	0.443192	Hist	551	2
Horizontal_Distance_To_Fire_Points	Soil_Type32	8835	0.443188	Hist	5827	2
Aspect	Soil_Type32	722	0.443185	Hist	361	2
Vertical_Distance_To_Hydrology	Soil_Type32	1177	0.443172	Hist	700	2
Hillshade_3pm	Soil_Type33	505	0.442503	-	255	2
Hillshade_Noon	Soil_Type33	339	0.44249	-	185	2
Horizontal_Distance_To_Roadways	Soil_Type33	9149	0.442432	Hist	5785	2
Hillshade_9am	Soil_Type33	403	0.442422	-	207	2
Elevation	Soil_Type33	3021	0.442413	Hist	1978	2
Vertical_Distance_To_Hydrology	Soil_Type33	1246	0.442397	Hist	700	2
Horizontal_Distance_To_Fire_Points	Soil_Type33	8734	0.442387	Hist	5827	2
Aspect	Soil_Type33	722	0.442378	Hist	361	2
Horizontal_Distance_To_Hydrology	Soil_Type33	1026	0.442375	Hist	551	2
Elevation	Soil_Type10	3109	0.441969	Hist	1978	2
Hillshade_9am	Wilderness_Area4	405	0.441772	-	207	2
Hillshade_Noon	Wilderness_Area4	338	0.441683	-	185	2
Hillshade_3pm	Wilderness_Area4	506	0.441659	-	255	2
Horizontal_Distance_To_Fire_Points	Wilderness_Area4	6845	0.441633	Hist	5827	2
Horizontal_Distance_To_Roadways	Wilderness_Area4	6625	0.441627	Hist	5785	2
Aspect	Wilderness_Area4	722	0.441535	Hist	361	2
Vertical_Distance_To_Hydrology	Wilderness_Area4	1107	0.441504	Hist	700	2
Horizontal_Distance_To_Hydrology	Wilderness_Area4	718	0.441496	Hist	551	2
Elevation	Soil_Type22	2650	0.441283	Hist	1978	2
Hillshade_9am	Soil_Type10	406	0.441253	-	207	2
Hillshade_Noon	Soil_Type10	344	0.441252	-	185	2
Horizontal_Distance_To_Roadways	Soil_Type22	10634	0.44114	Hist	5785	2
Hillshade_3pm	Soil_Type22	487	0.441126	-	255	2
Hillshade_3pm	Soil_Type10	495	0.441121	-	255	2
Aspect	Soil_Type22	721	0.441103	Hist	361	2
Hillshade_Noon	Soil_Type22	304	0.441101	-	185	2
Horizontal_Distance_To_Fire_Points	Soil_Type22	9558	0.441098	Hist	5827	2
Hillshade_9am	Soil_Type22	359	0.441097	-	207	2
Horizontal_Distance_To_Hydrology	Soil_Type22	830	0.441096	Hist	551	2
Vertical_Distance_To_Hydrology	Soil_Type22	1064	0.441094	Hist	700	2
Aspect	Soil_Type10	722	0.441075	Hist	361	2
Horizontal_Distance_To_Fire_Points	Soil_Type10	7664	0.441063	Hist	5827	2
Horizontal_Distance_To_Roadways	Soil_Type10	7973	0.441054	Hist	5785	2
Vertical_Distance_To_Hydrology	Soil_Type10	1119	0.441025	Hist	700	2
Horizontal_Distance_To_Hydrology	Soil_Type10	926	0.441022	Hist	551	2
Elevation	Wilderness_Area2	2662	0.441014	Hist	1978	2
Elevation	Soil_Type12	2495	0.44098	Hist	1978	2
Hillshade_3pm	Soil_Type30	497	0.440865	-	255	2
Hillshade_9am	Soil_Type30	370	0.440825	-	207	2
Aspect	Soil_Type30	722	0.440811	Hist	361	2
Horizontal_Distance_To_Fire_Points	Soil_Type12	11102	0.440807	Hist	5827	2
Hillshade_3pm	Soil_Type12	428	0.440803	-	255	2
Elevation	Soil_Type30	2790	0.4408	Hist	1978	2
Horizontal_Distance_To_Roadways	Wilderness_Area2	7211	0.440795	Hist	5785	2
Hillshade_9am	Soil_Type12	301	0.440793	-	207	2
Horizontal_Distance_To_Roadways	Soil_Type30	10839	0.44078	Hist	5785	2
Hillshade_Noon	Soil_Type12	277	0.440775	-	185	2
Aspect	Soil_Type12	721	0.440768	Hist	361	2
Horizontal_Distance_To_Fire_Points	Soil_Type30	10396	0.440759	Hist	5827	2
Hillshade_3pm	Wilderness_Area2	475	0.440758	-	255	2
Hillshade_Noon	Soil_Type30	342	0.440753	-	185	2
Horizontal_Distance_To_Hydrology	Soil_Type30	846	0.440752	Hist	551	2
Vertical_Distance_To_Hydrology	Soil_Type30	1117	0.44075	Hist	700	2
Horizontal_Distance_To_Roadways	Soil_Type12	10289	0.440745	Hist	5785	2
Horizontal_Distance_To_Fire_Points	Wilderness_Area2	10050	0.440738	Hist	5827	2
Horizontal_Distance_To_Hydrology	Soil_Type12	847	0.440737	Hist	551	2
Vertical_Distance_To_Hydrology	Soil_Type12	967	0.440736	Hist	700	2
Aspect	Wilderness_Area2	721	0.440735	Hist	361	2
Hillshade_Noon	Wilderness_Area2	300	0.440729	-	185	2
Hillshade_9am	Wilderness_Area2	369	0.440723	-	207	2
Horizontal_Distance_To_Hydrology	Wilderness_Area2	908	0.440722	Hist	551	2
Vertical_Distance_To_Hydrology	Wilderness_Area2	1116	0.440721	Hist	700	2
Horizontal_Distance_To_Roadways	Soil_Type31	8572	0.440311	Hist	5785	2
Hillshade_3pm	Soil_Type31	463	0.440294	-	255	2
Elevation	Soil_Type31	2845	0.440284	Hist	1978	2
Hillshade_9am	Soil_Type31	345	0.440284	-	207	2
Aspect	Soil_Type31	721	0.440277	Hist	361	2
Hillshade_Noon	Soil_Type31	303	0.440271	-	185	2
Horizontal_Distance_To_Fire_Points	Soil_Type31	8192	0.440269	Hist	5827	2
Horizontal_Distance_To_Hydrology	Soil_Type31	1019	0.440267	Hist	551	2
Vertical_Distance_To_Hydrology	Soil_Type31	1211	0.440266	Hist	700	2
Hillshade_Noon	Soil_Type24	300	0.439845	-	185	2
Hillshade_9am	Soil_Type24	369	0.439827	-	207	2
Hillshade_3pm	Soil_Type24	466	0.439826	-	255	2
Aspect	Soil_Type24	718	0.439819	Hist	361	2
Elevation	Soil_Type24	2804	0.43981	Hist	1978	2
Horizontal_Distance_To_Roadways	Soil_Type24	9526	0.439799	Hist	5785	2
Vertical_Distance_To_Hydrology	Soil_Type24	1131	0.439797	Hist	700	2
Horizontal_Distance_To_Fire_Points	Soil_Type24	9143	0.439797	Hist	5827	2
Horizontal_Distance_To_Hydrology	Soil_Type24	991	0.43979	Hist	551	2
Hillshade_3pm	Soil_Type13	509	0.439491	-	255	2
Elevation	Soil_Type38	2320	0.439437	Hist	1978	2
Elevation	Soil_Type13	2765	0.439424	Hist	1978	2
Hillshade_Noon	Soil_Type13	323	0.43942	-	185	2
Hillshade_9am	Soil_Type13	405	0.439418	-	207	2
Aspect	Soil_Type13	722	0.439417	Hist	361	2
Horizontal_Distance_To_Roadways	Soil_Type13	8377	0.439399	Hist	5785	2
Horizontal_Distance_To_Fire_Points	Soil_Type13	7427	0.439395	Hist	5827	2
Vertical_Distance_To_Hydrology	Soil_Type13	1178	0.439382	Hist	700	2
Horizontal_Distance_To_Hydrology	Soil_Type13	945	0.439376	Hist	551	2
Hillshade_3pm	Soil_Type38	459	0.439208	-	255	2
Aspect	Soil_Type38	722	0.439189	Hist	361	2
Horizontal_Distance_To_Fire_Points	Soil_Type38	8782	0.439184	Hist	5827	2
Hillshade_Noon	Soil_Type38	295	0.439181	-	185	2
Horizontal_Distance_To_Roadways	Soil_Type38	10142	0.43918	Hist	5785	2
Horizontal_Distance_To_Hydrology	Soil_Type38	1004	0.43918	Hist	551	2
Hillshade_9am	Soil_Type38	329	0.439179	-	207	2
Vertical_Distance_To_Hydrology	Soil_Type38	1056	0.439178	Hist	700	2
Elevation	Soil_Type39	2505	0.439137	Hist	1978	2
Hillshade_3pm	Soil_Type39	506	0.43904	-	255	2
Aspect	Soil_Type39	722	0.439002	Hist	361	2
Horizontal_Distance_To_Roadways	Soil_Type39	9147	0.439	Hist	5785	2
Hillshade_9am	Soil_Type39	401	0.438996	-	207	2
Hillshade_Noon	Soil_Type39	333	0.438995	-	185	2
Vertical_Distance_To_Hydrology	Soil_Type39	1089	0.438992	Hist	700	2
Horizontal_Distance_To_Fire_Points	Soil_Type39	8782	0.438988	Hist	5827	2
Horizontal_Distance_To_Hydrology	Soil_Type39	900	0.438987	Hist	551	2
Elevation	Soil_Type4	2891	0.438918	Hist	1978	2
Elevation	Soil_Type11	2656	0.438899	Hist	1978	2
Hillshade_3pm	Soil_Type4	499	0.438878	-	255	2
Hillshade_3pm	Soil_Type11	438	0.438878	-	255	2
Aspect	Soil_Type4	718	0.438871	Hist	361	2
Hillshade_Noon	Soil_Type4	301	0.438861	-	185	2
Aspect	Soil_Type11	717	0.438852	Hist	361	2
Horizontal_Distance_To_Roadways	Soil_Type11	7937	0.438847	Hist	5785	2
Hillshade_Noon	Soil_Type11	271	0.438844	-	185	2
Horizontal_Distance_To_Fire_Points	Soil_Type11	7652	0.438843	Hist	5827	2
Horizontal_Distance_To_Fire_Points	Soil_Type4	7513	0.438843	Hist	5827	2
Hillshade_9am	Soil_Type11	330	0.438841	-	207	2
Hillshade_9am	Soil_Type4	371	0.438841	-	207	2
Horizontal_Distance_To_Roadways	Soil_Type4	7810	0.438841	Hist	5785	2
Vertical_Distance_To_Hydrology	Soil_Type11	990	0.438838	Hist	700	2
Vertical_Distance_To_Hydrology	Soil_Type4	1094	0.438838	Hist	700	2
Horizontal_Distance_To_Hydrology	Soil_Type11	832	0.438836	Hist	551	2
Horizontal_Distance_To_Hydrology	Soil_Type4	791	0.438835	Hist	551	2
Elevation	Soil_Type40	2362	0.438819	Hist	1978	2
Hillshade_3pm	Soil_Type20	414	0.438529	-	255	2
Horizontal_Distance_To_Hydrology	Soil_Type20	845	0.43852	Hist	551	2
Vertical_Distance_To_Hydrology	Soil_Type20	910	0.43851	Hist	700	2
Aspect	Soil_Type20	718	0.438508	Hist	361	2
Elevation	Soil_Type20	2755	0.438504	Hist	1978	2
Horizontal_Distance_To_Fire_Points	Soil_Type20	9542	0.438501	Hist	5827	2
Hillshade_9am	Soil_Type20	313	0.438501	-	207	2
Hillshade_Noon	Soil_Type20	272	0.438499	-	185	2
Horizontal_Distance_To_Roadways	Soil_Type20	9683	0.438498	Hist	5785	2
Hillshade_3pm	Soil_Type40	491	0.438481	-	255	2
Aspect	Soil_Type40	722	0.438455	Hist	361	2
Horizontal_Distance_To_Hydrology	Soil_Type40	1021	0.438447	Hist	551	2
Vertical_Distance_To_Hydrology	Soil_Type40	1179	0.438447	Hist	700	2
Horizontal_Distance_To_Fire_Points	Soil_Type40	8393	0.438445	Hist	5827	2
Horizontal_Distance_To_Roadways	Soil_Type40	8890	0.438444	Hist	5785	2
Hillshade_Noon	Soil_Type40	304	0.438444	-	185	2
Hillshade_9am	Soil_Type40	359	0.438443	-	207	2
Elevation	Soil_Type2	2739	0.43836	Hist	1978	2
Hillshade_3pm	Soil_Type2	455	0.438345	-	255	2
Aspect	Soil_Type2	721	0.438323	Hist	361	2
Horizontal_Distance_To_Fire_Points	Soil_Type2	7078	0.438316	Hist	5827	2
Horizontal_Distance_To_Roadways	Soil_Type2	7353	0.438315	Hist	5785	2
Vertical_Distance_To_Hydrology	Soil_Type2	1046	0.438313	Hist	700	2
Hillshade_Noon	Soil_Type2	277	0.438312	-	185	2
Hillshade_9am	Soil_Type2	332	0.438311	-	207	2
Horizontal_Distance_To_Hydrology	Soil_Type2	707	0.438311	Hist	551	2
Elevation	Soil_Type6	2598	0.438288	Hist	1978	2
Hillshade_3pm	Soil_Type6	484	0.438243	-	255	2
Horizontal_Distance_To_Roadways	Soil_Type6	6478	0.438219	Hist	5785	2
Aspect	Soil_Type6	721	0.438218	Hist	361	2
Horizontal_Distance_To_Fire_Points	Soil_Type6	6809	0.438213	Hist	5827	2
Vertical_Distance_To_Hydrology	Soil_Type6	982	0.438211	Hist	700	2
Hillshade_9am	Soil_Type6	347	0.438208	-	207	2
Horizontal_Distance_To_Hydrology	Soil_Type6	718	0.438208	Hist	551	2
Hillshade_Noon	Soil_Type6	309	0.438208	-	185	2
Hillshade_3pm	Soil_Type3	492	0.438064	-	255	2
Elevation	Soil_Type3	2819	0.438047	Hist	1978	2
Aspect	Soil_Type3	647	0.438034	Hist	361	2
Hillshade_9am	Soil_Type3	340	0.438028	-	207	2
Horizontal_Distance_To_Fire_Points	Soil_Type3	6616	0.438026	Hist	5827	2
Hillshade_Noon	Soil_Type3	299	0.438022	-	185	2
Vertical_Distance_To_Hydrology	Soil_Type3	1052	0.438022	Hist	700	2
Horizontal_Distance_To_Roadways	Soil_Type3	6629	0.438022	Hist	5785	2
Horizontal_Distance_To_Hydrology	Soil_Type3	687	0.438019	Hist	551	2
Hillshade_3pm	Soil_Type19	396	0.437966	-	255	2
Aspect	Soil_Type19	713	0.437943	Hist	361	2
Vertical_Distance_To_Hydrology	Soil_Type19	839	0.437936	Hist	700	2
Horizontal_Distance_To_Roadways	Soil_Type19	8160	0.437935	Hist	5785	2
Elevation	Soil_Type19	2399	0.437935	Hist	1978	2
Hillshade_9am	Soil_Type19	303	0.437935	-	207	2
Horizontal_Distance_To_Hydrology	Soil_Type19	778	0.437934	Hist	551	2
Horizontal_Distance_To_Fire_Points	Soil_Type19	7735	0.437934	Hist	5827	2
Hillshade_3pm	Soil_Type17	422	0.437901	-	255	2
Aspect	Soil_Type17	715	0.437879	Hist	361	2
Elevation	Soil_Type17	2772	0.437875	Hist	1978	2
Horizontal_Distance_To_Hydrology	Soil_Type17	732	0.437874	Hist	551	2
Elevation	Soil_Type1	2587	0.437873	Hist	1978	2
Vertical_Distance_To_Hydrology	Soil_Type17	826	0.437872	Hist	700	2
Horizontal_Distance_To_Roadways	Soil_Type17	6975	0.43787	Hist	5785	2
Horizontal_Distance_To_Fire_Points	Soil_Type17	7199	0.437869	Hist	5827	2
Hillshade_9am	Soil_Type17	338	0.437869	-	207	2
Hillshade_Noon	Soil_Type17	271	0.437869	-	185	2
Hillshade_3pm	Soil_Type1	501	0.437868	-	255	2
Hillshade_3pm	Soil_Type16	392	0.437839	-	255	2
Aspect	Soil_Type1	709	0.437839	Hist	361	2
Hillshade_Noon	Soil_Type1	323	0.43783	-	185	2
Horizontal_Distance_To_Fire_Points	Soil_Type1	6332	0.437829	Hist	5827	2
Vertical_Distance_To_Hydrology	Soil_Type1	1002	0.437829	Hist	700	2
Hillshade_9am	Soil_Type1	357	0.437829	-	207	2
Horizontal_Distance_To_Roadways	Soil_Type1	6356	0.437827	Hist	5785	2
Horizontal_Distance_To_Hydrology	Soil_Type1	673	0.437826	Hist	551	2
Aspect	Soil_Type16	716	0.437816	Hist	361	2
Hillshade_3pm	Soil_Type26	383	0.437812	-	255	2
Horizontal_Distance_To_Hydrology	Soil_Type16	645	0.43781	Hist	551	2
Vertical_Distance_To_Hydrology	Soil_Type16	777	0.43781	Hist	700	2
Elevation	Soil_Type16	2601	0.437808	Hist	1978	2
Horizontal_Distance_To_Fire_Points	Soil_Type16	7735	0.437808	Hist	5827	2
Horizontal_Distance_To_Roadways	Soil_Type16	7572	0.437807	Hist	5785	2
Hillshade_9am	Soil_Type16	334	0.437807	-	207	2
Hillshade_Noon	Soil_Type16	275	0.437807	-	185	2
Aspect	Soil_Type26	635	0.437789	Hist	361	2
Vertical_Distance_To_Hydrology	Soil_Type26	869	0.437781	Hist	700	2
Elevation	Soil_Type26	2355	0.43778	Hist	1978	2
Horizontal_Distance_To_Fire_Points	Soil_Type26	6996	0.43778	Hist	5827	2
Horizontal_Distance_To_Roadways	Soil_Type26	6918	0.43778	Hist	5785	2
Hillshade_9am	Soil_Type26	279	0.43778	-	207	2
Horizontal_Distance_To_Hydrology	Soil_Type26	837	0.437779	Hist	551	2
Hillshade_3pm	Soil_Type35	393	0.437739	-	255	2
Hillshade_3pm	Soil_Type18	352	0.437738	-	255	2
Aspect	Soil_Type18	617	0.437717	Hist	361	2
Elevation	Soil_Type18	2145	0.437716	Hist	1978	2
Aspect	Soil_Type35	662	0.437715	Hist	361	2
Elevation	Soil_Type35	2283	0.437711	Hist	1978	2
Hillshade_3pm	Soil_Type5	479	0.437709	-	255	2
Hillshade_3pm	Soil_Type34	403	0.437708	-	255	2
Horizontal_Distance_To_Fire_Points	Soil_Type18	7179	0.437707	Hist	5827	2
Horizontal_Distance_To_Roadways	Soil_Type18	6362	0.437706	Hist	5785	2
Vertical_Distance_To_Hydrology	Soil_Type18	773	0.437706	Hist	700	2
Hillshade_9am	Soil_Type18	272	0.437706	-	207	2
Vertical_Distance_To_Hydrology	Soil_Type35	939	0.437706	Hist	700	2
Horizontal_Distance_To_Fire_Points	Soil_Type35	7037	0.437705	Hist	5827	2
Horizontal_Distance_To_Hydrology	Soil_Type18	692	0.437704	Hist	551	2
Hillshade_9am	Soil_Type35	283	0.437704	-	207	2
Hillshade_Noon	Soil_Type35	265	0.437704	-	185	2
Horizontal_Distance_To_Roadways	Soil_Type35	6897	0.437704	Hist	5785	2
Horizontal_Distance_To_Hydrology	Soil_Type35	810	0.437704	Hist	551	2
Elevation	Soil_Type5	2506	0.437688	Hist	1978	2
Aspect	Soil_Type34	668	0.437684	Hist	361	2
Aspect	Soil_Type5	635	0.437683	Hist	361	2
Vertical_Distance_To_Hydrology	Soil_Type34	994	0.437676	Hist	700	2
Vertical_Distance_To_Hydrology	Soil_Type5	944	0.437675	Hist	700	2
Horizontal_Distance_To_Fire_Points	Soil_Type34	6524	0.437674	Hist	5827	2
Hillshade_9am	Soil_Type34	302	0.437674	-	207	2
Horizontal_Distance_To_Roadways	Soil_Type34	6910	0.437674	Hist	5785	2
Horizontal_Distance_To_Hydrology	Soil_Type34	974	0.437674	Hist	551	2
Hillshade_9am	Soil_Type5	367	0.437674	-	207	2
Elevation	Soil_Type34	2489	0.437673	Hist	1978	2
Hillshade_Noon	Soil_Type5	310	0.437673	-	185	2
Horizontal_Distance_To_Fire_Points	Soil_Type5	6338	0.437673	Hist	5827	2
Horizontal_Distance_To_Roadways	Soil_Type5	6162	0.437672	Hist	5785	2
Horizontal_Distance_To_Hydrology	Soil_Type5	688	0.437672	Hist	551	2
Hillshade_3pm	Soil_Type9	367	0.437659	-	255	2
Hillshade_3pm	Soil_Type27	414	0.437653	-	255	2
Hillshade_3pm	Soil_Type28	409	0.437639	-	255	2
Aspect	Soil_Type9	613	0.437635	Hist	361	2
Aspect	Soil_Type27	541	0.437627	Hist	361	2
Elevation	Soil_Type9	2116	0.437627	Hist	1978	2
Vertical_Distance_To_Hydrology	Soil_Type9	801	0.437625	Hist	700	2
Hillshade_3pm	Soil_Type21	331	0.437625	-	255	2
Horizontal_Distance_To_Fire_Points	Soil_Type9	6330	0.437624	Hist	5827	2
Hillshade_9am	Soil_Type9	273	0.437624	-	207	2
Horizontal_Distance_To_Roadways	Soil_Type9	6230	0.437624	Hist	5785	2
Horizontal_Distance_To_Hydrology	Soil_Type9	631	0.437623	Hist	551	2
Vertical_Distance_To_Hydrology	Soil_Type27	1069	0.437619	Hist	700	2
Hillshade_9am	Soil_Type27	314	0.437618	-	207	2
Horizontal_Distance_To_Fire_Points	Soil_Type27	6323	0.437617	Hist	5827	2
Horizontal_Distance_To_Roadways	Soil_Type27	6497	0.437617	Hist	5785	2
Horizontal_Distance_To_Hydrology	Soil_Type27	893	0.437617	Hist	551	2
Elevation	Soil_Type27	2413	0.437617	Hist	1978	2
Aspect	Soil_Type28	587	0.437612	Hist	361	2
Hillshade_9am	Soil_Type28	372	0.437606	-	207	2
Vertical_Distance_To_Hydrology	Soil_Type28	1055	0.437604	Hist	700	2
Horizontal_Distance_To_Roadways	Soil_Type28	6037	0.437603	Hist	5785	2
Horizontal_Distance_To_Fire_Points	Soil_Type28	6328	0.437603	Hist	5827	2
Hillshade_Noon	Soil_Type28	287	0.437602	-	185	2
Elevation	Soil_Type28	2313	0.437602	Hist	1978	2
Horizontal_Distance_To_Hydrology	Soil_Type28	773	0.437602	Hist	551	2
Aspect	Soil_Type21	576	0.4376	Hist	361	2
Hillshade_3pm	Soil_Type14	410	0.4376	-	255	2
Vertical_Distance_To_Hydrology	Soil_Type21	766	0.437593	Hist	700	2
Hillshade_9am	Soil_Type21	274	0.437591	-	207	2
Horizontal_Distance_To_Fire_Points	Soil_Type21	6368	0.437591	Hist	5827	2
Horizontal_Distance_To_Roadways	Soil_Type21	6379	0.43759	Hist	5785	2
Horizontal_Distance_To_Hydrology	Soil_Type21	576	0.43759	Hist	551	2
Elevation	Soil_Type21	2330	0.43759	Hist	1978	2
Hillshade_3pm	Soil_Type25	363	0.437588	-	255	2
Aspect	Soil_Type14	625	0.437575	Hist	361	2
Hillshade_3pm	Soil_Type37	349	0.437568	-	255	2
Vertical_Distance_To_Hydrology	Soil_Type14	740	0.437567	Hist	700	2
Elevation	Soil_Type14	2290	0.437565	Hist	1978	2
Hillshade_9am	Soil_Type14	329	0.437565	-	207	2
Horizontal_Distance_To_Fire_Points	Soil_Type14	6129	0.437565	Hist	5827	2
Hillshade_Noon	Soil_Type14	268	0.437565	-	185	2
Horizontal_Distance_To_Roadways	Soil_Type14	6136	0.437565	Hist	5785	2
Horizontal_Distance_To_Hydrology	Soil_Type14	558	0.437565	Hist	551	2
Aspect	Soil_Type25	439	0.437562	Hist	361	2
Hillshade_3pm	Soil_Type8	303	0.437554	-	255	2
Vertical_Distance_To_Hydrology	Soil_Type25	934	0.437553	Hist	700	2
Horizontal_Distance_To_Fire_Points	Soil_Type25	6263	0.437552	Hist	5827	2
Horizontal_Distance_To_Roadways	Soil_Type25	5910	0.437551	Hist	5785	2
Elevation	Soil_Type25	2140	0.437551	Hist	1978	2
Horizontal_Distance_To_Hydrology	Soil_Type25	701	0.437551	Hist	551	2
Hillshade_3pm	Soil_Type36	303	0.437548	-	255	2
Hillshade_3pm	Soil_Type7	297	0.437546	-	255	2
Aspect	Soil_Type37	465	0.437543	Hist	361	2
Hillshade_3pm	Soil_Type15	258	0.437536	-	255	2
Vertical_Distance_To_Hydrology	Soil_Type37	797	0.437534	Hist	700	2
Hillshade_9am	Soil_Type37	267	0.437533	-	207	2
Horizontal_Distance_To_Fire_Points	Soil_Type37	6082	0.437533	Hist	5827	2
Hillshade_Noon	Soil_Type37	260	0.437533	-	185	2
Horizontal_Distance_To_Roadways	Soil_Type37	6024	0.437532	Hist	5785	2
Elevation	Soil_Type37	2126	0.437532	Hist	1978	2
Horizontal_Distance_To_Hydrology	Soil_Type37	630	0.437532	Hist	551	2
Aspect	Soil_Type8	457	0.43753	Hist	361	2
Aspect	Soil_Type36	413	0.437523	Hist	361	2
Aspect	Soil_Type7	423	0.437522	Hist	361	2
Vertical_Distance_To_Hydrology	Soil_Type8	716	0.437522	Hist	700	2
Horizontal_Distance_To_Fire_Points	Soil_Type8	5994	0.43752	Hist	5827	2
Horizontal_Distance_To_Roadways	Soil_Type8	5955	0.43752	Hist	5785	2
Horizontal_Distance_To_Hydrology	Soil_Type8	631	0.437519	Hist	551	2
Elevation	Soil_Type8	1989	0.437519	Hist	1978	2
Vertical_Distance_To_Hydrology	Soil_Type36	760	0.437515	Hist	700	2
Vertical_Distance_To_Hydrology	Soil_Type7	713	0.437514	Hist	700	2
Horizontal_Distance_To_Fire_Points	Soil_Type36	5924	0.437513	Hist	5827	2
Horizontal_Distance_To_Roadways	Soil_Type36	5899	0.437513	Hist	5785	2
Horizontal_Distance_To_Hydrology	Soil_Type36	651	0.437513	Hist	551	2
Elevation	Soil_Type36	2049	0.437513	Hist	1978	2
Horizontal_Distance_To_Fire_Points	Soil_Type7	5882	0.437512	Hist	5827	2
Horizontal_Distance_To_Roadways	Soil_Type7	5882	0.437512	Hist	5785	2
Elevation	Soil_Type7	1986	0.437511	Hist	1978	2
Horizontal_Distance_To_Hydrology	Soil_Type7	606	0.437511	Hist	551	2
Aspect	Soil_Type15	364	0.437511	Hist	361	2
Vertical_Distance_To_Hydrology	Soil_Type15	702	0.437503	Hist	700	2
Horizontal_Distance_To_Fire_Points	Soil_Type15	5830	0.437501	Hist	5827	2
Horizontal_Distance_To_Roadways	Soil_Type15	5788	0.437501	Hist	5785	2
Horizontal_Distance_To_Hydrology	Soil_Type15	553	0.4375	Hist	551	2
Elevation	Soil_Type15	1981	0.4375	Hist	1978	2
Elevation	Cover_Type	6132	0.15177	Hist	1978	7
Hillshade_9am	Hillshade_3pm	17413	0.124688	-	207	255
Wilderness_Area1	Wilderness_Area3	3	0.123274	-	2	2
Slope	Cover_Type	373	0.0932672	-	67	7
Hillshade_9am	Cover_Type	1162	0.0926674	-	207	7
Horizontal_Distance_To_Roadways	Cover_Type	20872	0.0911249	Hist	5785	7
Hillshade_Noon	Cover_Type	1018	0.0910522	-	185	7
Slope	Hillshade_Noon	3242	0.0909017	-	67	185
Horizontal_Distance_To_Fire_Points	Cover_Type	20345	0.0908622	Hist	5827	7
Hillshade_3pm	Cover_Type	1672	0.0907681	-	255	7
Horizontal_Distance_To_Hydrology	Cover_Type	2223	0.0894538	-	551	7
Aspect	Cover_Type	2510	0.0892939	-	361	7
Vertical_Distance_To_Hydrology	Cover_Type	3096	0.0886038	-	700	7
Aspect	Hillshade_3pm	21846	0.0857204	-	361	255
Aspect	Hillshade_9am	19092	0.0776787	-	361	207
Slope	Hillshade_9am	4334	0.0702271	-	67	207
Slope	Hillshade_3pm	6093	0.0654492	-	67	255
Aspect	Hillshade_Noon	18985	0.0607364	-	361	185
Wilderness_Area1	Cover_Type	11	0.0408868	-	2	7
Hillshade_Noon	Hillshade_3pm	17596	0.0377536	-	185	255
Wilderness_Area4	Cover_Type	10	0.0343375	-	2	7
Wilderness_Area1	Soil_Type29	4	0.0269869	-	2	2
Slope	Wilderness_Area1	127	0.0253347	-	67	2
Horizontal_Distance_To_Hydrology	Vertical_Distance_To_Hydrology	66824	0.0234087	-	551	700
Wilderness_Area3	Soil_Type29	3	0.0165503	-	2	2
Soil_Type10	Cover_Type	13	0.0123683	-	2	7
Elevation	Horizontal_Distance_To_Roadways	504832	0.011425	-	1978	5785
Slope	Wilderness_Area3	127	0.0109419	-	67	2
Hillshade_9am	Hillshade_Noon	15988	0.00983514	-	207	185
Elevation	Slope	52452	0.00819359	-	1978	67
Elevation	Horizontal_Distance_To_Fire_Points	492613	0.00708312	-	1978	5827
Soil_Type29	Cover_Type	11	0.00659908	-	2	7
Elevation	Hillshade_Noon	105231	0.00659356	-	1978	185
Elevation	Hillshade_9am	129440	0.00637803	-	1978	207
Slope	Wilderness_Area4	118	0.00502202	-	67	2
Slope	Soil_Type23	124	0.00477754	-	67	2
Slope	Soil_Type33	119	0.00431827	-	67	2
Elevation	Hillshade_3pm	173569	0.00423484	-	1978	255
Horizontal_Distance_To_Roadways	Horizontal_Distance_To_Fire_Points	535066	0.00406096	-	5785	5827
Elevation	Horizontal_Distance_To_Hydrology	156707	0.00388799	-	1978	551
Wilderness_Area3	Soil_Type32	4	0.00386075	-	2	2
Slope	Soil_Type10	125	0.00349403	-	67	2
Soil_Type23	Cover_Type	12	0.00332214	-	2	7
Wilderness_Area1	Soil_Type32	3	0.00328385	-	2	2
Wilderness_Area3	Soil_Type33	4	0.0029211	-	2	2
Wilderness_Area3	Cover_Type	13	0.00289686	-	2	7
Slope	Vertical_Distance_To_Hydrology	16951	0.00277837	-	67	700
Soil_Type22	Cover_Type	10	0.00249424	-	2	7
Soil_Type4	Cover_Type	14	0.00247954	-	2	7
Slope	Horizontal_Distance_To_Fire_Points	110096	0.00242388	-	67	5827
Wilderness_Area1	Soil_Type33	3	0.00239404	-	2	2
Slope	Horizontal_Distance_To_Roadways	125867	0.00218101	-	67	5785
Slope	Horizontal_Distance_To_Hydrology	13765	0.00217404	-	67	551
Horizontal_Distance_To_Roadways	Hillshade_Noon	223050	0.00207719	-	5785	185
Soil_Type12	Cover_Type	9	0.00192386	-	2	7
Slope	Soil_Type32	116	0.00184143	-	67	2
Aspect	Slope	13407	0.00183472	-	361	67
Slope	Soil_Type29	119	0.00183056	-	67	2
Slope	Soil_Type12	105	0.00171109	-	67	2
Hillshade_3pm	Horizontal_Distance_To_Fire_Points	287028	0.00167551	-	255	5827
Vertical_Distance_To_Hydrology	Hillshade_9am	44916	0.00167237	-	700	207
Elevation	Vertical_Distance_To_Hydrology	161102	0.00161466	-	1978	700
Aspect	Horizontal_Distance_To_Roadways	417873	0.00161325	-	361	5785
Wilderness_Area1	Wilderness_Area4	3	0.00158055	-	2	2
Wilderness_Area1	Soil_Type30	3	0.00156746	-	2	2
Wilderness_Area1	Soil_Type12	3	0.00154629	-	2	2
Elevation	Aspect	270725	0.00153821	-	1978	361
Wilderness_Area3	Wilderness_Area4	3	0.00145791	-	2	2
Vertical_Distance_To_Hydrology	Hillshade_3pm	61691	0.00136549	-	700	255
Horizontal_Distance_To_Roadways	Hillshade_3pm	322556	0.00126962	-	5785	255
Hillshade_9am	Horizontal_Distance_To_Fire_Points	228296	0.00125779	-	207	5827
Slope	Soil_Type13	121	0.00125015	-	67	2
Soil_Type2	Cover_Type	12	0.00123505	-	2	7
Wilderness_Area1	Soil_Type10	3	0.00122194	-	2	2
Horizontal_Distance_To_Hydrology	Horizontal_Distance_To_Roadways	285143	0.00120634	-	551	5785
Wilderness_Area3	Soil_Type31	4	0.00108453	-	2	2
Vertical_Distance_To_Hydrology	Hillshade_Noon	36016	0.00106603	-	700	185
Soil_Type30	Cover_Type	11	0.00106503	-	2	7
Hillshade_Noon	Horizontal_Distance_To_Fire_Points	196728	0.00102611	-	185	5827
Wilderness_Area2	Cover_Type	10	0.00102134	-	2	7
Wilderness_Area1	Wilderness_Area2	3	0.00101956	-	2	2
Aspect	Horizontal_Distance_To_Fire_Points	388646	0.000965172	AVI	361	5827
Wilderness_Area3	Soil_Type30	3	0.00095904	AVI	2	2
Wilderness_Area3	Soil_Type12	3	0.000946087	AVI	2	2
Soil_Type32	Cover_Type	13	0.000943302	AVI	2	7
Wilderness_Area2	Wilderness_Area3	3	0.000940452	AVI	2	2
Horizontal_Distance_To_Roadways	Hillshade_9am	262798	0.000920833	AVI	5785	207
Horizontal_Distance_To_Hydrology	Hillshade_3pm	49401	0.000919925	AVI	551	255
Horizontal_Distance_To_Hydrology	Hillshade_9am	36154	0.000906315	AVI	551	207
Soil_Type6	Cover_Type	11	0.00089489	AVI	2	7
Soil_Type3	Cover_Type	11	0.000877782	AVI	2	7
Wilderness_Area4	Soil_Type10	4	0.000840745	AVI	2	2
Wilderness_Area1	Soil_Type31	3	0.000746347	AVI	2	2
Horizontal_Distance_To_Hydrology	Hillshade_Noon	28651	0.000740511	AVI	551	185
Aspect	Vertical_Distance_To_Hydrology	92830	0.000633247	AVI	361	700
Soil_Type33	Cover_Type	13	0.000608964	AVI	2	7
Soil_Type13	Cover_Type	13	0.000543133	AVI	2	7
Soil_Type23	Soil_Type29	3	0.00053844	AVI	2	2
Slope	Soil_Type24	109	0.000524307	AVI	67	2
Vertical_Distance_To_Hydrology	Horizontal_Distance_To_Roadways	326872	0.000513681	AVI	700	5785
Wilderness_Area3	Soil_Type13	4	0.000496475	AVI	2	2
Soil_Type38	Cover_Type	10	0.000453966	AVI	2	7
Soil_Type29	Soil_Type32	3	0.000440874	AVI	2	2
Slope	Soil_Type4	118	0.000425208	AVI	67	2
Aspect	Horizontal_Distance_To_Hydrology	78957	0.000402429	AVI	361	551
Vertical_Distance_To_Hydrology	Horizontal_Distance_To_Fire_Points	297980	0.000397121	AVI	700	5827
Slope	Soil_Type31	111	0.000393568	AVI	67	2
Slope	Soil_Type30	127	0.000391759	AVI	67	2
Soil_Type39	Cover_Type	10	0.000385399	AVI	2	7
Horizontal_Distance_To_Hydrology	Horizontal_Distance_To_Fire_Points	259984	0.000379952	AVI	551	5827
Wilderness_Area1	Soil_Type13	3	0.000339215	AVI	2	2
Soil_Type29	Soil_Type33	3	0.000321414	AVI	2	2
Wilderness_Area3	Soil_Type24	4	0.000265142	AVI	2	2
Soil_Type1	Cover_Type	10	0.000261576	AVI	2	7
Wilderness_Area1	Soil_Type24	4	0.000246578	AVI	2	2
Soil_Type31	Cover_Type	12	0.000245415	AVI	2	7
Soil_Type11	Cover_Type	13	0.000237355	AVI	2	7
Soil_Type24	Cover_Type	12	0.000232966	AVI	2	7
Slope	Soil_Type39	119	0.000230323	AVI	67	2
Wilderness_Area3	Soil_Type11	4	0.000220017	AVI	2	2
Soil_Type17	Cover_Type	13	0.000217823	AVI	2	7
Slope	Soil_Type22	113	0.000215759	AVI	67	2
Wilderness_Area3	Soil_Type22	4	0.000213615	AVI	2	2
Wilderness_Area4	Soil_Type29	3	0.000212199	AVI	2	2
Slope	Soil_Type3	113	0.00018153	AVI	67	2
Wilderness_Area3	Soil_Type4	4	0.000177615	AVI	2	2
Soil_Type22	Soil_Type29	3	0.000171798	AVI	2	2
Wilderness_Area1	Soil_Type11	3	0.000170422	AVI	2	2
Wilderness_Area1	Soil_Type4	3	0.000170035	AVI	2	2
Soil_Type10	Soil_Type29	3	0.000164052	AVI	2	2
Slope	Soil_Type38	108	0.000157065	AVI	67	2
Soil_Type40	Cover_Type	10	0.00014346	AVI	2	7
Soil_Type29	Soil_Type30	3	0.000139588	AVI	2	2
Soil_Type12	Soil_Type29	3	0.000137701	AVI	2	2
Wilderness_Area2	Soil_Type29	4	0.000133485	AVI	2	2
Wilderness_Area1	Soil_Type22	4	0.000124257	AVI	2	2
Slope	Soil_Type11	103	0.000122526	AVI	67	2
Wilderness_Area4	Soil_Type6	3	0.000121287	AVI	2	2
Slope	Wilderness_Area2	110	0.000106788	AVI	67	2
Slope	Soil_Type20	107	0.00010582	AVI	67	2
Soil_Type29	Soil_Type31	3	0.000100202	AVI	2	2
Wilderness_Area3	Soil_Type23	4	9.86777e-05	AVI	2	2
Soil_Type23	Soil_Type32	3	9.85467e-05	AVI	2	2
Slope	Soil_Type19	96	9.83575e-05	AVI	67	2
Wilderness_Area2	Soil_Type23	4	9.31364e-05	AVI	2	2
Slope	Soil_Type1	116	8.15031e-05	AVI	67	2
Soil_Type5	Cover_Type	10	7.24032e-05	AVI	2	7
Soil_Type23	Soil_Type33	3	7.18434e-05	AVI	2	2
Soil_Type24	Soil_Type29	3	6.833e-05	AVI	2	2
Wilderness_Area1	Soil_Type2	3	6.21264e-05	AVI	2	2
Soil_Type32	Soil_Type33	3	5.88257e-05	AVI	2	2
Wilderness_Area4	Soil_Type23	3	4.74324e-05	AVI	2	2
Wilderness_Area1	Soil_Type6	3	4.7352e-05	AVI	2	2
Soil_Type13	Soil_Type29	3	4.55415e-05	AVI	2	2
Wilderness_Area2	Soil_Type22	4	4.40554e-05	AVI	2	2
Wilderness_Area3	Soil_Type6	3	4.36774e-05	AVI	2	2
Wilderness_Area1	Soil_Type23	4	4.05042e-05	AVI	2	2
Hillshade_Noon	Soil_Type19	251	3.99686e-05	AVI	185	2
Wilderness_Area4	Soil_Type32	3	3.88365e-05	AVI	2	2
Soil_Type22	Soil_Type23	3	3.84008e-05	AVI	2	2
Wilderness_Area1	Soil_Type20	4	3.68086e-05	AVI	2	2
Soil_Type10	Soil_Type23	3	3.66696e-05	AVI	2	2
Soil_Type29	Soil_Type38	3	3.62308e-05	AVI	2	2
Soil_Type22	Soil_Type32	3	3.14429e-05	AVI	2	2
Soil_Type23	Soil_Type30	3	3.12019e-05	AVI	2	2
Soil_Type12	Soil_Type23	3	3.078e-05	AVI	2	2
Soil_Type10	Soil_Type32	3	3.00245e-05	AVI	2	2
Soil_Type29	Soil_Type39	3	2.83865e-05	AVI	2	2
Wilderness_Area4	Soil_Type33	3	2.83143e-05	AVI	2	2
Wilderness_Area4	Soil_Type1	3	2.56167e-05	AVI	2	2
Soil_Type30	Soil_Type32	3	2.55472e-05	AVI	2	2
Wilderness_Area1	Soil_Type3	3	2.54025e-05	AVI	2	2
Soil_Type14	Cover_Type	10	2.52883e-05	AVI	2	7
Soil_Type12	Soil_Type32	3	2.52025e-05	AVI	2	2
Wilderness_Area3	Soil_Type2	4	2.34594e-05	AVI	2	2
Soil_Type22	Soil_Type33	3	2.29229e-05	AVI	2	2
Soil_Type11	Soil_Type29	3	2.2881e-05	AVI	2	2
Soil_Type4	Soil_Type29	3	2.28276e-05	AVI	2	2
Soil_Type20	Cover_Type	12	2.269e-05	AVI	2	7
Soil_Type23	Soil_Type31	3	2.23973e-05	AVI	2	2
Slope	Soil_Type5	106	2.20714e-05	AVI	67	2
Soil_Type10	Soil_Type33	3	2.18896e-05	AVI	2	2
Soil_Type30	Soil_Type33	3	1.86255e-05	AVI	2	2
Soil_Type12	Soil_Type33	3	1.83732e-05	AVI	2	2
Soil_Type31	Soil_Type32	3	1.83384e-05	AVI	2	2
Slope	Soil_Type40	111	1.81958e-05	AVI	67	2
Hillshade_Noon	Soil_Type26	256	1.81851e-05	AVI	185	2
Slope	Soil_Type28	108	1.54796e-05	AVI	67	2
Soil_Type23	Soil_Type24	3	1.52737e-05	AVI	2	2
Wilderness_Area4	Soil_Type22	3	1.51339e-05	AVI	2	2
Wilderness_Area4	Soil_Type3	4	1.47204e-05	AVI	2	2
Soil_Type19	Cover_Type	11	1.40913e-05	AVI	2	7
Wilderness_Area3	Soil_Type20	4	1.34208e-05	AVI	2	2
Soil_Type31	Soil_Type33	3	1.337e-05	AVI	2	2
Slope	Soil_Type17	105	1.33652e-05	AVI	67	2
Wilderness_Area1	Soil_Type17	3	1.27571e-05	AVI	2	2
Soil_Type20	Soil_Type29	3	1.26662e-05	AVI	2	2
Soil_Type24	Soil_Type32	3	1.25056e-05	AVI	2	2
Wilderness_Area4	Soil_Type30	3	1.22968e-05	AVI	2	2
Wilderness_Area4	Soil_Type12	3	1.21305e-05	AVI	2	2
Wilderness_Area3	Soil_Type40	4	1.21062e-05	AVI	2	2
Wilderness_Area2	Wilderness_Area4	3	1.20578e-05	AVI	2	2
Soil_Type26	Cover_Type	10	1.20197e-05	AVI	2	7
Soil_Type10	Soil_Type22	3	1.16995e-05	AVI	2	2
Soil_Type29	Soil_Type40	3	1.13016e-05	AVI	2	2
Wilderness_Area3	Soil_Type26	3	1.12475e-05	AVI	2	2
Soil_Type18	Cover_Type	10	1.09765e-05	AVI	2	7
Slope	Soil_Type26	95	1.09607e-05	AVI	67	2
Soil_Type13	Soil_Type23	3	1.01797e-05	AVI	2	2
Hillshade_Noon	Soil_Type34	248	1.01635e-05	AVI	185	2
Wilderness_Area1	Soil_Type1	3	1.00011e-05	AVI	2	2
Slope	Soil_Type18	95	9.95945e-06	AVI	67	2
Soil_Type22	Soil_Type30	3	9.95505e-06	AVI	2	2
Soil_Type12	Soil_Type22	3	9.82064e-06	AVI	2	2
Soil_Type10	Soil_Type30	3	9.50625e-06	AVI	2	2
Soil_Type10	Soil_Type12	3	9.37816e-06	AVI	2	2
Wilderness_Area2	Soil_Type10	3	9.32159e-06	AVI	2	2
Wilderness_Area3	Soil_Type1	3	9.22492e-06	AVI	2	2
Soil_Type24	Soil_Type33	3	9.11725e-06	AVI	2	2
Wilderness_Area4	Soil_Type2	4	8.88738e-06	AVI	2	2
Wilderness_Area4	Soil_Type31	3	8.82687e-06	AVI	2	2
Hillshade_Noon	Soil_Type18	235	8.79184e-06	AVI	185	2
Wilderness_Area2	Soil_Type40	4	8.54826e-06	AVI	2	2
Soil_Type2	Soil_Type29	3	8.34093e-06	AVI	2	2
Soil_Type13	Soil_Type32	3	8.33527e-06	AVI	2	2
Soil_Type23	Soil_Type38	3	8.09848e-06	AVI	2	2
Soil_Type12	Soil_Type30	3	7.97968e-06	AVI	2	2
Wilderness_Area2	Soil_Type30	3	7.93198e-06	AVI	2	2
Wilderness_Area2	Soil_Type12	3	7.8247e-06	AVI	2	2
Slope	Soil_Type2	106	7.49039e-06	AVI	67	2
Slope	Soil_Type16	105	7.42902e-06	AVI	67	2
Wilderness_Area1	Soil_Type26	3	7.29135e-06	AVI	2	2
Soil_Type22	Soil_Type31	3	7.14594e-06	AVI	2	2
Wilderness_Area4	Soil_Type5	3	7.09401e-06	AVI	2	2
Wilderness_Area3	Soil_Type17	4	6.82789e-06	AVI	2	2
Soil_Type10	Soil_Type31	3	6.82364e-06	AVI	2	2
Soil_Type35	Cover_Type	10	6.71899e-06	AVI	2	7
Soil_Type32	Soil_Type38	3	6.63075e-06	AVI	2	2
Soil_Type6	Soil_Type29	3	6.35743e-06	AVI	2	2
Soil_Type23	Soil_Type39	3	6.34501e-06	AVI	2	2
Wilderness_Area3	Soil_Type19	4	6.15243e-06	AVI	2	2
Soil_Type13	Soil_Type33	3	6.07653e-06	AVI	2	2
Wilderness_Area4	Soil_Type24	3	6.01945e-06	AVI	2	2
Soil_Type16	Cover_Type	13	5.84508e-06	AVI	2	7
Soil_Type30	Soil_Type31	3	5.80631e-06	AVI	2	2
Soil_Type12	Soil_Type31	3	5.72785e-06	AVI	2	2
Slope	Soil_Type27	99	5.69391e-06	AVI	67	2
Soil_Type32	Soil_Type39	3	5.19545e-06	AVI	2	2
Wilderness_Area2	Soil_Type38	4	5.19228e-06	AVI	2	2
Soil_Type34	Cover_Type	12	5.14889e-06	AVI	2	7
Wilderness_Area1	Soil_Type18	4	5.1427e-06	AVI	2	2
Soil_Type11	Soil_Type23	3	5.11437e-06	AVI	2	2
Soil_Type4	Soil_Type23	3	5.10248e-06	AVI	2	2
Soil_Type22	Soil_Type24	3	4.87312e-06	AVI	2	2
Soil_Type33	Soil_Type38	3	4.83437e-06	AVI	2	2
Wilderness_Area1	Soil_Type19	4	4.82394e-06	AVI	2	2
Soil_Type10	Soil_Type24	3	4.65327e-06	AVI	2	2
Wilderness_Area3	Soil_Type16	4	4.42547e-06	AVI	2	2
Wilderness_Area3	Soil_Type34	3	4.3475e-06	AVI	2	2
Soil_Type11	Soil_Type32	3	4.18753e-06	AVI	2	2
Soil_Type4	Soil_Type32	3	4.17787e-06	AVI	2	2
Wilderness_Area1	Soil_Type16	4	4.02249e-06	AVI	2	2
Wilderness_Area4	Soil_Type13	3	4.01186e-06	AVI	2	2
Soil_Type24	Soil_Type30	3	3.95974e-06	AVI	2	2
Soil_Type12	Soil_Type24	3	3.90588e-06	AVI	2	2
Wilderness_Area2	Soil_Type32	4	3.85551e-06	AVI	2	2
Soil_Type33	Soil_Type39	3	3.78755e-06	AVI	2	2
Wilderness_Area3	Soil_Type18	3	3.61403e-06	AVI	2	2
Wilderness_Area3	Soil_Type38	4	3.43698e-06	AVI	2	2
Wilderness_Area2	Soil_Type24	4	3.42956e-06	AVI	2	2
Soil_Type3	Soil_Type29	3	3.41038e-06	AVI	2	2
Soil_Type13	Soil_Type22	3	3.24792e-06	AVI	2	2
Wilderness_Area4	Soil_Type38	3	3.19159e-06	AVI	2	2
Slope	Soil_Type6	112	3.19062e-06	AVI	67	2
Soil_Type21	Cover_Type	10	3.17017e-06	AVI	2	7
Hillshade_9am	Soil_Type25	249	3.14577e-06	AVI	207	2
Soil_Type10	Soil_Type13	3	3.10131e-06	AVI	2	2
Soil_Type11	Soil_Type33	3	3.05275e-06	AVI	2	2
Soil_Type4	Soil_Type33	3	3.04588e-06	AVI	2	2
Soil_Type24	Soil_Type31	3	2.84229e-06	AVI	2	2
Soil_Type20	Soil_Type23	3	2.83129e-06	AVI	2	2
Wilderness_Area1	Soil_Type34	3	2.81845e-06	AVI	2	2
Wilderness_Area1	Soil_Type5	3	2.76947e-06	AVI	2	2
Slope	Soil_Type9	92	2.65175e-06	AVI	67	2
Soil_Type13	Soil_Type30	3	2.63891e-06	AVI	2	2
Wilderness_Area2	Soil_Type31	4	2.61172e-06	AVI	2	2
Soil_Type12	Soil_Type13	3	2.60335e-06	AVI	2	2
Soil_Type22	Soil_Type38	3	2.58384e-06	AVI	2	2
Wilderness_Area3	Soil_Type5	3	2.5548e-06	AVI	2	2
Soil_Type23	Soil_Type40	3	2.5263e-06	AVI	2	2
Wilderness_Area4	Soil_Type39	3	2.50049e-06	AVI	2	2
Hillshade_Noon	Soil_Type21	232	2.48049e-06	AVI	185	2
Soil_Type10	Soil_Type38	3	2.46734e-06	AVI	2	2
Soil_Type19	Soil_Type29	3	2.36712e-06	AVI	2	2
Soil_Type20	Soil_Type32	3	2.31789e-06	AVI	2	2
Slope	Soil_Type35	102	2.25244e-06	AVI	67	2
Wilderness_Area1	Soil_Type9	3	2.15217e-06	AVI	2	2
Soil_Type28	Cover_Type	10	2.12306e-06	AVI	2	7
Soil_Type30	Soil_Type38	3	2.09956e-06	AVI	2	2
Soil_Type9	Cover_Type	9	2.08621e-06	AVI	2	7
Soil_Type12	Soil_Type38	3	2.07121e-06	AVI	2	2
Soil_Type32	Soil_Type40	3	2.06848e-06	AVI	2	2
Soil_Type22	Soil_Type39	3	2.02455e-06	AVI	2	2
Wilderness_Area3	Soil_Type27	3	1.97384e-06	AVI	2	2
Soil_Type10	Soil_Type39	3	1.93328e-06	AVI	2	2
Hillshade_Noon	Soil_Type27	250	1.90809e-06	AVI	185	2
Soil_Type13	Soil_Type31	3	1.89446e-06	AVI	2	2
Soil_Type2	Soil_Type23	3	1.86448e-06	AVI	2	2
Wilderness_Area1	Soil_Type39	4	1.73248e-06	AVI	2	2
Soil_Type17	Soil_Type29	3	1.7126e-06	AVI	2	2
Soil_Type20	Soil_Type33	3	1.68997e-06	AVI	2	2
Soil_Type30	Soil_Type39	3	1.64492e-06	AVI	2	2
Soil_Type11	Soil_Type22	3	1.63172e-06	AVI	2	2
Soil_Type4	Soil_Type22	3	1.62803e-06	AVI	2	2
Soil_Type12	Soil_Type39	3	1.62279e-06	AVI	2	2
Soil_Type10	Soil_Type11	3	1.55827e-06	AVI	2	2
Hillshade_Noon	Soil_Type9	247	1.55702e-06	AVI	185	2
Soil_Type4	Soil_Type10	3	1.55467e-06	AVI	2	2
Soil_Type2	Soil_Type32	3	1.52649e-06	AVI	2	2
Soil_Type33	Soil_Type40	3	1.50797e-06	AVI	2	2
Soil_Type31	Soil_Type38	3	1.507e-06	AVI	2	2
Wilderness_Area3	Soil_Type28	3	1.49751e-06	AVI	2	2
Wilderness_Area1	Soil_Type38	4	1.47527e-06	AVI	2	2
Soil_Type6	Soil_Type23	3	1.42104e-06	AVI	2	2
Soil_Type1	Soil_Type29	3	1.34276e-06	AVI	2	2
Wilderness_Area3	Soil_Type10	4	1.33193e-06	AVI	2	2
Soil_Type11	Soil_Type30	3	1.32599e-06	AVI	2	2
Wilderness_Area2	Soil_Type13	4	1.32521e-06	AVI	2	2
Soil_Type4	Soil_Type30	3	1.32283e-06	AVI	2	2
Wilderness_Area3	Soil_Type9	3	1.31677e-06	AVI	2	2
Soil_Type11	Soil_Type12	3	1.30791e-06	AVI	2	2
Soil_Type4	Soil_Type12	3	1.30491e-06	AVI	2	2
Wilderness_Area2	Soil_Type11	3	1.30007e-06	AVI	2	2
Wilderness_Area2	Soil_Type4	3	1.29722e-06	AVI	2	2
Soil_Type13	Soil_Type24	3	1.29177e-06	AVI	2	2
Wilderness_Area1	Soil_Type27	3	1.27978e-06	AVI	2	2
Slope	Soil_Type25	95	1.26283e-06	AVI	67	2
Soil_Type16	Soil_Type29	3	1.18255e-06	AVI	2	2
Soil_Type31	Soil_Type39	3	1.18085e-06	AVI	2	2
Wilderness_Area3	Soil_Type21	3	1.17483e-06	AVI	2	2
Slope	Soil_Type21	92	1.17146e-06	AVI	67	2
Soil_Type6	Soil_Type32	3	1.16355e-06	AVI	2	2
Wilderness_Area4	Soil_Type20	3	1.1157e-06	AVI	2	2
Soil_Type2	Soil_Type33	3	1.11292e-06	AVI	2	2
Wilderness_Area4	Soil_Type17	4	1.0531e-06	AVI	2	2
Soil_Type24	Soil_Type38	3	1.02765e-06	AVI	2	2
Wilderness_Area4	Soil_Type40	3	9.95537e-07	AVI	2	2
Soil_Type26	Soil_Type29	3	9.78908e-07	AVI	2	2
Wilderness_Area1	Soil_Type28	3	9.70806e-07	AVI	2	2
Wilderness_Area1	Soil_Type40	4	9.69175e-07	AVI	2	2
Soil_Type11	Soil_Type31	3	9.51744e-07	AVI	2	2
Soil_Type4	Soil_Type31	3	9.49558e-07	AVI	2	2
Soil_Type20	Soil_Type22	3	9.032e-07	AVI	2	2
Soil_Type10	Soil_Type20	3	8.62483e-07	AVI	2	2
Soil_Type6	Soil_Type33	3	8.48236e-07	AVI	2	2
Wilderness_Area2	Soil_Type33	4	8.28104e-07	AVI	2	2
Soil_Type22	Soil_Type40	3	8.05927e-07	AVI	2	2
Soil_Type24	Soil_Type39	3	8.05218e-07	AVI	2	2
Soil_Type27	Cover_Type	10	7.83612e-07	AVI	2	7
Slope	Soil_Type34	101	7.80539e-07	AVI	67	2
Soil_Type10	Soil_Type40	3	7.69629e-07	AVI	2	2
Soil_Type3	Soil_Type23	3	7.62269e-07	AVI	2	2
Wilderness_Area1	Soil_Type21	3	7.61638e-07	AVI	2	2
Soil_Type20	Soil_Type30	3	7.33942e-07	AVI	2	2
Soil_Type12	Soil_Type20	3	7.2409e-07	AVI	2	2
Soil_Type13	Soil_Type38	3	6.84978e-07	AVI	2	2
Soil_Type30	Soil_Type40	3	6.54902e-07	AVI	2	2
Wilderness_Area4	Soil_Type4	4	6.52466e-07	AVI	2	2
Soil_Type11	Soil_Type24	3	6.49141e-07	AVI	2	2
Soil_Type4	Soil_Type24	3	6.47543e-07	AVI	2	2
Soil_Type12	Soil_Type40	3	6.46012e-07	AVI	2	2
Wilderness_Area2	Soil_Type25	3	6.31826e-07	AVI	2	2
Soil_Type3	Soil_Type32	3	6.24178e-07	AVI	2	2
Soil_Type2	Soil_Type22	3	5.94855e-07	AVI	2	2
Slope	Soil_Type8	79	5.90346e-07	AVI	67	2
Soil_Type2	Soil_Type10	3	5.67978e-07	AVI	2	2
Wilderness_Area2	Soil_Type20	4	5.63055e-07	AVI	2	2
Soil_Type13	Soil_Type39	3	5.36656e-07	AVI	2	2
Soil_Type19	Soil_Type23	3	5.29091e-07	AVI	2	2
Soil_Type20	Soil_Type31	3	5.26815e-07	AVI	2	2
Soil_Type18	Soil_Type29	3	5.2604e-07	AVI	2	2
Soil_Type29	Soil_Type35	3	5.21593e-07	AVI	2	2
Wilderness_Area2	Soil_Type35	4	5.15695e-07	AVI	2	2
Soil_Type2	Soil_Type30	3	4.83314e-07	AVI	2	2
Wilderness_Area2	Soil_Type19	4	4.78768e-07	AVI	2	2
Soil_Type2	Soil_Type12	3	4.76822e-07	AVI	2	2
Wilderness_Area2	Soil_Type2	3	4.73944e-07	AVI	2	2
Soil_Type31	Soil_Type40	3	4.70003e-07	AVI	2	2
Soil_Type3	Soil_Type33	3	4.55e-07	AVI	2	2
Soil_Type6	Soil_Type22	3	4.53279e-07	AVI	2	2
Soil_Type19	Soil_Type32	3	4.33199e-07	AVI	2	2
Soil_Type6	Soil_Type10	3	4.32879e-07	AVI	2	2
Soil_Type11	Soil_Type13	3	4.32577e-07	AVI	2	2
Soil_Type4	Soil_Type13	3	4.31601e-07	AVI	2	2
Soil_Type38	Soil_Type39	3	4.26926e-07	AVI	2	2
Wilderness_Area1	Soil_Type14	3	3.88975e-07	AVI	2	2
Soil_Type17	Soil_Type23	3	3.82819e-07	AVI	2	2
Soil_Type29	Soil_Type34	3	3.7836e-07	AVI	2	2
Soil_Type5	Soil_Type29	3	3.71819e-07	AVI	2	2
Wilderness_Area3	Soil_Type3	4	3.71484e-07	AVI	2	2
Soil_Type6	Soil_Type30	3	3.68406e-07	AVI	2	2
Soil_Type6	Soil_Type12	3	3.63433e-07	AVI	2	2
Wilderness_Area2	Soil_Type6	3	3.61227e-07	AVI	2	2
Soil_Type20	Soil_Type24	3	3.59248e-07	AVI	2	2
Hillshade_Noon	Soil_Type25	244	3.50364e-07	AVI	185	2
Soil_Type2	Soil_Type31	3	3.469e-07	AVI	2	2
Soil_Type11	Soil_Type38	3	3.44137e-07	AVI	2	2
Soil_Type4	Soil_Type38	3	3.4334e-07	AVI	2	2
Wilderness_Area4	Soil_Type14	4	3.26024e-07	AVI	2	2
Soil_Type24	Soil_Type40	3	3.20567e-07	AVI	2	2
Soil_Type19	Soil_Type33	3	3.15871e-07	AVI	2	2
Soil_Type17	Soil_Type32	3	3.1345e-07	AVI	2	2
Soil_Type1	Soil_Type23	3	3.0015e-07	AVI	2	2
Soil_Type11	Soil_Type39	3	2.69619e-07	AVI	2	2
Soil_Type4	Soil_Type39	3	2.6898e-07	AVI	2	2
Soil_Type6	Soil_Type31	3	2.64383e-07	AVI	2	2
Soil_Type16	Soil_Type23	3	2.64349e-07	AVI	2	2
Soil_Type37	Cover_Type	8	2.53924e-07	AVI	2	7
Soil_Type1	Soil_Type32	3	2.4572e-07	AVI	2	2
Wilderness_Area1	Soil_Type25	3	2.43613e-07	AVI	2	2
Soil_Type3	Soil_Type22	3	2.43188e-07	AVI	2	2
Soil_Type13	Soil_Type20	3	2.39395e-07	AVI	2	2
Soil_Type2	Soil_Type24	3	2.3661e-07	AVI	2	2
Soil_Type3	Soil_Type10	3	2.32231e-07	AVI	2	2
Soil_Type17	Soil_Type33	3	2.28492e-07	AVI	2	2
Wilderness_Area3	Soil_Type25	3	2.24644e-07	AVI	2	2
Soil_Type23	Soil_Type26	3	2.18807e-07	AVI	2	2
Soil_Type4	Soil_Type11	3	2.16799e-07	AVI	2	2
Soil_Type16	Soil_Type32	3	2.16445e-07	AVI	2	2
Soil_Type13	Soil_Type40	3	2.13657e-07	AVI	2	2
Wilderness_Area4	Soil_Type19	3	2.08536e-07	AVI	2	2
Wilderness_Area1	Soil_Type35	4	2.00501e-07	AVI	2	2
Soil_Type3	Soil_Type30	3	1.97686e-07	AVI	2	2
Soil_Type3	Soil_Type12	3	1.94946e-07	AVI	2	2
Wilderness_Area2	Soil_Type3	3	1.93777e-07	AVI	2	2
Soil_Type9	Soil_Type29	3	1.91676e-07	AVI	2	2
Soil_Type20	Soil_Type38	3	1.90445e-07	AVI	2	2
Hillshade_Noon	Soil_Type36	204	1.87159e-07	AVI	185	2
Hillshade_Noon	Soil_Type8	212	1.81998e-07	AVI	185	2
Soil_Type6	Soil_Type24	3	1.80323e-07	AVI	2	2
Soil_Type1	Soil_Type33	3	1.7916e-07	AVI	2	2
Soil_Type26	Soil_Type32	3	1.79124e-07	AVI	2	2
Soil_Type25	Cover_Type	9	1.77999e-07	AVI	2	7
Soil_Type27	Soil_Type29	3	1.7178e-07	AVI	2	2
Soil_Type38	Soil_Type40	3	1.69924e-07	AVI	2	2
Soil_Type19	Soil_Type22	3	1.68806e-07	AVI	2	2
Soil_Type10	Soil_Type19	3	1.61179e-07	AVI	2	2
Soil_Type16	Soil_Type33	3	1.57815e-07	AVI	2	2
Soil_Type2	Soil_Type13	3	1.57693e-07	AVI	2	2
Hillshade_9am	Soil_Type8	241	1.57456e-07	AVI	207	2
Wilderness_Area2	Soil_Type39	4	1.56065e-07	AVI	2	2
Soil_Type20	Soil_Type39	3	1.49258e-07	AVI	2	2
Soil_Type3	Soil_Type31	3	1.41852e-07	AVI	2	2
Soil_Type19	Soil_Type30	3	1.37159e-07	AVI	2	2
Soil_Type12	Soil_Type19	3	1.35296e-07	AVI	2	2
Soil_Type39	Soil_Type40	3	1.33191e-07	AVI	2	2
Soil_Type26	Soil_Type33	3	1.30613e-07	AVI	2	2
Soil_Type28	Soil_Type29	3	1.30306e-07	AVI	2	2
Soil_Type2	Soil_Type38	3	1.25405e-07	AVI	2	2
Soil_Type17	Soil_Type22	3	1.22152e-07	AVI	2	2
Wilderness_Area4	Soil_Type11	4	1.21233e-07	AVI	2	2
Soil_Type11	Soil_Type20	3	1.2032e-07	AVI	2	2
Soil_Type6	Soil_Type13	3	1.20191e-07	AVI	2	2
Soil_Type4	Soil_Type20	3	1.20022e-07	AVI	2	2
Soil_Type18	Soil_Type23	3	1.17599e-07	AVI	2	2
Soil_Type10	Soil_Type17	3	1.16632e-07	AVI	2	2
Soil_Type23	Soil_Type35	3	1.16607e-07	AVI	2	2
Soil_Type11	Soil_Type40	3	1.07357e-07	AVI	2	2
Soil_Type4	Soil_Type40	3	1.07116e-07	AVI	2	2
Soil_Type21	Soil_Type29	3	1.02256e-07	AVI	2	2
Slope	Soil_Type7	80	1.00062e-07	AVI	67	2
Soil_Type17	Soil_Type30	3	9.92789e-08	AVI	2	2
Soil_Type19	Soil_Type31	3	9.84224e-08	AVI	2	2
Soil_Type2	Soil_Type39	3	9.82812e-08	AVI	2	2
Soil_Type12	Soil_Type17	3	9.7894e-08	AVI	2	2
Wilderness_Area2	Soil_Type17	3	9.73033e-08	AVI	2	2
Soil_Type3	Soil_Type24	3	9.67597e-08	AVI	2	2
Soil_Type18	Soil_Type32	3	9.62866e-08	AVI	2	2
Soil_Type1	Soil_Type22	3	9.57122e-08	AVI	2	2
Soil_Type6	Soil_Type38	3	9.55865e-08	AVI	2	2
Soil_Type32	Soil_Type35	3	9.54712e-08	AVI	2	2
Soil_Type1	Soil_Type10	3	9.14079e-08	AVI	2	2
Hillshade_9am	Soil_Type36	237	8.62484e-08	AVI	207	2
Wilderness_Area4	Soil_Type26	3	8.62417e-08	AVI	2	2
Soil_Type23	Soil_Type34	3	8.45803e-08	AVI	2	2
Soil_Type16	Soil_Type22	3	8.43495e-08	AVI	2	2
Slope	Soil_Type36	80	8.43238e-08	AVI	67	2
Soil_Type5	Soil_Type23	3	8.31213e-08	AVI	2	2
Soil_Type10	Soil_Type16	3	8.04941e-08	AVI	2	2
Soil_Type2	Soil_Type11	3	7.92176e-08	AVI	2	2
Soil_Type2	Soil_Type4	3	7.9045e-08	AVI	2	2
Slope	Soil_Type14	104	7.87013e-08	AVI	67	2
Soil_Type1	Soil_Type30	3	7.7814e-08	AVI	2	2
Soil_Type1	Soil_Type12	3	7.67624e-08	AVI	2	2
Wilderness_Area2	Soil_Type1	3	7.63089e-08	AVI	2	2
Slope	Soil_Type37	102	7.62075e-08	AVI	67	2
Soil_Type6	Soil_Type39	3	7.49019e-08	AVI	2	2
Soil_Type17	Soil_Type31	3	7.12386e-08	AVI	2	2
Soil_Type18	Soil_Type33	3	7.02012e-08	AVI	2	2
Soil_Type22	Soil_Type26	3	6.9777e-08	AVI	2	2
Soil_Type33	Soil_Type35	3	6.96085e-08	AVI	2	2
Soil_Type32	Soil_Type34	3	6.92539e-08	AVI	2	2
Soil_Type16	Soil_Type30	3	6.85317e-08	AVI	2	2
Soil_Type5	Soil_Type32	3	6.80388e-08	AVI	2	2
Soil_Type12	Soil_Type16	3	6.76106e-08	AVI	2	2
Soil_Type19	Soil_Type24	3	6.71377e-08	AVI	2	2
Soil_Type10	Soil_Type26	3	6.66331e-08	AVI	2	2
Soil_Type3	Soil_Type13	3	6.44683e-08	AVI	2	2
Soil_Type6	Soil_Type11	3	6.03756e-08	AVI	2	2
Soil_Type4	Soil_Type6	3	6.0255e-08	AVI	2	2
Soil_Type20	Soil_Type40	3	5.93826e-08	AVI	2	2
Soil_Type26	Soil_Type30	3	5.67243e-08	AVI	2	2
Soil_Type12	Soil_Type26	3	5.59468e-08	AVI	2	2
Soil_Type1	Soil_Type31	3	5.58152e-08	AVI	2	2
Wilderness_Area2	Soil_Type26	3	5.56192e-08	AVI	2	2
Hillshade_9am	Soil_Type7	238	5.49928e-08	AVI	207	2
Wilderness_Area1	Soil_Type8	3	5.23385e-08	AVI	2	2
Soil_Type14	Soil_Type29	3	5.22237e-08	AVI	2	2
Wilderness_Area1	Soil_Type37	4	5.19091e-08	AVI	2	2
Soil_Type3	Soil_Type38	3	5.12974e-08	AVI	2	2
Soil_Type33	Soil_Type34	3	5.04799e-08	AVI	2	2
Wilderness_Area3	Soil_Type39	4	5.01612e-08	AVI	2	2
Soil_Type5	Soil_Type33	3	4.96166e-08	AVI	2	2
Soil_Type16	Soil_Type31	3	4.91641e-08	AVI	2	2
Soil_Type17	Soil_Type24	3	4.86123e-08	AVI	2	2
Hillshade_Noon	Soil_Type7	213	4.77698e-08	AVI	185	2
Wilderness_Area4	Soil_Type18	3	4.63643e-08	AVI	2	2
Wilderness_Area4	Soil_Type35	3	4.5966e-08	AVI	2	2
Wilderness_Area3	Soil_Type35	4	4.51935e-08	AVI	2	2
Soil_Type13	Soil_Type19	3	4.47417e-08	AVI	2	2
Soil_Type2	Soil_Type20	3	4.38382e-08	AVI	2	2
Soil_Type9	Soil_Type23	3	4.28357e-08	AVI	2	2
Soil_Type26	Soil_Type31	3	4.06829e-08	AVI	2	2
Soil_Type3	Soil_Type39	3	4.01808e-08	AVI	2	2
Soil_Type2	Soil_Type40	3	3.90997e-08	AVI	2	2
Soil_Type23	Soil_Type27	3	3.83985e-08	AVI	2	2
Soil_Type1	Soil_Type24	3	3.80795e-08	AVI	2	2
Soil_Type18	Soil_Type22	3	3.75227e-08	AVI	2	2
Soil_Type22	Soil_Type35	3	3.71894e-08	AVI	2	2
Soil_Type10	Soil_Type18	3	3.58252e-08	AVI	2	2
Soil_Type19	Soil_Type38	3	3.55775e-08	AVI	2	2
Soil_Type10	Soil_Type35	3	3.55229e-08	AVI	2	2
Soil_Type9	Soil_Type32	3	3.50572e-08	AVI	2	2
Soil_Type16	Soil_Type24	3	3.35537e-08	AVI	2	2
Soil_Type6	Soil_Type20	3	3.34141e-08	AVI	2	2
Wilderness_Area4	Soil_Type34	3	3.3335e-08	AVI	2	2
Soil_Type7	Cover_Type	8	3.3172e-08	AVI	2	7
Soil_Type25	Soil_Type29	3	3.26943e-08	AVI	2	2
Soil_Type3	Soil_Type11	3	3.24207e-08	AVI	2	2
Soil_Type13	Soil_Type17	3	3.23676e-08	AVI	2	2
Soil_Type3	Soil_Type4	3	3.23111e-08	AVI	2	2
Wilderness_Area3	Soil_Type8	3	3.20169e-08	AVI	2	2
Soil_Type27	Soil_Type32	3	3.14503e-08	AVI	2	2
Soil_Type18	Soil_Type30	3	3.04944e-08	AVI	2	2
Soil_Type30	Soil_Type35	3	3.02375e-08	AVI	2	2
Soil_Type12	Soil_Type18	3	3.0078e-08	AVI	2	2
Soil_Type12	Soil_Type35	3	2.9823e-08	AVI	2	2
Soil_Type6	Soil_Type40	3	2.98001e-08	AVI	2	2
Soil_Type23	Soil_Type28	3	2.91256e-08	AVI	2	2
Soil_Type8	Cover_Type	9	2.91228e-08	AVI	2	7
Soil_Type19	Soil_Type39	3	2.78948e-08	AVI	2	2
Soil_Type24	Soil_Type26	3	2.77696e-08	AVI	2	2
Soil_Type22	Soil_Type34	3	2.69855e-08	AVI	2	2
Soil_Type5	Soil_Type22	3	2.65222e-08	AVI	2	2
Soil_Type10	Soil_Type34	3	2.57721e-08	AVI	2	2
Soil_Type17	Soil_Type38	3	2.57685e-08	AVI	2	2
Soil_Type9	Soil_Type33	3	2.55724e-08	AVI	2	2
Soil_Type1	Soil_Type13	3	2.53893e-08	AVI	2	2
Soil_Type5	Soil_Type10	3	2.53002e-08	AVI	2	2
Soil_Type28	Soil_Type32	3	2.38289e-08	AVI	2	2
Wilderness_Area3	Soil_Type36	3	2.36665e-08	AVI	2	2
Soil_Type27	Soil_Type33	3	2.29202e-08	AVI	2	2
Soil_Type21	Soil_Type23	3	2.28499e-08	AVI	2	2
Soil_Type11	Soil_Type19	3	2.24831e-08	AVI	2	2
Soil_Type4	Soil_Type19	3	2.24282e-08	AVI	2	2
Soil_Type13	Soil_Type16	3	2.23643e-08	AVI	2	2
Soil_Type2	Soil_Type6	3	2.20131e-08	AVI	2	2
Soil_Type30	Soil_Type34	3	2.1934e-08	AVI	2	2
Soil_Type18	Soil_Type31	3	2.18752e-08	AVI	2	2
Soil_Type31	Soil_Type35	3	2.16946e-08	AVI	2	2
Soil_Type12	Soil_Type34	3	2.16366e-08	AVI	2	2
Soil_Type5	Soil_Type30	3	2.15538e-08	AVI	2	2
Wilderness_Area2	Soil_Type34	3	2.15072e-08	AVI	2	2
Wilderness_Area3	Soil_Type37	4	2.14795e-08	AVI	2	2
Wilderness_Area4	Soil_Type16	4	2.13619e-08	AVI	2	2
Soil_Type5	Soil_Type12	3	2.12591e-08	AVI	2	2
Wilderness_Area2	Soil_Type5	3	2.11309e-08	AVI	2	2
Soil_Type17	Soil_Type39	3	2.01821e-08	AVI	2	2
Soil_Type1	Soil_Type38	3	2.01798e-08	AVI	2	2
Soil_Type21	Soil_Type32	3	1.87081e-08	AVI	2	2
Soil_Type13	Soil_Type26	3	1.85092e-08	AVI	2	2
Wilderness_Area1	Soil_Type7	3	1.80025e-08	AVI	2	2
Soil_Type3	Soil_Type20	3	1.79255e-08	AVI	2	2
Soil_Type16	Soil_Type38	3	1.77718e-08	AVI	2	2
Soil_Type28	Soil_Type33	3	1.73901e-08	AVI	2	2
Wilderness_Area4	Soil_Type9	3	1.68771e-08	AVI	2	2
Soil_Type11	Soil_Type17	3	1.62734e-08	AVI	2	2
Soil_Type4	Soil_Type17	3	1.62268e-08	AVI	2	2
Soil_Type3	Soil_Type40	3	1.59944e-08	AVI	2	2
Soil_Type1	Soil_Type39	3	1.58271e-08	AVI	2	2
Soil_Type31	Soil_Type34	3	1.57402e-08	AVI	2	2
Soil_Type5	Soil_Type31	3	1.54501e-08	AVI	2	2
Wilderness_Area1	Soil_Type36	3	1.53505e-08	AVI	2	2
Wilderness_Area4	Soil_Type27	3	1.51441e-08	AVI	2	2
Soil_Type18	Soil_Type24	3	1.49329e-08	AVI	2	2
Soil_Type24	Soil_Type35	3	1.4814e-08	AVI	2	2
Soil_Type26	Soil_Type38	3	1.47116e-08	AVI	2	2
Soil_Type16	Soil_Type39	3	1.39346e-08	AVI	2	2
Soil_Type21	Soil_Type33	3	1.3649e-08	AVI	2	2
Soil_Type9	Soil_Type22	3	1.36481e-08	AVI	2	2
Soil_Type36	Cover_Type	10	1.32947e-08	AVI	2	7
Soil_Type9	Soil_Type10	3	1.30341e-08	AVI	2	2
Soil_Type29	Soil_Type37	3	1.29202e-08	AVI	2	2
Soil_Type1	Soil_Type11	3	1.27476e-08	AVI	2	2
Soil_Type1	Soil_Type4	3	1.272e-08	AVI	2	2
Soil_Type19	Soil_Type20	3	1.24287e-08	AVI	2	2
Soil_Type22	Soil_Type27	3	1.22487e-08	AVI	2	2
Soil_Type2	Soil_Type3	3	1.18118e-08	AVI	2	2
Soil_Type10	Soil_Type27	3	1.16949e-08	AVI	2	2
Soil_Type14	Soil_Type23	3	1.16688e-08	AVI	2	2
Soil_Type26	Soil_Type39	3	1.153e-08	AVI	2	2
Wilderness_Area4	Soil_Type28	3	1.14794e-08	AVI	2	2
Soil_Type11	Soil_Type16	3	1.12363e-08	AVI	2	2
Soil_Type4	Soil_Type16	3	1.12104e-08	AVI	2	2
Soil_Type9	Soil_Type30	3	1.11079e-08	AVI	2	2
Soil_Type19	Soil_Type40	3	1.10981e-08	AVI	2	2
Wilderness_Area3	Soil_Type7	3	1.10123e-08	AVI	2	2
Soil_Type9	Soil_Type12	3	1.09624e-08	AVI	2	2
Wilderness_Area2	Soil_Type9	3	1.08966e-08	AVI	2	2
Soil_Type24	Soil_Type34	3	1.07376e-08	AVI	2	2
Soil_Type5	Soil_Type24	3	1.05492e-08	AVI	2	2
Soil_Type27	Soil_Type30	3	9.96261e-09	AVI	2	2
Soil_Type13	Soil_Type18	3	9.94357e-09	AVI	2	2
Soil_Type13	Soil_Type35	3	9.85899e-09	AVI	2	2
Soil_Type12	Soil_Type27	3	9.82496e-09	AVI	2	2
Wilderness_Area2	Soil_Type27	3	9.76279e-09	AVI	2	2
Soil_Type14	Soil_Type32	3	9.55151e-09	AVI	2	2
Soil_Type11	Soil_Type26	3	9.30007e-09	AVI	2	2
Soil_Type22	Soil_Type28	3	9.2822e-09	AVI	2	2
Soil_Type4	Soil_Type26	3	9.27656e-09	AVI	2	2
Wilderness_Area4	Soil_Type21	3	9.01114e-09	AVI	2	2
Soil_Type17	Soil_Type20	3	9.00873e-09	AVI	2	2
Soil_Type3	Soil_Type6	3	8.99985e-09	AVI	2	2
Soil_Type10	Soil_Type28	3	8.86048e-09	AVI	2	2
Soil_Type2	Soil_Type19	3	8.19848e-09	AVI	2	2
Soil_Type17	Soil_Type40	3	8.03381e-09	AVI	2	2
Soil_Type9	Soil_Type31	3	7.9604e-09	AVI	2	2
Soil_Type18	Soil_Type38	3	7.91436e-09	AVI	2	2
Soil_Type35	Soil_Type38	3	7.84978e-09	AVI	2	2
Soil_Type28	Soil_Type30	3	7.54707e-09	AVI	2	2
Soil_Type12	Soil_Type28	3	7.44888e-09	AVI	2	2
Wilderness_Area2	Soil_Type28	3	7.39494e-09	AVI	2	2
Soil_Type23	Soil_Type25	3	7.30231e-09	AVI	2	2
Soil_Type21	Soil_Type22	3	7.29302e-09	AVI	2	2
Soil_Type13	Soil_Type34	3	7.15757e-09	AVI	2	2
Soil_Type27	Soil_Type31	3	7.14322e-09	AVI	2	2
Soil_Type1	Soil_Type20	3	7.05235e-09	AVI	2	2
Soil_Type5	Soil_Type13	3	7.03488e-09	AVI	2	2
Soil_Type14	Soil_Type33	3	6.96534e-09	AVI	2	2
Soil_Type10	Soil_Type21	3	6.95171e-09	AVI	2	2
Soil_Type1	Soil_Type40	3	6.28917e-09	AVI	2	2
Soil_Type6	Soil_Type19	3	6.24755e-09	AVI	2	2
Soil_Type16	Soil_Type20	3	6.20703e-09	AVI	2	2
Soil_Type18	Soil_Type39	3	6.19891e-09	AVI	2	2
Soil_Type35	Soil_Type39	3	6.14186e-09	AVI	2	2
Soil_Type25	Soil_Type32	3	5.98136e-09	AVI	2	2
Soil_Type2	Soil_Type17	3	5.93208e-09	AVI	2	2
Soil_Type21	Soil_Type30	3	5.92947e-09	AVI	2	2
Soil_Type12	Soil_Type21	3	5.84275e-09	AVI	2	2
Wilderness_Area2	Soil_Type21	3	5.81378e-09	AVI	2	2
Soil_Type34	Soil_Type38	3	5.69244e-09	AVI	2	2
Soil_Type5	Soil_Type38	3	5.58327e-09	AVI	2	2
Soil_Type16	Soil_Type40	3	5.53757e-09	AVI	2	2
Soil_Type9	Soil_Type24	3	5.4368e-09	AVI	2	2
Soil_Type28	Soil_Type31	3	5.41482e-09	AVI	2	2
Soil_Type20	Soil_Type26	3	5.13535e-09	AVI	2	2
Soil_Type11	Soil_Type18	3	5.00281e-09	AVI	2	2
Soil_Type4	Soil_Type18	3	4.98563e-09	AVI	2	2
Soil_Type11	Soil_Type35	3	4.96015e-09	AVI	2	2
Soil_Type4	Soil_Type35	3	4.94304e-09	AVI	2	2
Soil_Type24	Soil_Type27	3	4.87771e-09	AVI	2	2
Soil_Type8	Soil_Type29	3	4.65758e-09	AVI	2	2
Soil_Type1	Soil_Type2	3	4.64465e-09	AVI	2	2
Soil_Type26	Soil_Type40	3	4.58559e-09	AVI	2	2
Soil_Type6	Soil_Type17	3	4.51806e-09	AVI	2	2
Soil_Type34	Soil_Type39	3	4.45589e-09	AVI	2	2
Soil_Type5	Soil_Type39	3	4.3835e-09	AVI	2	2
Soil_Type25	Soil_Type33	3	4.36449e-09	AVI	2	2
Soil_Type21	Soil_Type31	3	4.25367e-09	AVI	2	2
Soil_Type2	Soil_Type16	3	4.09484e-09	AVI	2	2
Soil_Type14	Soil_Type22	3	3.72047e-09	AVI	2	2
Soil_Type24	Soil_Type28	3	3.69378e-09	AVI	2	2
Soil_Type9	Soil_Type13	3	3.62593e-09	AVI	2	2
Soil_Type11	Soil_Type34	3	3.59679e-09	AVI	2	2
Soil_Type4	Soil_Type34	3	3.58225e-09	AVI	2	2
Soil_Type10	Soil_Type14	3	3.55264e-09	AVI	2	2
Soil_Type1	Soil_Type6	3	3.53319e-09	AVI	2	2
Soil_Type5	Soil_Type11	3	3.53187e-09	AVI	2	2
Soil_Type4	Soil_Type5	3	3.52462e-09	AVI	2	2
Soil_Type2	Soil_Type26	3	3.38076e-09	AVI	2	2
Soil_Type3	Soil_Type19	3	3.35236e-09	AVI	2	2
Soil_Type13	Soil_Type27	3	3.24923e-09	AVI	2	2
Soil_Type6	Soil_Type16	3	3.12321e-09	AVI	2	2
Soil_Type14	Soil_Type30	3	3.02495e-09	AVI	2	2
Soil_Type12	Soil_Type14	3	2.98359e-09	AVI	2	2
Wilderness_Area2	Soil_Type14	3	2.96976e-09	AVI	2	2
Soil_Type21	Soil_Type24	3	2.89906e-09	AVI	2	2
Wilderness_Area4	Soil_Type25	3	2.88735e-09	AVI	2	2
Soil_Type23	Soil_Type37	3	2.88525e-09	AVI	2	2
Soil_Type9	Soil_Type38	3	2.87783e-09	AVI	2	2
Soil_Type18	Soil_Type20	3	2.76682e-09	AVI	2	2
Soil_Type20	Soil_Type35	3	2.74152e-09	AVI	2	2
Wilderness_Area2	Soil_Type16	4	2.6938e-09	AVI	2	2
Soil_Type27	Soil_Type38	3	2.58681e-09	AVI	2	2
Soil_Type6	Soil_Type26	3	2.57725e-09	AVI	2	2
Soil_Type18	Soil_Type40	3	2.46906e-09	AVI	2	2
Soil_Type13	Soil_Type28	3	2.46675e-09	AVI	2	2
Soil_Type35	Soil_Type40	3	2.44517e-09	AVI	2	2
Soil_Type3	Soil_Type17	3	2.42311e-09	AVI	2	2
Wilderness_Area2	Soil_Type18	4	2.39888e-09	AVI	2	2
Wilderness_Area3	Soil_Type14	4	2.36977e-09	AVI	2	2
Soil_Type32	Soil_Type37	3	2.36531e-09	AVI	2	2
Soil_Type22	Soil_Type25	3	2.33051e-09	AVI	2	2
Soil_Type9	Soil_Type39	3	2.25846e-09	AVI	2	2
Soil_Type10	Soil_Type25	3	2.22778e-09	AVI	2	2
Soil_Type14	Soil_Type31	3	2.1661e-09	AVI	2	2
Soil_Type29	Soil_Type36	3	2.06175e-09	AVI	2	2
Hillshade_Noon	Soil_Type15	188	2.0486e-09	AVI	185	2
Soil_Type27	Soil_Type39	3	2.02362e-09	AVI	2	2
Soil_Type20	Soil_Type34	3	1.98783e-09	AVI	2	2
Soil_Type28	Soil_Type38	3	1.9539e-09	AVI	2	2
Soil_Type5	Soil_Type20	3	1.9504e-09	AVI	2	2
Soil_Type13	Soil_Type21	3	1.93325e-09	AVI	2	2
Soil_Type1	Soil_Type3	3	1.90336e-09	AVI	2	2
Soil_Type25	Soil_Type30	3	1.90122e-09	AVI	2	2
Soil_Type12	Soil_Type25	3	1.86864e-09	AVI	2	2
Soil_Type2	Soil_Type18	3	1.82037e-09	AVI	2	2
Soil_Type9	Soil_Type11	3	1.81817e-09	AVI	2	2
Soil_Type4	Soil_Type9	3	1.81812e-09	AVI	2	2
Soil_Type2	Soil_Type35	3	1.805e-09	AVI	2	2
Soil_Type34	Soil_Type40	3	1.77743e-09	AVI	2	2
Soil_Type5	Soil_Type40	3	1.73705e-09	AVI	2	2
Soil_Type33	Soil_Type37	3	1.72493e-09	AVI	2	2
Soil_Type17	Soil_Type19	3	1.68366e-09	AVI	2	2
Soil_Type3	Soil_Type16	3	1.67448e-09	AVI	2	2
Soil_Type11	Soil_Type27	3	1.63267e-09	AVI	2	2
Soil_Type4	Soil_Type27	3	1.62776e-09	AVI	2	2
Soil_Type7	Soil_Type29	3	1.60105e-09	AVI	2	2
Soil_Type21	Soil_Type38	3	1.53984e-09	AVI	2	2
Soil_Type28	Soil_Type39	3	1.53533e-09	AVI	2	2
Soil_Type14	Soil_Type24	3	1.47917e-09	AVI	2	2
Soil_Type6	Soil_Type18	3	1.3903e-09	AVI	2	2
Soil_Type3	Soil_Type26	3	1.38772e-09	AVI	2	2
Soil_Type6	Soil_Type35	3	1.37688e-09	AVI	2	2
Soil_Type25	Soil_Type31	3	1.36159e-09	AVI	2	2
Soil_Type1	Soil_Type19	3	1.32067e-09	AVI	2	2
Soil_Type2	Soil_Type34	3	1.30804e-09	AVI	2	2
Soil_Type2	Soil_Type5	3	1.28637e-09	AVI	2	2
Soil_Type11	Soil_Type28	3	1.2359e-09	AVI	2	2
Soil_Type4	Soil_Type28	3	1.23587e-09	AVI	2	2
Soil_Type21	Soil_Type39	3	1.20494e-09	AVI	2	2
Soil_Type16	Soil_Type19	3	1.16395e-09	AVI	2	2
Wilderness_Area4	Soil_Type37	3	1.13997e-09	AVI	2	2
Soil_Type8	Soil_Type23	3	1.04253e-09	AVI	2	2
Soil_Type9	Soil_Type20	3	1.00465e-09	AVI	2	2
Soil_Type6	Soil_Type34	3	9.96966e-10	AVI	2	2
Soil_Type13	Soil_Type14	3	9.87579e-10	AVI	2	2
Soil_Type5	Soil_Type6	3	9.78079e-10	AVI	2	2
Soil_Type11	Soil_Type21	3	9.71728e-10	AVI	2	2
Soil_Type4	Soil_Type21	3	9.67949e-10	AVI	2	2
Soil_Type19	Soil_Type26	3	9.56787e-10	AVI	2	2
Soil_Type1	Soil_Type17	3	9.52822e-10	AVI	2	2
Soil_Type24	Soil_Type25	3	9.30091e-10	AVI	2	2
Soil_Type22	Soil_Type37	3	9.20296e-10	AVI	2	2
Soil_Type20	Soil_Type27	3	9.04252e-10	AVI	2	2
Soil_Type9	Soil_Type40	3	8.96329e-10	AVI	2	2
Soil_Type10	Soil_Type37	3	8.78582e-10	AVI	2	2
Soil_Type15	Cover_Type	8	8.64331e-10	AVI	2	7
Soil_Type8	Soil_Type32	3	8.52067e-10	AVI	2	2
Soil_Type16	Soil_Type17	3	8.41295e-10	AVI	2	2
Soil_Type27	Soil_Type40	3	8.05095e-10	AVI	2	2
Soil_Type14	Soil_Type38	3	7.83375e-10	AVI	2	2
Soil_Type30	Soil_Type37	3	7.49128e-10	AVI	2	2
Soil_Type3	Soil_Type18	3	7.44089e-10	AVI	2	2
Soil_Type12	Soil_Type37	3	7.3884e-10	AVI	2	2
Soil_Type3	Soil_Type35	3	7.37552e-10	AVI	2	2
Wilderness_Area2	Soil_Type37	3	7.35399e-10	AVI	2	2
Hillshade_9am	Soil_Type15	210	7.3518e-10	AVI	207	2
Soil_Type17	Soil_Type26	3	6.94977e-10	AVI	2	2
Soil_Type20	Soil_Type28	3	6.81121e-10	AVI	2	2
Soil_Type2	Soil_Type9	3	6.60644e-10	AVI	2	2
Soil_Type1	Soil_Type16	3	6.60508e-10	AVI	2	2
Soil_Type8	Soil_Type33	3	6.22704e-10	AVI	2	2
Soil_Type13	Soil_Type25	3	6.19194e-10	AVI	2	2
Soil_Type14	Soil_Type39	3	6.1537e-10	AVI	2	2
Soil_Type28	Soil_Type40	3	6.07332e-10	AVI	2	2
Soil_Type2	Soil_Type27	3	5.9441e-10	AVI	2	2
Soil_Type1	Soil_Type26	3	5.42838e-10	AVI	2	2
Soil_Type31	Soil_Type37	3	5.36997e-10	AVI	2	2
Soil_Type20	Soil_Type21	3	5.35902e-10	AVI	2	2
Soil_Type3	Soil_Type34	3	5.35255e-10	AVI	2	2
Soil_Type3	Soil_Type5	3	5.26955e-10	AVI	2	2
Soil_Type18	Soil_Type19	3	5.15557e-10	AVI	2	2
Soil_Type19	Soil_Type35	3	5.12833e-10	AVI	2	2
Soil_Type6	Soil_Type9	3	5.03622e-10	AVI	2	2
Soil_Type11	Soil_Type14	3	4.94809e-10	AVI	2	2
Soil_Type4	Soil_Type14	3	4.94797e-10	AVI	2	2
Soil_Type25	Soil_Type38	3	4.92092e-10	AVI	2	2
Soil_Type21	Soil_Type40	3	4.78608e-10	AVI	2	2
Soil_Type16	Soil_Type26	3	4.77768e-10	AVI	2	2
Soil_Type23	Soil_Type36	3	4.61497e-10	AVI	2	2
Soil_Type6	Soil_Type27	3	4.53703e-10	AVI	2	2
Soil_Type2	Soil_Type28	3	4.4924e-10	AVI	2	2
Wilderness_Area4	Soil_Type8	3	4.10806e-10	AVI	2	2
Soil_Type25	Soil_Type39	3	3.84703e-10	AVI	2	2
Soil_Type32	Soil_Type36	3	3.77847e-10	AVI	2	2
Soil_Type17	Soil_Type18	3	3.7407e-10	AVI	2	2
Soil_Type19	Soil_Type34	3	3.71958e-10	AVI	2	2
Soil_Type17	Soil_Type35	3	3.71752e-10	AVI	2	2
Soil_Type24	Soil_Type37	3	3.66107e-10	AVI	2	2
Soil_Type5	Soil_Type19	3	3.65051e-10	AVI	2	2
Soil_Type7	Soil_Type23	3	3.5747e-10	AVI	2	2
Soil_Type2	Soil_Type21	3	3.53132e-10	AVI	2	2
Soil_Type6	Soil_Type28	3	3.41438e-10	AVI	2	2
Soil_Type8	Soil_Type22	3	3.32581e-10	AVI	2	2
Soil_Type8	Soil_Type10	3	3.14481e-10	AVI	2	2
Soil_Type11	Soil_Type25	3	3.09783e-10	AVI	2	2
Soil_Type4	Soil_Type25	3	3.09775e-10	AVI	2	2
Soil_Type7	Soil_Type32	3	2.93282e-10	AVI	2	2
Soil_Type1	Soil_Type18	3	2.9308e-10	AVI	2	2
Soil_Type1	Soil_Type35	3	2.9103e-10	AVI	2	2
Slope	Soil_Type15	70	2.79183e-10	AVI	67	2
Soil_Type33	Soil_Type36	3	2.74667e-10	AVI	2	2
Soil_Type14	Soil_Type20	3	2.73307e-10	AVI	2	2
Soil_Type3	Soil_Type9	3	2.71459e-10	AVI	2	2
Soil_Type6	Soil_Type21	3	2.70166e-10	AVI	2	2
Soil_Type8	Soil_Type30	3	2.69229e-10	AVI	2	2
Soil_Type17	Soil_Type34	3	2.6905e-10	AVI	2	2
Soil_Type8	Soil_Type12	3	2.67127e-10	AVI	2	2
Soil_Type5	Soil_Type17	3	2.6513e-10	AVI	2	2
Wilderness_Area2	Soil_Type8	3	2.65088e-10	AVI	2	2
Soil_Type16	Soil_Type18	3	2.5919e-10	AVI	2	2
Soil_Type16	Soil_Type35	3	2.55347e-10	AVI	2	2
Soil_Type13	Soil_Type37	3	2.43922e-10	AVI	2	2
Soil_Type3	Soil_Type27	3	2.42627e-10	AVI	2	2
Soil_Type14	Soil_Type40	3	2.42213e-10	AVI	2	2
Soil_Type7	Soil_Type33	3	2.14584e-10	AVI	2	2
Soil_Type18	Soil_Type26	3	2.13158e-10	AVI	2	2
Soil_Type1	Soil_Type34	3	2.11471e-10	AVI	2	2
Soil_Type26	Soil_Type35	3	2.11411e-10	AVI	2	2
Soil_Type1	Soil_Type5	3	2.06276e-10	AVI	2	2
Soil_Type37	Soil_Type38	3	1.94898e-10	AVI	2	2
Soil_Type8	Soil_Type31	3	1.91588e-10	AVI	2	2
Soil_Type9	Soil_Type19	3	1.86339e-10	AVI	2	2
Soil_Type16	Soil_Type34	3	1.86109e-10	AVI	2	2
Soil_Type3	Soil_Type28	3	1.84901e-10	AVI	2	2
Wilderness_Area4	Soil_Type36	3	1.83673e-10	AVI	2	2
Soil_Type5	Soil_Type16	3	1.82854e-10	AVI	2	2
Soil_Type2	Soil_Type14	3	1.79176e-10	AVI	2	2
Soil_Type20	Soil_Type25	3	1.71713e-10	AVI	2	2
Soil_Type19	Soil_Type27	3	1.68775e-10	AVI	2	2
Soil_Type26	Soil_Type34	3	1.53337e-10	AVI	2	2
Soil_Type25	Soil_Type40	3	1.53193e-10	AVI	2	2
Soil_Type37	Soil_Type39	3	1.51526e-10	AVI	2	2
Soil_Type5	Soil_Type26	3	1.48921e-10	AVI	2	2
Soil_Type22	Soil_Type36	3	1.46309e-10	AVI	2	2
Soil_Type3	Soil_Type21	3	1.44944e-10	AVI	2	2
Wilderness_Area4	Soil_Type7	3	1.41353e-10	AVI	2	2
Soil_Type10	Soil_Type36	3	1.40239e-10	AVI	2	2
Soil_Type6	Soil_Type14	3	1.36779e-10	AVI	2	2
Soil_Type9	Soil_Type17	3	1.36161e-10	AVI	2	2
Soil_Type8	Soil_Type24	3	1.31771e-10	AVI	2	2
Soil_Type19	Soil_Type28	3	1.26648e-10	AVI	2	2
Soil_Type11	Soil_Type37	3	1.22969e-10	AVI	2	2
Soil_Type4	Soil_Type37	3	1.22966e-10	AVI	2	2
Soil_Type17	Soil_Type27	3	1.22541e-10	AVI	2	2
Soil_Type30	Soil_Type36	3	1.20092e-10	AVI	2	2
Soil_Type12	Soil_Type36	3	1.17381e-10	AVI	2	2
Wilderness_Area2	Soil_Type36	3	1.17362e-10	AVI	2	2
Soil_Type7	Soil_Type22	3	1.14137e-10	AVI	2	2
Soil_Type18	Soil_Type35	3	1.13302e-10	AVI	2	2
Soil_Type2	Soil_Type25	3	1.12855e-10	AVI	2	2
Soil_Type7	Soil_Type10	3	1.07527e-10	AVI	2	2
Soil_Type1	Soil_Type9	3	1.05864e-10	AVI	2	2
Soil_Type19	Soil_Type21	3	9.99162e-11	AVI	2	2
Soil_Type1	Soil_Type27	3	9.62348e-11	AVI	2	2
Soil_Type17	Soil_Type28	3	9.27866e-11	AVI	2	2
Soil_Type9	Soil_Type16	3	9.27261e-11	AVI	2	2
Soil_Type7	Soil_Type30	3	9.23839e-11	AVI	2	2
Soil_Type7	Soil_Type12	3	9.11778e-11	AVI	2	2
Wilderness_Area2	Soil_Type7	3	9.11634e-11	AVI	2	2
Soil_Type8	Soil_Type13	3	8.8021e-11	AVI	2	2
Soil_Type6	Soil_Type25	3	8.64014e-11	AVI	2	2
Soil_Type31	Soil_Type36	3	8.5893e-11	AVI	2	2
Soil_Type16	Soil_Type27	3	8.48293e-11	AVI	2	2
Soil_Type18	Soil_Type34	3	8.258e-11	AVI	2	2
Soil_Type34	Soil_Type35	3	8.14959e-11	AVI	2	2
Soil_Type5	Soil_Type18	3	8.14951e-11	AVI	2	2
Soil_Type5	Soil_Type35	3	8.04181e-11	AVI	2	2
Soil_Type9	Soil_Type26	3	7.72667e-11	AVI	2	2
Soil_Type3	Soil_Type14	3	7.43624e-11	AVI	2	2
Soil_Type17	Soil_Type21	3	7.31854e-11	AVI	2	2
Soil_Type1	Soil_Type28	3	7.213e-11	AVI	2	2
Soil_Type26	Soil_Type27	3	7.00758e-11	AVI	2	2
Soil_Type8	Soil_Type38	3	6.95427e-11	AVI	2	2
Soil_Type20	Soil_Type37	3	6.77955e-11	AVI	2	2
Soil_Type7	Soil_Type31	3	6.67528e-11	AVI	2	2
Soil_Type16	Soil_Type28	3	6.32562e-11	AVI	2	2
Soil_Type37	Soil_Type40	3	6.09902e-11	AVI	2	2
Soil_Type24	Soil_Type36	3	5.94922e-11	AVI	2	2
Soil_Type5	Soil_Type34	3	5.85304e-11	AVI	2	2
Soil_Type1	Soil_Type21	3	5.67806e-11	AVI	2	2
Soil_Type8	Soil_Type39	3	5.50742e-11	AVI	2	2
Soil_Type26	Soil_Type28	3	5.23333e-11	AVI	2	2
Soil_Type14	Soil_Type19	3	5.07129e-11	AVI	2	2
Soil_Type16	Soil_Type21	3	4.97832e-11	AVI	2	2
Soil_Type3	Soil_Type25	3	4.65956e-11	AVI	2	2
Soil_Type7	Soil_Type24	3	4.54452e-11	AVI	2	2
Soil_Type2	Soil_Type37	3	4.43701e-11	AVI	2	2
Soil_Type8	Soil_Type11	3	4.39396e-11	AVI	2	2
Soil_Type4	Soil_Type8	3	4.39385e-11	AVI	2	2
Soil_Type21	Soil_Type26	3	4.16845e-11	AVI	2	2
Soil_Type9	Soil_Type18	3	4.1657e-11	AVI	2	2
Soil_Type9	Soil_Type35	3	4.16564e-11	AVI	2	2
Soil_Type13	Soil_Type36	3	3.88644e-11	AVI	2	2
Soil_Type14	Soil_Type17	3	3.72198e-11	AVI	2	2
Soil_Type18	Soil_Type27	3	3.71531e-11	AVI	2	2
Soil_Type27	Soil_Type35	3	3.71526e-11	AVI	2	2
Soil_Type6	Soil_Type37	3	3.38274e-11	AVI	2	2
Soil_Type19	Soil_Type25	3	3.2313e-11	AVI	2	2
Soil_Type36	Soil_Type38	3	3.09047e-11	AVI	2	2
Soil_Type7	Soil_Type13	3	3.03354e-11	AVI	2	2
Soil_Type9	Soil_Type34	3	3.02134e-11	AVI	2	2
Soil_Type5	Soil_Type9	3	2.89134e-11	AVI	2	2
Soil_Type1	Soil_Type14	3	2.83178e-11	AVI	2	2
Soil_Type18	Soil_Type28	3	2.82794e-11	AVI	2	2
Soil_Type28	Soil_Type35	3	2.8279e-11	AVI	2	2
Soil_Type27	Soil_Type34	3	2.70158e-11	AVI	2	2
Soil_Type5	Soil_Type27	3	2.63976e-11	AVI	2	2
Soil_Type14	Soil_Type16	3	2.52173e-11	AVI	2	2
Wilderness_Area4	Soil_Type15	3	2.48934e-11	AVI	2	2
Soil_Type36	Soil_Type39	3	2.44749e-11	AVI	2	2
Soil_Type7	Soil_Type38	3	2.39557e-11	AVI	2	2
Soil_Type8	Soil_Type20	3	2.36941e-11	AVI	2	2
Soil_Type17	Soil_Type25	3	2.34666e-11	AVI	2	2
Soil_Type18	Soil_Type21	3	2.22773e-11	AVI	2	2
Soil_Type21	Soil_Type35	3	2.2277e-11	AVI	2	2
Soil_Type8	Soil_Type40	3	2.13927e-11	AVI	2	2
Soil_Type14	Soil_Type26	3	2.06336e-11	AVI	2	2
Soil_Type28	Soil_Type34	3	2.06111e-11	AVI	2	2
Soil_Type11	Soil_Type36	3	1.98833e-11	AVI	2	2
Soil_Type5	Soil_Type28	3	1.95401e-11	AVI	2	2
Soil_Type4	Soil_Type36	3	1.93491e-11	AVI	2	2
Soil_Type7	Soil_Type39	3	1.8869e-11	AVI	2	2
Soil_Type3	Soil_Type37	3	1.80684e-11	AVI	2	2
Soil_Type1	Soil_Type25	3	1.80178e-11	AVI	2	2
Soil_Type2	Soil_Type8	3	1.61624e-11	AVI	2	2
Soil_Type16	Soil_Type25	3	1.60397e-11	AVI	2	2
Soil_Type21	Soil_Type34	3	1.60156e-11	AVI	2	2
Soil_Type5	Soil_Type21	3	1.60152e-11	AVI	2	2
Soil_Type7	Soil_Type11	3	1.53406e-11	AVI	2	2
Soil_Type4	Soil_Type7	3	1.53402e-11	AVI	2	2
Soil_Type9	Soil_Type27	3	1.37093e-11	AVI	2	2
Soil_Type25	Soil_Type26	3	1.32897e-11	AVI	2	2
Soil_Type19	Soil_Type37	3	1.28855e-11	AVI	2	2
Soil_Type6	Soil_Type8	3	1.16785e-11	AVI	2	2
Soil_Type14	Soil_Type18	3	1.15926e-11	AVI	2	2
Soil_Type14	Soil_Type35	3	1.11892e-11	AVI	2	2
Soil_Type20	Soil_Type36	3	1.09232e-11	AVI	2	2
Soil_Type9	Soil_Type28	3	1.00156e-11	AVI	2	2
Wilderness_Area1	Soil_Type15	3	9.80469e-12	AVI	2	2
Soil_Type36	Soil_Type40	3	9.75542e-12	AVI	2	2
Soil_Type17	Soil_Type37	3	9.30012e-12	AVI	2	2
Soil_Type27	Soil_Type28	3	9.27301e-12	AVI	2	2
Wilderness_Area3	Soil_Type15	3	9.09719e-12	AVI	2	2
Soil_Type14	Soil_Type34	3	8.21668e-12	AVI	2	2
Soil_Type9	Soil_Type21	3	8.21349e-12	AVI	2	2
Soil_Type7	Soil_Type20	3	7.97648e-12	AVI	2	2
Soil_Type5	Soil_Type14	3	7.8777e-12	AVI	2	2
Soil_Type7	Soil_Type40	3	7.63387e-12	AVI	2	2
Soil_Type2	Soil_Type36	3	7.29014e-12	AVI	2	2
Soil_Type1	Soil_Type37	3	7.23568e-12	AVI	2	2
Soil_Type18	Soil_Type25	3	7.22373e-12	AVI	2	2
Soil_Type25	Soil_Type35	3	7.22363e-12	AVI	2	2
Soil_Type21	Soil_Type27	3	7.21813e-12	AVI	2	2
Soil_Type3	Soil_Type8	3	6.62599e-12	AVI	2	2
Soil_Type16	Soil_Type37	3	6.30106e-12	AVI	2	2
Soil_Type2	Soil_Type7	3	5.47557e-12	AVI	2	2
Soil_Type6	Soil_Type36	3	5.46665e-12	AVI	2	2
Soil_Type21	Soil_Type28	3	5.42031e-12	AVI	2	2
Soil_Type26	Soil_Type37	3	5.15573e-12	AVI	2	2
Soil_Type25	Soil_Type34	3	5.14858e-12	AVI	2	2
Soil_Type5	Soil_Type25	3	5.14846e-12	AVI	2	2
Soil_Type8	Soil_Type19	3	4.63783e-12	AVI	2	2
Soil_Type6	Soil_Type7	3	4.1547e-12	AVI	2	2
Soil_Type9	Soil_Type14	3	3.88056e-12	AVI	2	2
Soil_Type14	Soil_Type27	3	3.64855e-12	AVI	2	2
Soil_Type8	Soil_Type17	3	3.21738e-12	AVI	2	2
Soil_Type3	Soil_Type36	3	3.01346e-12	AVI	2	2
Soil_Type18	Soil_Type37	3	2.7959e-12	AVI	2	2
Soil_Type35	Soil_Type37	3	2.79586e-12	AVI	2	2
Soil_Type9	Soil_Type25	3	2.59717e-12	AVI	2	2
Soil_Type14	Soil_Type28	3	2.59683e-12	AVI	2	2
Soil_Type1	Soil_Type8	3	2.41497e-12	AVI	2	2
Soil_Type25	Soil_Type27	3	2.4081e-12	AVI	2	2
Soil_Type3	Soil_Type7	3	2.23944e-12	AVI	2	2
Soil_Type8	Soil_Type16	3	2.23206e-12	AVI	2	2
Soil_Type14	Soil_Type21	3	2.22595e-12	AVI	2	2
Soil_Type19	Soil_Type36	3	2.06105e-12	AVI	2	2
Soil_Type34	Soil_Type37	3	2.05311e-12	AVI	2	2
Soil_Type5	Soil_Type37	3	2.05306e-12	AVI	2	2
Soil_Type8	Soil_Type26	3	1.72774e-12	AVI	2	2
Soil_Type25	Soil_Type28	3	1.72372e-12	AVI	2	2
Soil_Type7	Soil_Type19	3	1.57795e-12	AVI	2	2
Soil_Type17	Soil_Type36	3	1.4298e-12	AVI	2	2
Soil_Type21	Soil_Type25	3	1.4243e-12	AVI	2	2
Soil_Type15	Soil_Type29	3	1.28079e-12	AVI	2	2
Soil_Type7	Soil_Type17	3	1.15811e-12	AVI	2	2
Soil_Type1	Soil_Type36	3	1.15735e-12	AVI	2	2
Soil_Type16	Soil_Type36	3	1.032e-12	AVI	2	2
Soil_Type8	Soil_Type18	3	1.03042e-12	AVI	2	2
Soil_Type8	Soil_Type35	3	1.0304e-12	AVI	2	2
Soil_Type9	Soil_Type37	3	1.02929e-12	AVI	2	2
Soil_Type1	Soil_Type7	3	9.14429e-13	AVI	2	2
Soil_Type27	Soil_Type37	3	9.11665e-13	AVI	2	2
Soil_Type7	Soil_Type16	3	8.03439e-13	AVI	2	2
Soil_Type26	Soil_Type36	3	8.03103e-13	AVI	2	2
Soil_Type7	Soil_Type26	3	6.99575e-13	AVI	2	2
Soil_Type8	Soil_Type34	3	6.98483e-13	AVI	2	2
Soil_Type5	Soil_Type8	3	6.98466e-13	AVI	2	2
Soil_Type28	Soil_Type37	3	6.97825e-13	AVI	2	2
Soil_Type14	Soil_Type25	3	6.9762e-13	AVI	2	2
Soil_Type21	Soil_Type37	3	5.12593e-13	AVI	2	2
Soil_Type18	Soil_Type36	3	4.31376e-13	AVI	2	2
Soil_Type35	Soil_Type36	3	4.3137e-13	AVI	2	2
Soil_Type7	Soil_Type18	3	3.56501e-13	AVI	2	2
Soil_Type7	Soil_Type35	3	3.56496e-13	AVI	2	2
Soil_Type34	Soil_Type36	3	3.56332e-13	AVI	2	2
Soil_Type8	Soil_Type27	3	3.56046e-13	AVI	2	2
Soil_Type15	Soil_Type23	3	3.19532e-13	AVI	2	2
Soil_Type5	Soil_Type36	3	2.88622e-13	AVI	2	2
Soil_Type8	Soil_Type9	3	2.88428e-13	AVI	2	2
Soil_Type14	Soil_Type37	3	2.88215e-13	AVI	2	2
Soil_Type7	Soil_Type34	3	2.28047e-13	AVI	2	2
Soil_Type5	Soil_Type7	3	2.28042e-13	AVI	2	2
Soil_Type15	Soil_Type32	3	1.91383e-13	AVI	2	2
Soil_Type15	Soil_Type33	3	1.88753e-13	AVI	2	2
Soil_Type9	Soil_Type36	3	1.74463e-13	AVI	2	2
Soil_Type8	Soil_Type28	3	1.74421e-13	AVI	2	2
Soil_Type8	Soil_Type21	3	1.74388e-13	AVI	2	2
Soil_Type25	Soil_Type37	3	1.74315e-13	AVI	2	2
Soil_Type7	Soil_Type9	3	1.28174e-13	AVI	2	2
Soil_Type27	Soil_Type36	3	1.28163e-13	AVI	2	2
Soil_Type7	Soil_Type27	3	1.2816e-13	AVI	2	2
Soil_Type28	Soil_Type36	3	1.28133e-13	AVI	2	2
Soil_Type15	Soil_Type30	3	9.36829e-14	AVI	2	2
Soil_Type7	Soil_Type28	3	8.89788e-14	AVI	2	2
Soil_Type21	Soil_Type36	3	8.89644e-14	AVI	2	2
Soil_Type15	Soil_Type22	3	6.03078e-14	AVI	2	2
Soil_Type10	Soil_Type15	3	6.02265e-14	AVI	2	2
Soil_Type12	Soil_Type15	3	5.99354e-14	AVI	2	2
Wilderness_Area2	Soil_Type15	3	5.9926e-14	AVI	2	2
Soil_Type7	Soil_Type21	3	5.69358e-14	AVI	2	2
Soil_Type8	Soil_Type14	3	5.69196e-14	AVI	2	2
Soil_Type14	Soil_Type36	3	5.69137e-14	AVI	2	2
Soil_Type8	Soil_Type25	3	5.69074e-14	AVI	2	2
Soil_Type15	Soil_Type31	3	3.34523e-14	AVI	2	2
Soil_Type15	Soil_Type24	3	3.31901e-14	AVI	2	2
Soil_Type13	Soil_Type15	3	3.29635e-14	AVI	2	2
Soil_Type7	Soil_Type14	3	3.20132e-14	AVI	2	2
Soil_Type25	Soil_Type36	3	3.20071e-14	AVI	2	2
Soil_Type8	Soil_Type37	3	3.20007e-14	AVI	2	2
Soil_Type15	Soil_Type39	3	1.45568e-14	AVI	2	2
Soil_Type11	Soil_Type15	3	1.45211e-14	AVI	2	2
Soil_Type4	Soil_Type15	3	1.45207e-14	AVI	2	2
Soil_Type7	Soil_Type25	3	1.4225e-14	AVI	2	2
Soil_Type36	Soil_Type37	3	1.42211e-14	AVI	2	2
Soil_Type7	Soil_Type37	3	1.42207e-14	AVI	2	2
Soil_Type15	Soil_Type38	3	3.65058e-15	AVI	2	2
Soil_Type3	Soil_Type15	3	3.58247e-15	AVI	2	2
Soil_Type15	Soil_Type17	3	3.57378e-15	AVI	2	2
Soil_Type1	Soil_Type15	3	3.57136e-15	AVI	2	2
Soil_Type15	Soil_Type16	3	3.57021e-15	AVI	2	2
Soil_Type15	Soil_Type26	3	3.56863e-15	AVI	2	2
Soil_Type5	Soil_Type15	3	3.56252e-15	AVI	2	2
Soil_Type9	Soil_Type15	3	3.55976e-15	AVI	2	2
Soil_Type15	Soil_Type28	3	3.55853e-15	AVI	2	2
Soil_Type14	Soil_Type15	3	3.5564e-15	AVI	2	2
Soil_Type8	Soil_Type36	3	3.55454e-15	AVI	2	2
Soil_Type7	Soil_Type8	3	3.55445e-15	AVI	2	2
Soil_Type7	Soil_Type36	3	3.55408e-15	AVI	2	2
Soil_Type8	Soil_Type15	3	3.55383e-15	AVI	2	2
Soil_Type15	Soil_Type36	3	0	AVI	2	2
Soil_Type7	Soil_Type15	3	0	AVI	2	2
Soil_Type15	Soil_Type18	3	0	AVI	2	2
Soil_Type15	Soil_Type40	3	0	AVI	2	2
Soil_Type15	Soil_Type19	3	0	AVI	2	2
Soil_Type15	Soil_Type20	3	0	AVI	2	2
Soil_Type15	Soil_Type37	3	0	AVI	2	2
Soil_Type6	Soil_Type15	3	0	AVI	2	2
Soil_Type15	Soil_Type27	3	0	AVI	2	2
Soil_Type15	Soil_Type21	3	0	AVI	2	2
Soil_Type15	Soil_Type35	3	0	AVI	2	2
Soil_Type15	Soil_Type34	3	0	AVI	2	2
Soil_Type2	Soil_Type15	3	0	AVI	2	2
Soil_Type15	Soil_Type25	3	0	AVI	2	2
0
