55
0	1978	AVI
1	361	AVI
2	67	AVI
3	551	AVI
4	700	AVI
5	5785	AVI
6	207	AVI
7	185	AVI
8	255	AVI
9	5827	AVI
10	2	AVI
11	2	AVI
12	2	AVI
13	2	AVI
14	2	AVI
15	2	AVI
16	2	AVI
17	2	AVI
18	2	AVI
19	2	AVI
20	2	AVI
21	2	AVI
22	2	AVI
23	2	AVI
24	2	AVI
25	2	AVI
26	2	AVI
27	2	AVI
28	2	AVI
29	2	AVI
30	2	AVI
31	2	AVI
32	2	AVI
33	2	AVI
34	2	AVI
35	2	AVI
36	2	AVI
37	2	AVI
38	2	AVI
39	2	AVI
40	2	AVI
41	2	AVI
42	2	AVI
43	2	AVI
44	2	AVI
45	2	AVI
46	2	AVI
47	2	AVI
48	2	AVI
49	2	AVI
50	2	AVI
51	2	AVI
52	2	AVI
53	2	AVI
54	7	AVI
1485
5	10	9818	0.469659	Hist	5785	2
5	12	9818	0.468364	Hist	5785	2
0	10	3156	0.46785	Hist	1978	2
9	10	10099	0.467104	Hist	5827	2
6	10	401	0.467019	-	207	2
1	10	722	0.466653	Hist	361	2
8	10	507	0.466616	-	255	2
7	10	348	0.466522	-	185	2
9	12	8954	0.466246	Hist	5827	2
0	12	3237	0.465909	Hist	1978	2
4	10	1266	0.465779	Hist	700	2
7	12	347	0.465673	-	185	2
3	10	946	0.465657	Hist	551	2
1	12	722	0.465573	Hist	361	2
6	12	407	0.465305	-	207	2
8	12	507	0.465128	-	255	2
3	12	951	0.464919	Hist	551	2
4	12	1263	0.464893	Hist	700	2
5	42	11234	0.450687	Hist	5785	2
0	42	2852	0.450684	Hist	1978	2
1	42	722	0.450073	Hist	361	2
9	42	11313	0.450068	Hist	5827	2
8	42	500	0.450059	-	255	2
7	42	333	0.450009	-	185	2
6	42	377	0.450002	-	207	2
3	42	902	0.449954	Hist	551	2
4	42	1199	0.449946	Hist	700	2
0	13	2334	0.444675	Hist	1978	2
0	36	2820	0.443942	Hist	1978	2
4	36	1100	0.443865	Hist	700	2
7	36	314	0.443855	-	185	2
8	36	463	0.443833	-	255	2
6	36	358	0.443827	-	207	2
3	36	937	0.443822	Hist	551	2
9	36	9667	0.443744	Hist	5827	2
1	36	721	0.443723	Hist	361	2
5	36	10591	0.443723	Hist	5785	2
0	45	2762	0.443356	Hist	1978	2
5	45	9033	0.443279	Hist	5785	2
7	45	295	0.443244	-	185	2
8	45	468	0.443243	-	255	2
6	45	351	0.443212	-	207	2
3	45	1044	0.443192	Hist	551	2
9	45	8835	0.443188	Hist	5827	2
1	45	722	0.443185	Hist	361	2
4	45	1177	0.443172	Hist	700	2
8	46	505	0.442503	-	255	2
7	46	339	0.44249	-	185	2
5	46	9149	0.442432	Hist	5785	2
6	46	403	0.442422	-	207	2
0	46	3021	0.442413	Hist	1978	2
4	46	1246	0.442397	Hist	700	2
9	46	8734	0.442387	Hist	5827	2
1	46	722	0.442378	Hist	361	2
3	46	1026	0.442375	Hist	551	2
0	23	3109	0.441969	Hist	1978	2
6	13	405	0.441772	-	207	2
7	13	338	0.441683	-	185	2
8	13	506	0.441659	-	255	2
9	13	6845	0.441633	Hist	5827	2
5	13	6625	0.441627	Hist	5785	2
1	13	722	0.441535	Hist	361	2
4	13	1107	0.441504	Hist	700	2
3	13	718	0.441496	Hist	551	2
0	35	2650	0.441283	Hist	1978	2
6	23	406	0.441253	-	207	2
7	23	344	0.441252	-	185	2
5	35	10634	0.44114	Hist	5785	2
8	35	487	0.441126	-	255	2
8	23	495	0.441121	-	255	2
1	35	721	0.441103	Hist	361	2
7	35	304	0.441101	-	185	2
9	35	9558	0.441098	Hist	5827	2
6	35	359	0.441097	-	207	2
3	35	830	0.441096	Hist	551	2
4	35	1064	0.441094	Hist	700	2
1	23	722	0.441075	Hist	361	2
9	23	7664	0.441063	Hist	5827	2
5	23	7973	0.441054	Hist	5785	2
4	23	1119	0.441025	Hist	700	2
3	23	926	0.441022	Hist	551	2
0	11	2662	0.441014	Hist	1978	2
0	25	2495	0.44098	Hist	1978	2
8	43	497	0.440865	-	255	2
6	43	370	0.440825	-	207	2
1	43	722	0.440811	Hist	361	2
9	25	11102	0.440807	Hist	5827	2
8	25	428	0.440803	-	255	2
0	43	2790	0.4408	Hist	1978	2
5	11	7211	0.440795	Hist	5785	2
6	25	301	0.440793	-	207	2
5	43	10839	0.44078	Hist	5785	2
7	25	277	0.440775	-	185	2
1	25	721	0.440768	Hist	361	2
9	43	10396	0.440759	Hist	5827	2
8	11	475	0.440758	-	255	2
7	43	342	0.440753	-	185	2
3	43	846	0.440752	Hist	551	2
4	43	1117	0.44075	Hist	700	2
5	25	10289	0.440745	Hist	5785	2
9	11	10050	0.440738	Hist	5827	2
3	25	847	0.440737	Hist	551	2
4	25	967	0.440736	Hist	700	2
1	11	721	0.440735	Hist	361	2
7	11	300	0.440729	-	185	2
6	11	369	0.440723	-	207	2
3	11	908	0.440722	Hist	551	2
4	11	1116	0.440721	Hist	700	2
5	44	8572	0.440311	Hist	5785	2
8	44	463	0.440294	-	255	2
0	44	2845	0.440284	Hist	1978	2
6	44	345	0.440284	-	207	2
1	44	721	0.440277	Hist	361	2
7	44	303	0.440271	-	185	2
9	44	8192	0.440269	Hist	5827	2
3	44	1019	0.440267	Hist	551	2
4	44	1211	0.440266	Hist	700	2
7	37	300	0.439845	-	185	2
6	37	369	0.439827	-	207	2
8	37	466	0.439826	-	255	2
1	37	718	0.439819	Hist	361	2
0	37	2804	0.43981	Hist	1978	2
5	37	9526	0.439799	Hist	5785	2
4	37	1131	0.439797	Hist	700	2
9	37	9143	0.439797	Hist	5827	2
3	37	991	0.43979	Hist	551	2
8	26	509	0.439491	-	255	2
0	51	2320	0.439437	Hist	1978	2
0	26	2765	0.439424	Hist	1978	2
7	26	323	0.43942	-	185	2
6	26	405	0.439418	-	207	2
1	26	722	0.439417	Hist	361	2
5	26	8377	0.439399	Hist	5785	2
9	26	7427	0.439395	Hist	5827	2
4	26	1178	0.439382	Hist	700	2
3	26	945	0.439376	Hist	551	2
8	51	459	0.439208	-	255	2
1	51	722	0.439189	Hist	361	2
9	51	8782	0.439184	Hist	5827	2
7	51	295	0.439181	-	185	2
5	51	10142	0.43918	Hist	5785	2
3	51	1004	0.43918	Hist	551	2
6	51	329	0.439179	-	207	2
4	51	1056	0.439178	Hist	700	2
0	52	2505	0.439137	Hist	1978	2
8	52	506	0.43904	-	255	2
1	52	722	0.439002	Hist	361	2
5	52	9147	0.439	Hist	5785	2
6	52	401	0.438996	-	207	2
7	52	333	0.438995	-	185	2
4	52	1089	0.438992	Hist	700	2
9	52	8782	0.438988	Hist	5827	2
3	52	900	0.438987	Hist	551	2
0	17	2891	0.438918	Hist	1978	2
0	24	2656	0.438899	Hist	1978	2
8	17	499	0.438878	-	255	2
8	24	438	0.438878	-	255	2
1	17	718	0.438871	Hist	361	2
7	17	301	0.438861	-	185	2
1	24	717	0.438852	Hist	361	2
5	24	7937	0.438847	Hist	5785	2
7	24	271	0.438844	-	185	2
9	24	7652	0.438843	Hist	5827	2
9	17	7513	0.438843	Hist	5827	2
6	24	330	0.438841	-	207	2
6	17	371	0.438841	-	207	2
5	17	7810	0.438841	Hist	5785	2
4	24	990	0.438838	Hist	700	2
4	17	1094	0.438838	Hist	700	2
3	24	832	0.438836	Hist	551	2
3	17	791	0.438835	Hist	551	2
0	53	2362	0.438819	Hist	1978	2
8	33	414	0.438529	-	255	2
3	33	845	0.43852	Hist	551	2
4	33	910	0.43851	Hist	700	2
1	33	718	0.438508	Hist	361	2
0	33	2755	0.438504	Hist	1978	2
9	33	9542	0.438501	Hist	5827	2
6	33	313	0.438501	-	207	2
7	33	272	0.438499	-	185	2
5	33	9683	0.438498	Hist	5785	2
8	53	491	0.438481	-	255	2
1	53	722	0.438455	Hist	361	2
3	53	1021	0.438447	Hist	551	2
4	53	1179	0.438447	Hist	700	2
9	53	8393	0.438445	Hist	5827	2
5	53	8890	0.438444	Hist	5785	2
7	53	304	0.438444	-	185	2
6	53	359	0.438443	-	207	2
0	15	2739	0.43836	Hist	1978	2
8	15	455	0.438345	-	255	2
1	15	721	0.438323	Hist	361	2
9	15	7078	0.438316	Hist	5827	2
5	15	7353	0.438315	Hist	5785	2
4	15	1046	0.438313	Hist	700	2
7	15	277	0.438312	-	185	2
6	15	332	0.438311	-	207	2
3	15	707	0.438311	Hist	551	2
0	19	2598	0.438288	Hist	1978	2
8	19	484	0.438243	-	255	2
5	19	6478	0.438219	Hist	5785	2
1	19	721	0.438218	Hist	361	2
9	19	6809	0.438213	Hist	5827	2
4	19	982	0.438211	Hist	700	2
6	19	347	0.438208	-	207	2
3	19	718	0.438208	Hist	551	2
7	19	309	0.438208	-	185	2
8	16	492	0.438064	-	255	2
0	16	2819	0.438047	Hist	1978	2
1	16	647	0.438034	Hist	361	2
6	16	340	0.438028	-	207	2
9	16	6616	0.438026	Hist	5827	2
7	16	299	0.438022	-	185	2
4	16	1052	0.438022	Hist	700	2
5	16	6629	0.438022	Hist	5785	2
3	16	687	0.438019	Hist	551	2
8	32	396	0.437966	-	255	2
1	32	713	0.437943	Hist	361	2
4	32	839	0.437936	Hist	700	2
5	32	8160	0.437935	Hist	5785	2
0	32	2399	0.437935	Hist	1978	2
6	32	303	0.437935	-	207	2
3	32	778	0.437934	Hist	551	2
9	32	7735	0.437934	Hist	5827	2
8	30	422	0.437901	-	255	2
1	30	715	0.437879	Hist	361	2
0	30	2772	0.437875	Hist	1978	2
3	30	732	0.437874	Hist	551	2
0	14	2587	0.437873	Hist	1978	2
4	30	826	0.437872	Hist	700	2
5	30	6975	0.43787	Hist	5785	2
9	30	7199	0.437869	Hist	5827	2
6	30	338	0.437869	-	207	2
7	30	271	0.437869	-	185	2
8	14	501	0.437868	-	255	2
8	29	392	0.437839	-	255	2
1	14	709	0.437839	Hist	361	2
7	14	323	0.43783	-	185	2
9	14	6332	0.437829	Hist	5827	2
4	14	1002	0.437829	Hist	700	2
6	14	357	0.437829	-	207	2
5	14	6356	0.437827	Hist	5785	2
3	14	673	0.437826	Hist	551	2
1	29	716	0.437816	Hist	361	2
8	39	383	0.437812	-	255	2
3	29	645	0.43781	Hist	551	2
4	29	777	0.43781	Hist	700	2
0	29	2601	0.437808	Hist	1978	2
9	29	7735	0.437808	Hist	5827	2
5	29	7572	0.437807	Hist	5785	2
6	29	334	0.437807	-	207	2
7	29	275	0.437807	-	185	2
1	39	635	0.437789	Hist	361	2
4	39	869	0.437781	Hist	700	2
0	39	2355	0.43778	Hist	1978	2
9	39	6996	0.43778	Hist	5827	2
5	39	6918	0.43778	Hist	5785	2
6	39	279	0.43778	-	207	2
3	39	837	0.437779	Hist	551	2
8	48	393	0.437739	-	255	2
8	31	352	0.437738	-	255	2
1	31	617	0.437717	Hist	361	2
0	31	2145	0.437716	Hist	1978	2
1	48	662	0.437715	Hist	361	2
0	48	2283	0.437711	Hist	1978	2
8	18	479	0.437709	-	255	2
8	47	403	0.437708	-	255	2
9	31	7179	0.437707	Hist	5827	2
5	31	6362	0.437706	Hist	5785	2
4	31	773	0.437706	Hist	700	2
6	31	272	0.437706	-	207	2
4	48	939	0.437706	Hist	700	2
9	48	7037	0.437705	Hist	5827	2
3	31	692	0.437704	Hist	551	2
6	48	283	0.437704	-	207	2
7	48	265	0.437704	-	185	2
5	48	6897	0.437704	Hist	5785	2
3	48	810	0.437704	Hist	551	2
0	18	2506	0.437688	Hist	1978	2
1	47	668	0.437684	Hist	361	2
1	18	635	0.437683	Hist	361	2
4	47	994	0.437676	Hist	700	2
4	18	944	0.437675	Hist	700	2
9	47	6524	0.437674	Hist	5827	2
6	47	302	0.437674	-	207	2
5	47	6910	0.437674	Hist	5785	2
3	47	974	0.437674	Hist	551	2
6	18	367	0.437674	-	207	2
0	47	2489	0.437673	Hist	1978	2
7	18	310	0.437673	-	185	2
9	18	6338	0.437673	Hist	5827	2
5	18	6162	0.437672	Hist	5785	2
3	18	688	0.437672	Hist	551	2
8	22	367	0.437659	-	255	2
8	40	414	0.437653	-	255	2
8	41	409	0.437639	-	255	2
1	22	613	0.437635	Hist	361	2
1	40	541	0.437627	Hist	361	2
0	22	2116	0.437627	Hist	1978	2
4	22	801	0.437625	Hist	700	2
8	34	331	0.437625	-	255	2
9	22	6330	0.437624	Hist	5827	2
6	22	273	0.437624	-	207	2
5	22	6230	0.437624	Hist	5785	2
3	22	631	0.437623	Hist	551	2
4	40	1069	0.437619	Hist	700	2
6	40	314	0.437618	-	207	2
9	40	6323	0.437617	Hist	5827	2
5	40	6497	0.437617	Hist	5785	2
3	40	893	0.437617	Hist	551	2
0	40	2413	0.437617	Hist	1978	2
1	41	587	0.437612	Hist	361	2
6	41	372	0.437606	-	207	2
4	41	1055	0.437604	Hist	700	2
5	41	6037	0.437603	Hist	5785	2
9	41	6328	0.437603	Hist	5827	2
7	41	287	0.437602	-	185	2
0	41	2313	0.437602	Hist	1978	2
3	41	773	0.437602	Hist	551	2
1	34	576	0.4376	Hist	361	2
8	27	410	0.4376	-	255	2
4	34	766	0.437593	Hist	700	2
6	34	274	0.437591	-	207	2
9	34	6368	0.437591	Hist	5827	2
5	34	6379	0.43759	Hist	5785	2
3	34	576	0.43759	Hist	551	2
0	34	2330	0.43759	Hist	1978	2
8	38	363	0.437588	-	255	2
1	27	625	0.437575	Hist	361	2
8	50	349	0.437568	-	255	2
4	27	740	0.437567	Hist	700	2
0	27	2290	0.437565	Hist	1978	2
6	27	329	0.437565	-	207	2
9	27	6129	0.437565	Hist	5827	2
7	27	268	0.437565	-	185	2
5	27	6136	0.437565	Hist	5785	2
3	27	558	0.437565	Hist	551	2
1	38	439	0.437562	Hist	361	2
8	21	303	0.437554	-	255	2
4	38	934	0.437553	Hist	700	2
9	38	6263	0.437552	Hist	5827	2
5	38	5910	0.437551	Hist	5785	2
0	38	2140	0.437551	Hist	1978	2
3	38	701	0.437551	Hist	551	2
8	49	303	0.437548	-	255	2
8	20	297	0.437546	-	255	2
1	50	465	0.437543	Hist	361	2
8	28	258	0.437536	-	255	2
4	50	797	0.437534	Hist	700	2
6	50	267	0.437533	-	207	2
9	50	6082	0.437533	Hist	5827	2
7	50	260	0.437533	-	185	2
5	50	6024	0.437532	Hist	5785	2
0	50	2126	0.437532	Hist	1978	2
3	50	630	0.437532	Hist	551	2
1	21	457	0.43753	Hist	361	2
1	49	413	0.437523	Hist	361	2
1	20	423	0.437522	Hist	361	2
4	21	716	0.437522	Hist	700	2
9	21	5994	0.43752	Hist	5827	2
5	21	5955	0.43752	Hist	5785	2
3	21	631	0.437519	Hist	551	2
0	21	1989	0.437519	Hist	1978	2
4	49	760	0.437515	Hist	700	2
4	20	713	0.437514	Hist	700	2
9	49	5924	0.437513	Hist	5827	2
5	49	5899	0.437513	Hist	5785	2
3	49	651	0.437513	Hist	551	2
0	49	2049	0.437513	Hist	1978	2
9	20	5882	0.437512	Hist	5827	2
5	20	5882	0.437512	Hist	5785	2
0	20	1986	0.437511	Hist	1978	2
3	20	606	0.437511	Hist	551	2
1	28	364	0.437511	Hist	361	2
4	28	702	0.437503	Hist	700	2
9	28	5830	0.437501	Hist	5827	2
5	28	5788	0.437501	Hist	5785	2
3	28	553	0.4375	Hist	551	2
0	28	1981	0.4375	Hist	1978	2
0	54	6132	0.15177	Hist	1978	7
6	8	17413	0.124688	-	207	255
10	12	3	0.123274	-	2	2
2	54	373	0.0932672	-	67	7
6	54	1162	0.0926674	-	207	7
5	54	20872	0.0911249	Hist	5785	7
7	54	1018	0.0910522	-	185	7
2	7	3242	0.0909017	-	67	185
9	54	20345	0.0908622	Hist	5827	7
8	54	1672	0.0907681	-	255	7
3	54	2223	0.0894538	-	551	7
1	54	2510	0.0892939	-	361	7
4	54	3096	0.0886038	-	700	7
1	8	21846	0.0857204	-	361	255
1	6	19092	0.0776787	-	361	207
2	6	4334	0.0702271	-	67	207
2	8	6093	0.0654492	-	67	255
1	7	18985	0.0607364	-	361	185
10	54	11	0.0408868	-	2	7
7	8	17596	0.0377536	-	185	255
13	54	10	0.0343375	-	2	7
10	42	4	0.0269869	-	2	2
2	10	127	0.0253347	-	67	2
3	4	66824	0.0234087	-	551	700
12	42	3	0.0165503	-	2	2
23	54	13	0.0123683	-	2	7
0	5	504832	0.011425	-	1978	5785
2	12	127	0.0109419	-	67	2
6	7	15988	0.00983514	-	207	185
0	2	52452	0.00819359	-	1978	67
0	9	492613	0.00708312	-	1978	5827
42	54	11	0.00659908	-	2	7
0	7	105231	0.00659356	-	1978	185
0	6	129440	0.00637803	-	1978	207
2	13	118	0.00502202	-	67	2
2	36	124	0.00477754	-	67	2
2	46	119	0.00431827	-	67	2
0	8	173569	0.00423484	-	1978	255
5	9	535066	0.00406096	-	5785	5827
0	3	156707	0.00388799	-	1978	551
12	45	4	0.00386075	-	2	2
2	23	125	0.00349403	-	67	2
36	54	12	0.00332214	-	2	7
10	45	3	0.00328385	-	2	2
12	46	4	0.0029211	-	2	2
12	54	13	0.00289686	-	2	7
2	4	16951	0.00277837	-	67	700
35	54	10	0.00249424	-	2	7
17	54	14	0.00247954	-	2	7
2	9	110096	0.00242388	-	67	5827
10	46	3	0.00239404	-	2	2
2	5	125867	0.00218101	-	67	5785
2	3	13765	0.00217404	-	67	551
5	7	223050	0.00207719	-	5785	185
25	54	9	0.00192386	-	2	7
2	45	116	0.00184143	-	67	2
1	2	13407	0.00183472	-	361	67
2	42	119	0.00183056	-	67	2
2	25	105	0.00171109	-	67	2
8	9	287028	0.00167551	-	255	5827
4	6	44916	0.00167237	-	700	207
0	4	161102	0.00161466	-	1978	700
1	5	417873	0.00161325	-	361	5785
10	13	3	0.00158055	-	2	2
10	43	3	0.00156746	-	2	2
10	25	3	0.00154629	-	2	2
0	1	270725	0.00153821	-	1978	361
12	13	3	0.00145791	-	2	2
4	8	61691	0.00136549	-	700	255
5	8	322556	0.00126962	-	5785	255
6	9	228296	0.00125779	-	207	5827
2	26	121	0.00125015	-	67	2
15	54	12	0.00123505	-	2	7
10	23	3	0.00122194	-	2	2
3	5	285143	0.00120634	-	551	5785
12	44	4	0.00108453	-	2	2
4	7	36016	0.00106603	-	700	185
43	54	11	0.00106503	-	2	7
7	9	196728	0.00102611	-	185	5827
11	54	10	0.00102134	-	2	7
10	11	3	0.00101956	-	2	2
1	9	388646	0.000965172	AVI	361	5827
12	43	3	0.00095904	AVI	2	2
12	25	3	0.000946087	AVI	2	2
45	54	13	0.000943302	AVI	2	7
11	12	3	0.000940452	AVI	2	2
5	6	262798	0.000920833	AVI	5785	207
3	8	49401	0.000919925	AVI	551	255
3	6	36154	0.000906315	AVI	551	207
19	54	11	0.00089489	AVI	2	7
16	54	11	0.000877782	AVI	2	7
13	23	4	0.000840745	AVI	2	2
10	44	3	0.000746347	AVI	2	2
3	7	28651	0.000740511	AVI	551	185
1	4	92830	0.000633247	AVI	361	700
46	54	13	0.000608964	AVI	2	7
26	54	13	0.000543133	AVI	2	7
36	42	3	0.00053844	AVI	2	2
2	37	109	0.000524307	AVI	67	2
4	5	326872	0.000513681	AVI	700	5785
12	26	4	0.000496475	AVI	2	2
51	54	10	0.000453966	AVI	2	7
42	45	3	0.000440874	AVI	2	2
2	17	118	0.000425208	AVI	67	2
1	3	78957	0.000402429	AVI	361	551
4	9	297980	0.000397121	AVI	700	5827
2	44	111	0.000393568	AVI	67	2
2	43	127	0.000391759	AVI	67	2
52	54	10	0.000385399	AVI	2	7
3	9	259984	0.000379952	AVI	551	5827
10	26	3	0.000339215	AVI	2	2
42	46	3	0.000321414	AVI	2	2
12	37	4	0.000265142	AVI	2	2
14	54	10	0.000261576	AVI	2	7
10	37	4	0.000246578	AVI	2	2
44	54	12	0.000245415	AVI	2	7
24	54	13	0.000237355	AVI	2	7
37	54	12	0.000232966	AVI	2	7
2	52	119	0.000230323	AVI	67	2
12	24	4	0.000220017	AVI	2	2
30	54	13	0.000217823	AVI	2	7
2	35	113	0.000215759	AVI	67	2
12	35	4	0.000213615	AVI	2	2
13	42	3	0.000212199	AVI	2	2
2	16	113	0.00018153	AVI	67	2
12	17	4	0.000177615	AVI	2	2
35	42	3	0.000171798	AVI	2	2
10	24	3	0.000170422	AVI	2	2
10	17	3	0.000170035	AVI	2	2
23	42	3	0.000164052	AVI	2	2
2	51	108	0.000157065	AVI	67	2
53	54	10	0.00014346	AVI	2	7
42	43	3	0.000139588	AVI	2	2
25	42	3	0.000137701	AVI	2	2
11	42	4	0.000133485	AVI	2	2
10	35	4	0.000124257	AVI	2	2
2	24	103	0.000122526	AVI	67	2
13	19	3	0.000121287	AVI	2	2
2	11	110	0.000106788	AVI	67	2
2	33	107	0.00010582	AVI	67	2
42	44	3	0.000100202	AVI	2	2
12	36	4	9.86777e-05	AVI	2	2
36	45	3	9.85467e-05	AVI	2	2
2	32	96	9.83575e-05	AVI	67	2
11	36	4	9.31364e-05	AVI	2	2
2	14	116	8.15031e-05	AVI	67	2
18	54	10	7.24032e-05	AVI	2	7
36	46	3	7.18434e-05	AVI	2	2
37	42	3	6.833e-05	AVI	2	2
10	15	3	6.21264e-05	AVI	2	2
45	46	3	5.88257e-05	AVI	2	2
13	36	3	4.74324e-05	AVI	2	2
10	19	3	4.7352e-05	AVI	2	2
26	42	3	4.55415e-05	AVI	2	2
11	35	4	4.40554e-05	AVI	2	2
12	19	3	4.36774e-05	AVI	2	2
10	36	4	4.05042e-05	AVI	2	2
7	32	251	3.99686e-05	AVI	185	2
13	45	3	3.88365e-05	AVI	2	2
35	36	3	3.84008e-05	AVI	2	2
10	33	4	3.68086e-05	AVI	2	2
23	36	3	3.66696e-05	AVI	2	2
42	51	3	3.62308e-05	AVI	2	2
35	45	3	3.14429e-05	AVI	2	2
36	43	3	3.12019e-05	AVI	2	2
25	36	3	3.078e-05	AVI	2	2
23	45	3	3.00245e-05	AVI	2	2
42	52	3	2.83865e-05	AVI	2	2
13	46	3	2.83143e-05	AVI	2	2
13	14	3	2.56167e-05	AVI	2	2
43	45	3	2.55472e-05	AVI	2	2
10	16	3	2.54025e-05	AVI	2	2
27	54	10	2.52883e-05	AVI	2	7
25	45	3	2.52025e-05	AVI	2	2
12	15	4	2.34594e-05	AVI	2	2
35	46	3	2.29229e-05	AVI	2	2
24	42	3	2.2881e-05	AVI	2	2
17	42	3	2.28276e-05	AVI	2	2
33	54	12	2.269e-05	AVI	2	7
36	44	3	2.23973e-05	AVI	2	2
2	18	106	2.20714e-05	AVI	67	2
23	46	3	2.18896e-05	AVI	2	2
43	46	3	1.86255e-05	AVI	2	2
25	46	3	1.83732e-05	AVI	2	2
44	45	3	1.83384e-05	AVI	2	2
2	53	111	1.81958e-05	AVI	67	2
7	39	256	1.81851e-05	AVI	185	2
2	41	108	1.54796e-05	AVI	67	2
36	37	3	1.52737e-05	AVI	2	2
13	35	3	1.51339e-05	AVI	2	2
13	16	4	1.47204e-05	AVI	2	2
32	54	11	1.40913e-05	AVI	2	7
12	33	4	1.34208e-05	AVI	2	2
44	46	3	1.337e-05	AVI	2	2
2	30	105	1.33652e-05	AVI	67	2
10	30	3	1.27571e-05	AVI	2	2
33	42	3	1.26662e-05	AVI	2	2
37	45	3	1.25056e-05	AVI	2	2
13	43	3	1.22968e-05	AVI	2	2
13	25	3	1.21305e-05	AVI	2	2
12	53	4	1.21062e-05	AVI	2	2
11	13	3	1.20578e-05	AVI	2	2
39	54	10	1.20197e-05	AVI	2	7
23	35	3	1.16995e-05	AVI	2	2
42	53	3	1.13016e-05	AVI	2	2
12	39	3	1.12475e-05	AVI	2	2
31	54	10	1.09765e-05	AVI	2	7
2	39	95	1.09607e-05	AVI	67	2
26	36	3	1.01797e-05	AVI	2	2
7	47	248	1.01635e-05	AVI	185	2
10	14	3	1.00011e-05	AVI	2	2
2	31	95	9.95945e-06	AVI	67	2
35	43	3	9.95505e-06	AVI	2	2
25	35	3	9.82064e-06	AVI	2	2
23	43	3	9.50625e-06	AVI	2	2
23	25	3	9.37816e-06	AVI	2	2
11	23	3	9.32159e-06	AVI	2	2
12	14	3	9.22492e-06	AVI	2	2
37	46	3	9.11725e-06	AVI	2	2
13	15	4	8.88738e-06	AVI	2	2
13	44	3	8.82687e-06	AVI	2	2
7	31	235	8.79184e-06	AVI	185	2
11	53	4	8.54826e-06	AVI	2	2
15	42	3	8.34093e-06	AVI	2	2
26	45	3	8.33527e-06	AVI	2	2
36	51	3	8.09848e-06	AVI	2	2
25	43	3	7.97968e-06	AVI	2	2
11	43	3	7.93198e-06	AVI	2	2
11	25	3	7.8247e-06	AVI	2	2
2	15	106	7.49039e-06	AVI	67	2
2	29	105	7.42902e-06	AVI	67	2
10	39	3	7.29135e-06	AVI	2	2
35	44	3	7.14594e-06	AVI	2	2
13	18	3	7.09401e-06	AVI	2	2
12	30	4	6.82789e-06	AVI	2	2
23	44	3	6.82364e-06	AVI	2	2
48	54	10	6.71899e-06	AVI	2	7
45	51	3	6.63075e-06	AVI	2	2
19	42	3	6.35743e-06	AVI	2	2
36	52	3	6.34501e-06	AVI	2	2
12	32	4	6.15243e-06	AVI	2	2
26	46	3	6.07653e-06	AVI	2	2
13	37	3	6.01945e-06	AVI	2	2
29	54	13	5.84508e-06	AVI	2	7
43	44	3	5.80631e-06	AVI	2	2
25	44	3	5.72785e-06	AVI	2	2
2	40	99	5.69391e-06	AVI	67	2
45	52	3	5.19545e-06	AVI	2	2
11	51	4	5.19228e-06	AVI	2	2
47	54	12	5.14889e-06	AVI	2	7
10	31	4	5.1427e-06	AVI	2	2
24	36	3	5.11437e-06	AVI	2	2
17	36	3	5.10248e-06	AVI	2	2
35	37	3	4.87312e-06	AVI	2	2
46	51	3	4.83437e-06	AVI	2	2
10	32	4	4.82394e-06	AVI	2	2
23	37	3	4.65327e-06	AVI	2	2
12	29	4	4.42547e-06	AVI	2	2
12	47	3	4.3475e-06	AVI	2	2
24	45	3	4.18753e-06	AVI	2	2
17	45	3	4.17787e-06	AVI	2	2
10	29	4	4.02249e-06	AVI	2	2
13	26	3	4.01186e-06	AVI	2	2
37	43	3	3.95974e-06	AVI	2	2
25	37	3	3.90588e-06	AVI	2	2
11	45	4	3.85551e-06	AVI	2	2
46	52	3	3.78755e-06	AVI	2	2
12	31	3	3.61403e-06	AVI	2	2
12	51	4	3.43698e-06	AVI	2	2
11	37	4	3.42956e-06	AVI	2	2
16	42	3	3.41038e-06	AVI	2	2
26	35	3	3.24792e-06	AVI	2	2
13	51	3	3.19159e-06	AVI	2	2
2	19	112	3.19062e-06	AVI	67	2
34	54	10	3.17017e-06	AVI	2	7
6	38	249	3.14577e-06	AVI	207	2
23	26	3	3.10131e-06	AVI	2	2
24	46	3	3.05275e-06	AVI	2	2
17	46	3	3.04588e-06	AVI	2	2
37	44	3	2.84229e-06	AVI	2	2
33	36	3	2.83129e-06	AVI	2	2
10	47	3	2.81845e-06	AVI	2	2
10	18	3	2.76947e-06	AVI	2	2
2	22	92	2.65175e-06	AVI	67	2
26	43	3	2.63891e-06	AVI	2	2
11	44	4	2.61172e-06	AVI	2	2
25	26	3	2.60335e-06	AVI	2	2
35	51	3	2.58384e-06	AVI	2	2
12	18	3	2.5548e-06	AVI	2	2
36	53	3	2.5263e-06	AVI	2	2
13	52	3	2.50049e-06	AVI	2	2
7	34	232	2.48049e-06	AVI	185	2
23	51	3	2.46734e-06	AVI	2	2
32	42	3	2.36712e-06	AVI	2	2
33	45	3	2.31789e-06	AVI	2	2
2	48	102	2.25244e-06	AVI	67	2
10	22	3	2.15217e-06	AVI	2	2
41	54	10	2.12306e-06	AVI	2	7
43	51	3	2.09956e-06	AVI	2	2
22	54	9	2.08621e-06	AVI	2	7
25	51	3	2.07121e-06	AVI	2	2
45	53	3	2.06848e-06	AVI	2	2
35	52	3	2.02455e-06	AVI	2	2
12	40	3	1.97384e-06	AVI	2	2
23	52	3	1.93328e-06	AVI	2	2
7	40	250	1.90809e-06	AVI	185	2
26	44	3	1.89446e-06	AVI	2	2
15	36	3	1.86448e-06	AVI	2	2
10	52	4	1.73248e-06	AVI	2	2
30	42	3	1.7126e-06	AVI	2	2
33	46	3	1.68997e-06	AVI	2	2
43	52	3	1.64492e-06	AVI	2	2
24	35	3	1.63172e-06	AVI	2	2
17	35	3	1.62803e-06	AVI	2	2
25	52	3	1.62279e-06	AVI	2	2
23	24	3	1.55827e-06	AVI	2	2
7	22	247	1.55702e-06	AVI	185	2
17	23	3	1.55467e-06	AVI	2	2
15	45	3	1.52649e-06	AVI	2	2
46	53	3	1.50797e-06	AVI	2	2
44	51	3	1.507e-06	AVI	2	2
12	41	3	1.49751e-06	AVI	2	2
10	51	4	1.47527e-06	AVI	2	2
19	36	3	1.42104e-06	AVI	2	2
14	42	3	1.34276e-06	AVI	2	2
12	23	4	1.33193e-06	AVI	2	2
24	43	3	1.32599e-06	AVI	2	2
11	26	4	1.32521e-06	AVI	2	2
17	43	3	1.32283e-06	AVI	2	2
12	22	3	1.31677e-06	AVI	2	2
24	25	3	1.30791e-06	AVI	2	2
17	25	3	1.30491e-06	AVI	2	2
11	24	3	1.30007e-06	AVI	2	2
11	17	3	1.29722e-06	AVI	2	2
26	37	3	1.29177e-06	AVI	2	2
10	40	3	1.27978e-06	AVI	2	2
2	38	95	1.26283e-06	AVI	67	2
29	42	3	1.18255e-06	AVI	2	2
44	52	3	1.18085e-06	AVI	2	2
12	34	3	1.17483e-06	AVI	2	2
2	34	92	1.17146e-06	AVI	67	2
19	45	3	1.16355e-06	AVI	2	2
13	33	3	1.1157e-06	AVI	2	2
15	46	3	1.11292e-06	AVI	2	2
13	30	4	1.0531e-06	AVI	2	2
37	51	3	1.02765e-06	AVI	2	2
13	53	3	9.95537e-07	AVI	2	2
39	42	3	9.78908e-07	AVI	2	2
10	41	3	9.70806e-07	AVI	2	2
10	53	4	9.69175e-07	AVI	2	2
24	44	3	9.51744e-07	AVI	2	2
17	44	3	9.49558e-07	AVI	2	2
33	35	3	9.032e-07	AVI	2	2
23	33	3	8.62483e-07	AVI	2	2
19	46	3	8.48236e-07	AVI	2	2
11	46	4	8.28104e-07	AVI	2	2
35	53	3	8.05927e-07	AVI	2	2
37	52	3	8.05218e-07	AVI	2	2
40	54	10	7.83612e-07	AVI	2	7
2	47	101	7.80539e-07	AVI	67	2
23	53	3	7.69629e-07	AVI	2	2
16	36	3	7.62269e-07	AVI	2	2
10	34	3	7.61638e-07	AVI	2	2
33	43	3	7.33942e-07	AVI	2	2
25	33	3	7.2409e-07	AVI	2	2
26	51	3	6.84978e-07	AVI	2	2
43	53	3	6.54902e-07	AVI	2	2
13	17	4	6.52466e-07	AVI	2	2
24	37	3	6.49141e-07	AVI	2	2
17	37	3	6.47543e-07	AVI	2	2
25	53	3	6.46012e-07	AVI	2	2
11	38	3	6.31826e-07	AVI	2	2
16	45	3	6.24178e-07	AVI	2	2
15	35	3	5.94855e-07	AVI	2	2
2	21	79	5.90346e-07	AVI	67	2
15	23	3	5.67978e-07	AVI	2	2
11	33	4	5.63055e-07	AVI	2	2
26	52	3	5.36656e-07	AVI	2	2
32	36	3	5.29091e-07	AVI	2	2
33	44	3	5.26815e-07	AVI	2	2
31	42	3	5.2604e-07	AVI	2	2
42	48	3	5.21593e-07	AVI	2	2
11	48	4	5.15695e-07	AVI	2	2
15	43	3	4.83314e-07	AVI	2	2
11	32	4	4.78768e-07	AVI	2	2
15	25	3	4.76822e-07	AVI	2	2
11	15	3	4.73944e-07	AVI	2	2
44	53	3	4.70003e-07	AVI	2	2
16	46	3	4.55e-07	AVI	2	2
19	35	3	4.53279e-07	AVI	2	2
32	45	3	4.33199e-07	AVI	2	2
19	23	3	4.32879e-07	AVI	2	2
24	26	3	4.32577e-07	AVI	2	2
17	26	3	4.31601e-07	AVI	2	2
51	52	3	4.26926e-07	AVI	2	2
10	27	3	3.88975e-07	AVI	2	2
30	36	3	3.82819e-07	AVI	2	2
42	47	3	3.7836e-07	AVI	2	2
18	42	3	3.71819e-07	AVI	2	2
12	16	4	3.71484e-07	AVI	2	2
19	43	3	3.68406e-07	AVI	2	2
19	25	3	3.63433e-07	AVI	2	2
11	19	3	3.61227e-07	AVI	2	2
33	37	3	3.59248e-07	AVI	2	2
7	38	244	3.50364e-07	AVI	185	2
15	44	3	3.469e-07	AVI	2	2
24	51	3	3.44137e-07	AVI	2	2
17	51	3	3.4334e-07	AVI	2	2
13	27	4	3.26024e-07	AVI	2	2
37	53	3	3.20567e-07	AVI	2	2
32	46	3	3.15871e-07	AVI	2	2
30	45	3	3.1345e-07	AVI	2	2
14	36	3	3.0015e-07	AVI	2	2
24	52	3	2.69619e-07	AVI	2	2
17	52	3	2.6898e-07	AVI	2	2
19	44	3	2.64383e-07	AVI	2	2
29	36	3	2.64349e-07	AVI	2	2
50	54	8	2.53924e-07	AVI	2	7
14	45	3	2.4572e-07	AVI	2	2
10	38	3	2.43613e-07	AVI	2	2
16	35	3	2.43188e-07	AVI	2	2
26	33	3	2.39395e-07	AVI	2	2
15	37	3	2.3661e-07	AVI	2	2
16	23	3	2.32231e-07	AVI	2	2
30	46	3	2.28492e-07	AVI	2	2
12	38	3	2.24644e-07	AVI	2	2
36	39	3	2.18807e-07	AVI	2	2
17	24	3	2.16799e-07	AVI	2	2
29	45	3	2.16445e-07	AVI	2	2
26	53	3	2.13657e-07	AVI	2	2
13	32	3	2.08536e-07	AVI	2	2
10	48	4	2.00501e-07	AVI	2	2
16	43	3	1.97686e-07	AVI	2	2
16	25	3	1.94946e-07	AVI	2	2
11	16	3	1.93777e-07	AVI	2	2
22	42	3	1.91676e-07	AVI	2	2
33	51	3	1.90445e-07	AVI	2	2
7	49	204	1.87159e-07	AVI	185	2
7	21	212	1.81998e-07	AVI	185	2
19	37	3	1.80323e-07	AVI	2	2
14	46	3	1.7916e-07	AVI	2	2
39	45	3	1.79124e-07	AVI	2	2
38	54	9	1.77999e-07	AVI	2	7
40	42	3	1.7178e-07	AVI	2	2
51	53	3	1.69924e-07	AVI	2	2
32	35	3	1.68806e-07	AVI	2	2
23	32	3	1.61179e-07	AVI	2	2
29	46	3	1.57815e-07	AVI	2	2
15	26	3	1.57693e-07	AVI	2	2
6	21	241	1.57456e-07	AVI	207	2
11	52	4	1.56065e-07	AVI	2	2
33	52	3	1.49258e-07	AVI	2	2
16	44	3	1.41852e-07	AVI	2	2
32	43	3	1.37159e-07	AVI	2	2
25	32	3	1.35296e-07	AVI	2	2
52	53	3	1.33191e-07	AVI	2	2
39	46	3	1.30613e-07	AVI	2	2
41	42	3	1.30306e-07	AVI	2	2
15	51	3	1.25405e-07	AVI	2	2
30	35	3	1.22152e-07	AVI	2	2
13	24	4	1.21233e-07	AVI	2	2
24	33	3	1.2032e-07	AVI	2	2
19	26	3	1.20191e-07	AVI	2	2
17	33	3	1.20022e-07	AVI	2	2
31	36	3	1.17599e-07	AVI	2	2
23	30	3	1.16632e-07	AVI	2	2
36	48	3	1.16607e-07	AVI	2	2
24	53	3	1.07357e-07	AVI	2	2
17	53	3	1.07116e-07	AVI	2	2
34	42	3	1.02256e-07	AVI	2	2
2	20	80	1.00062e-07	AVI	67	2
30	43	3	9.92789e-08	AVI	2	2
32	44	3	9.84224e-08	AVI	2	2
15	52	3	9.82812e-08	AVI	2	2
25	30	3	9.7894e-08	AVI	2	2
11	30	3	9.73033e-08	AVI	2	2
16	37	3	9.67597e-08	AVI	2	2
31	45	3	9.62866e-08	AVI	2	2
14	35	3	9.57122e-08	AVI	2	2
19	51	3	9.55865e-08	AVI	2	2
45	48	3	9.54712e-08	AVI	2	2
14	23	3	9.14079e-08	AVI	2	2
6	49	237	8.62484e-08	AVI	207	2
13	39	3	8.62417e-08	AVI	2	2
36	47	3	8.45803e-08	AVI	2	2
29	35	3	8.43495e-08	AVI	2	2
2	49	80	8.43238e-08	AVI	67	2
18	36	3	8.31213e-08	AVI	2	2
23	29	3	8.04941e-08	AVI	2	2
15	24	3	7.92176e-08	AVI	2	2
15	17	3	7.9045e-08	AVI	2	2
2	27	104	7.87013e-08	AVI	67	2
14	43	3	7.7814e-08	AVI	2	2
14	25	3	7.67624e-08	AVI	2	2
11	14	3	7.63089e-08	AVI	2	2
2	50	102	7.62075e-08	AVI	67	2
19	52	3	7.49019e-08	AVI	2	2
30	44	3	7.12386e-08	AVI	2	2
31	46	3	7.02012e-08	AVI	2	2
35	39	3	6.9777e-08	AVI	2	2
46	48	3	6.96085e-08	AVI	2	2
45	47	3	6.92539e-08	AVI	2	2
29	43	3	6.85317e-08	AVI	2	2
18	45	3	6.80388e-08	AVI	2	2
25	29	3	6.76106e-08	AVI	2	2
32	37	3	6.71377e-08	AVI	2	2
23	39	3	6.66331e-08	AVI	2	2
16	26	3	6.44683e-08	AVI	2	2
19	24	3	6.03756e-08	AVI	2	2
17	19	3	6.0255e-08	AVI	2	2
33	53	3	5.93826e-08	AVI	2	2
39	43	3	5.67243e-08	AVI	2	2
25	39	3	5.59468e-08	AVI	2	2
14	44	3	5.58152e-08	AVI	2	2
11	39	3	5.56192e-08	AVI	2	2
6	20	238	5.49928e-08	AVI	207	2
10	21	3	5.23385e-08	AVI	2	2
27	42	3	5.22237e-08	AVI	2	2
10	50	4	5.19091e-08	AVI	2	2
16	51	3	5.12974e-08	AVI	2	2
46	47	3	5.04799e-08	AVI	2	2
12	52	4	5.01612e-08	AVI	2	2
18	46	3	4.96166e-08	AVI	2	2
29	44	3	4.91641e-08	AVI	2	2
30	37	3	4.86123e-08	AVI	2	2
7	20	213	4.77698e-08	AVI	185	2
13	31	3	4.63643e-08	AVI	2	2
13	48	3	4.5966e-08	AVI	2	2
12	48	4	4.51935e-08	AVI	2	2
26	32	3	4.47417e-08	AVI	2	2
15	33	3	4.38382e-08	AVI	2	2
22	36	3	4.28357e-08	AVI	2	2
39	44	3	4.06829e-08	AVI	2	2
16	52	3	4.01808e-08	AVI	2	2
15	53	3	3.90997e-08	AVI	2	2
36	40	3	3.83985e-08	AVI	2	2
14	37	3	3.80795e-08	AVI	2	2
31	35	3	3.75227e-08	AVI	2	2
35	48	3	3.71894e-08	AVI	2	2
23	31	3	3.58252e-08	AVI	2	2
32	51	3	3.55775e-08	AVI	2	2
23	48	3	3.55229e-08	AVI	2	2
22	45	3	3.50572e-08	AVI	2	2
29	37	3	3.35537e-08	AVI	2	2
19	33	3	3.34141e-08	AVI	2	2
13	47	3	3.3335e-08	AVI	2	2
20	54	8	3.3172e-08	AVI	2	7
38	42	3	3.26943e-08	AVI	2	2
16	24	3	3.24207e-08	AVI	2	2
26	30	3	3.23676e-08	AVI	2	2
16	17	3	3.23111e-08	AVI	2	2
12	21	3	3.20169e-08	AVI	2	2
40	45	3	3.14503e-08	AVI	2	2
31	43	3	3.04944e-08	AVI	2	2
43	48	3	3.02375e-08	AVI	2	2
25	31	3	3.0078e-08	AVI	2	2
25	48	3	2.9823e-08	AVI	2	2
19	53	3	2.98001e-08	AVI	2	2
36	41	3	2.91256e-08	AVI	2	2
21	54	9	2.91228e-08	AVI	2	7
32	52	3	2.78948e-08	AVI	2	2
37	39	3	2.77696e-08	AVI	2	2
35	47	3	2.69855e-08	AVI	2	2
18	35	3	2.65222e-08	AVI	2	2
23	47	3	2.57721e-08	AVI	2	2
30	51	3	2.57685e-08	AVI	2	2
22	46	3	2.55724e-08	AVI	2	2
14	26	3	2.53893e-08	AVI	2	2
18	23	3	2.53002e-08	AVI	2	2
41	45	3	2.38289e-08	AVI	2	2
12	49	3	2.36665e-08	AVI	2	2
40	46	3	2.29202e-08	AVI	2	2
34	36	3	2.28499e-08	AVI	2	2
24	32	3	2.24831e-08	AVI	2	2
17	32	3	2.24282e-08	AVI	2	2
26	29	3	2.23643e-08	AVI	2	2
15	19	3	2.20131e-08	AVI	2	2
43	47	3	2.1934e-08	AVI	2	2
31	44	3	2.18752e-08	AVI	2	2
44	48	3	2.16946e-08	AVI	2	2
25	47	3	2.16366e-08	AVI	2	2
18	43	3	2.15538e-08	AVI	2	2
11	47	3	2.15072e-08	AVI	2	2
12	50	4	2.14795e-08	AVI	2	2
13	29	4	2.13619e-08	AVI	2	2
18	25	3	2.12591e-08	AVI	2	2
11	18	3	2.11309e-08	AVI	2	2
30	52	3	2.01821e-08	AVI	2	2
14	51	3	2.01798e-08	AVI	2	2
34	45	3	1.87081e-08	AVI	2	2
26	39	3	1.85092e-08	AVI	2	2
10	20	3	1.80025e-08	AVI	2	2
16	33	3	1.79255e-08	AVI	2	2
29	51	3	1.77718e-08	AVI	2	2
41	46	3	1.73901e-08	AVI	2	2
13	22	3	1.68771e-08	AVI	2	2
24	30	3	1.62734e-08	AVI	2	2
17	30	3	1.62268e-08	AVI	2	2
16	53	3	1.59944e-08	AVI	2	2
14	52	3	1.58271e-08	AVI	2	2
44	47	3	1.57402e-08	AVI	2	2
18	44	3	1.54501e-08	AVI	2	2
10	49	3	1.53505e-08	AVI	2	2
13	40	3	1.51441e-08	AVI	2	2
31	37	3	1.49329e-08	AVI	2	2
37	48	3	1.4814e-08	AVI	2	2
39	51	3	1.47116e-08	AVI	2	2
29	52	3	1.39346e-08	AVI	2	2
34	46	3	1.3649e-08	AVI	2	2
22	35	3	1.36481e-08	AVI	2	2
49	54	10	1.32947e-08	AVI	2	7
22	23	3	1.30341e-08	AVI	2	2
42	50	3	1.29202e-08	AVI	2	2
14	24	3	1.27476e-08	AVI	2	2
14	17	3	1.272e-08	AVI	2	2
32	33	3	1.24287e-08	AVI	2	2
35	40	3	1.22487e-08	AVI	2	2
15	16	3	1.18118e-08	AVI	2	2
23	40	3	1.16949e-08	AVI	2	2
27	36	3	1.16688e-08	AVI	2	2
39	52	3	1.153e-08	AVI	2	2
13	41	3	1.14794e-08	AVI	2	2
24	29	3	1.12363e-08	AVI	2	2
17	29	3	1.12104e-08	AVI	2	2
22	43	3	1.11079e-08	AVI	2	2
32	53	3	1.10981e-08	AVI	2	2
12	20	3	1.10123e-08	AVI	2	2
22	25	3	1.09624e-08	AVI	2	2
11	22	3	1.08966e-08	AVI	2	2
37	47	3	1.07376e-08	AVI	2	2
18	37	3	1.05492e-08	AVI	2	2
40	43	3	9.96261e-09	AVI	2	2
26	31	3	9.94357e-09	AVI	2	2
26	48	3	9.85899e-09	AVI	2	2
25	40	3	9.82496e-09	AVI	2	2
11	40	3	9.76279e-09	AVI	2	2
27	45	3	9.55151e-09	AVI	2	2
24	39	3	9.30007e-09	AVI	2	2
35	41	3	9.2822e-09	AVI	2	2
17	39	3	9.27656e-09	AVI	2	2
13	34	3	9.01114e-09	AVI	2	2
30	33	3	9.00873e-09	AVI	2	2
16	19	3	8.99985e-09	AVI	2	2
23	41	3	8.86048e-09	AVI	2	2
15	32	3	8.19848e-09	AVI	2	2
30	53	3	8.03381e-09	AVI	2	2
22	44	3	7.9604e-09	AVI	2	2
31	51	3	7.91436e-09	AVI	2	2
48	51	3	7.84978e-09	AVI	2	2
41	43	3	7.54707e-09	AVI	2	2
25	41	3	7.44888e-09	AVI	2	2
11	41	3	7.39494e-09	AVI	2	2
36	38	3	7.30231e-09	AVI	2	2
34	35	3	7.29302e-09	AVI	2	2
26	47	3	7.15757e-09	AVI	2	2
40	44	3	7.14322e-09	AVI	2	2
14	33	3	7.05235e-09	AVI	2	2
18	26	3	7.03488e-09	AVI	2	2
27	46	3	6.96534e-09	AVI	2	2
23	34	3	6.95171e-09	AVI	2	2
14	53	3	6.28917e-09	AVI	2	2
19	32	3	6.24755e-09	AVI	2	2
29	33	3	6.20703e-09	AVI	2	2
31	52	3	6.19891e-09	AVI	2	2
48	52	3	6.14186e-09	AVI	2	2
38	45	3	5.98136e-09	AVI	2	2
15	30	3	5.93208e-09	AVI	2	2
34	43	3	5.92947e-09	AVI	2	2
25	34	3	5.84275e-09	AVI	2	2
11	34	3	5.81378e-09	AVI	2	2
47	51	3	5.69244e-09	AVI	2	2
18	51	3	5.58327e-09	AVI	2	2
29	53	3	5.53757e-09	AVI	2	2
22	37	3	5.4368e-09	AVI	2	2
41	44	3	5.41482e-09	AVI	2	2
33	39	3	5.13535e-09	AVI	2	2
24	31	3	5.00281e-09	AVI	2	2
17	31	3	4.98563e-09	AVI	2	2
24	48	3	4.96015e-09	AVI	2	2
17	48	3	4.94304e-09	AVI	2	2
37	40	3	4.87771e-09	AVI	2	2
21	42	3	4.65758e-09	AVI	2	2
14	15	3	4.64465e-09	AVI	2	2
39	53	3	4.58559e-09	AVI	2	2
19	30	3	4.51806e-09	AVI	2	2
47	52	3	4.45589e-09	AVI	2	2
18	52	3	4.3835e-09	AVI	2	2
38	46	3	4.36449e-09	AVI	2	2
34	44	3	4.25367e-09	AVI	2	2
15	29	3	4.09484e-09	AVI	2	2
27	35	3	3.72047e-09	AVI	2	2
37	41	3	3.69378e-09	AVI	2	2
22	26	3	3.62593e-09	AVI	2	2
24	47	3	3.59679e-09	AVI	2	2
17	47	3	3.58225e-09	AVI	2	2
23	27	3	3.55264e-09	AVI	2	2
14	19	3	3.53319e-09	AVI	2	2
18	24	3	3.53187e-09	AVI	2	2
17	18	3	3.52462e-09	AVI	2	2
15	39	3	3.38076e-09	AVI	2	2
16	32	3	3.35236e-09	AVI	2	2
26	40	3	3.24923e-09	AVI	2	2
19	29	3	3.12321e-09	AVI	2	2
27	43	3	3.02495e-09	AVI	2	2
25	27	3	2.98359e-09	AVI	2	2
11	27	3	2.96976e-09	AVI	2	2
34	37	3	2.89906e-09	AVI	2	2
13	38	3	2.88735e-09	AVI	2	2
36	50	3	2.88525e-09	AVI	2	2
22	51	3	2.87783e-09	AVI	2	2
31	33	3	2.76682e-09	AVI	2	2
33	48	3	2.74152e-09	AVI	2	2
11	29	4	2.6938e-09	AVI	2	2
40	51	3	2.58681e-09	AVI	2	2
19	39	3	2.57725e-09	AVI	2	2
31	53	3	2.46906e-09	AVI	2	2
26	41	3	2.46675e-09	AVI	2	2
48	53	3	2.44517e-09	AVI	2	2
16	30	3	2.42311e-09	AVI	2	2
11	31	4	2.39888e-09	AVI	2	2
12	27	4	2.36977e-09	AVI	2	2
45	50	3	2.36531e-09	AVI	2	2
35	38	3	2.33051e-09	AVI	2	2
22	52	3	2.25846e-09	AVI	2	2
23	38	3	2.22778e-09	AVI	2	2
27	44	3	2.1661e-09	AVI	2	2
42	49	3	2.06175e-09	AVI	2	2
7	28	188	2.0486e-09	AVI	185	2
40	52	3	2.02362e-09	AVI	2	2
33	47	3	1.98783e-09	AVI	2	2
41	51	3	1.9539e-09	AVI	2	2
18	33	3	1.9504e-09	AVI	2	2
26	34	3	1.93325e-09	AVI	2	2
14	16	3	1.90336e-09	AVI	2	2
38	43	3	1.90122e-09	AVI	2	2
25	38	3	1.86864e-09	AVI	2	2
15	31	3	1.82037e-09	AVI	2	2
22	24	3	1.81817e-09	AVI	2	2
17	22	3	1.81812e-09	AVI	2	2
15	48	3	1.805e-09	AVI	2	2
47	53	3	1.77743e-09	AVI	2	2
18	53	3	1.73705e-09	AVI	2	2
46	50	3	1.72493e-09	AVI	2	2
30	32	3	1.68366e-09	AVI	2	2
16	29	3	1.67448e-09	AVI	2	2
24	40	3	1.63267e-09	AVI	2	2
17	40	3	1.62776e-09	AVI	2	2
20	42	3	1.60105e-09	AVI	2	2
34	51	3	1.53984e-09	AVI	2	2
41	52	3	1.53533e-09	AVI	2	2
27	37	3	1.47917e-09	AVI	2	2
19	31	3	1.3903e-09	AVI	2	2
16	39	3	1.38772e-09	AVI	2	2
19	48	3	1.37688e-09	AVI	2	2
38	44	3	1.36159e-09	AVI	2	2
14	32	3	1.32067e-09	AVI	2	2
15	47	3	1.30804e-09	AVI	2	2
15	18	3	1.28637e-09	AVI	2	2
24	41	3	1.2359e-09	AVI	2	2
17	41	3	1.23587e-09	AVI	2	2
34	52	3	1.20494e-09	AVI	2	2
29	32	3	1.16395e-09	AVI	2	2
13	50	3	1.13997e-09	AVI	2	2
21	36	3	1.04253e-09	AVI	2	2
22	33	3	1.00465e-09	AVI	2	2
19	47	3	9.96966e-10	AVI	2	2
26	27	3	9.87579e-10	AVI	2	2
18	19	3	9.78079e-10	AVI	2	2
24	34	3	9.71728e-10	AVI	2	2
17	34	3	9.67949e-10	AVI	2	2
32	39	3	9.56787e-10	AVI	2	2
14	30	3	9.52822e-10	AVI	2	2
37	38	3	9.30091e-10	AVI	2	2
35	50	3	9.20296e-10	AVI	2	2
33	40	3	9.04252e-10	AVI	2	2
22	53	3	8.96329e-10	AVI	2	2
23	50	3	8.78582e-10	AVI	2	2
28	54	8	8.64331e-10	AVI	2	7
21	45	3	8.52067e-10	AVI	2	2
29	30	3	8.41295e-10	AVI	2	2
40	53	3	8.05095e-10	AVI	2	2
27	51	3	7.83375e-10	AVI	2	2
43	50	3	7.49128e-10	AVI	2	2
16	31	3	7.44089e-10	AVI	2	2
25	50	3	7.3884e-10	AVI	2	2
16	48	3	7.37552e-10	AVI	2	2
11	50	3	7.35399e-10	AVI	2	2
6	28	210	7.3518e-10	AVI	207	2
30	39	3	6.94977e-10	AVI	2	2
33	41	3	6.81121e-10	AVI	2	2
15	22	3	6.60644e-10	AVI	2	2
14	29	3	6.60508e-10	AVI	2	2
21	46	3	6.22704e-10	AVI	2	2
26	38	3	6.19194e-10	AVI	2	2
27	52	3	6.1537e-10	AVI	2	2
41	53	3	6.07332e-10	AVI	2	2
15	40	3	5.9441e-10	AVI	2	2
14	39	3	5.42838e-10	AVI	2	2
44	50	3	5.36997e-10	AVI	2	2
33	34	3	5.35902e-10	AVI	2	2
16	47	3	5.35255e-10	AVI	2	2
16	18	3	5.26955e-10	AVI	2	2
31	32	3	5.15557e-10	AVI	2	2
32	48	3	5.12833e-10	AVI	2	2
19	22	3	5.03622e-10	AVI	2	2
24	27	3	4.94809e-10	AVI	2	2
17	27	3	4.94797e-10	AVI	2	2
38	51	3	4.92092e-10	AVI	2	2
34	53	3	4.78608e-10	AVI	2	2
29	39	3	4.77768e-10	AVI	2	2
36	49	3	4.61497e-10	AVI	2	2
19	40	3	4.53703e-10	AVI	2	2
15	41	3	4.4924e-10	AVI	2	2
13	21	3	4.10806e-10	AVI	2	2
38	52	3	3.84703e-10	AVI	2	2
45	49	3	3.77847e-10	AVI	2	2
30	31	3	3.7407e-10	AVI	2	2
32	47	3	3.71958e-10	AVI	2	2
30	48	3	3.71752e-10	AVI	2	2
37	50	3	3.66107e-10	AVI	2	2
18	32	3	3.65051e-10	AVI	2	2
20	36	3	3.5747e-10	AVI	2	2
15	34	3	3.53132e-10	AVI	2	2
19	41	3	3.41438e-10	AVI	2	2
21	35	3	3.32581e-10	AVI	2	2
21	23	3	3.14481e-10	AVI	2	2
24	38	3	3.09783e-10	AVI	2	2
17	38	3	3.09775e-10	AVI	2	2
20	45	3	2.93282e-10	AVI	2	2
14	31	3	2.9308e-10	AVI	2	2
14	48	3	2.9103e-10	AVI	2	2
2	28	70	2.79183e-10	AVI	67	2
46	49	3	2.74667e-10	AVI	2	2
27	33	3	2.73307e-10	AVI	2	2
16	22	3	2.71459e-10	AVI	2	2
19	34	3	2.70166e-10	AVI	2	2
21	43	3	2.69229e-10	AVI	2	2
30	47	3	2.6905e-10	AVI	2	2
21	25	3	2.67127e-10	AVI	2	2
18	30	3	2.6513e-10	AVI	2	2
11	21	3	2.65088e-10	AVI	2	2
29	31	3	2.5919e-10	AVI	2	2
29	48	3	2.55347e-10	AVI	2	2
26	50	3	2.43922e-10	AVI	2	2
16	40	3	2.42627e-10	AVI	2	2
27	53	3	2.42213e-10	AVI	2	2
20	46	3	2.14584e-10	AVI	2	2
31	39	3	2.13158e-10	AVI	2	2
14	47	3	2.11471e-10	AVI	2	2
39	48	3	2.11411e-10	AVI	2	2
14	18	3	2.06276e-10	AVI	2	2
50	51	3	1.94898e-10	AVI	2	2
21	44	3	1.91588e-10	AVI	2	2
22	32	3	1.86339e-10	AVI	2	2
29	47	3	1.86109e-10	AVI	2	2
16	41	3	1.84901e-10	AVI	2	2
13	49	3	1.83673e-10	AVI	2	2
18	29	3	1.82854e-10	AVI	2	2
15	27	3	1.79176e-10	AVI	2	2
33	38	3	1.71713e-10	AVI	2	2
32	40	3	1.68775e-10	AVI	2	2
39	47	3	1.53337e-10	AVI	2	2
38	53	3	1.53193e-10	AVI	2	2
50	52	3	1.51526e-10	AVI	2	2
18	39	3	1.48921e-10	AVI	2	2
35	49	3	1.46309e-10	AVI	2	2
16	34	3	1.44944e-10	AVI	2	2
13	20	3	1.41353e-10	AVI	2	2
23	49	3	1.40239e-10	AVI	2	2
19	27	3	1.36779e-10	AVI	2	2
22	30	3	1.36161e-10	AVI	2	2
21	37	3	1.31771e-10	AVI	2	2
32	41	3	1.26648e-10	AVI	2	2
24	50	3	1.22969e-10	AVI	2	2
17	50	3	1.22966e-10	AVI	2	2
30	40	3	1.22541e-10	AVI	2	2
43	49	3	1.20092e-10	AVI	2	2
25	49	3	1.17381e-10	AVI	2	2
11	49	3	1.17362e-10	AVI	2	2
20	35	3	1.14137e-10	AVI	2	2
31	48	3	1.13302e-10	AVI	2	2
15	38	3	1.12855e-10	AVI	2	2
20	23	3	1.07527e-10	AVI	2	2
14	22	3	1.05864e-10	AVI	2	2
32	34	3	9.99162e-11	AVI	2	2
14	40	3	9.62348e-11	AVI	2	2
30	41	3	9.27866e-11	AVI	2	2
22	29	3	9.27261e-11	AVI	2	2
20	43	3	9.23839e-11	AVI	2	2
20	25	3	9.11778e-11	AVI	2	2
11	20	3	9.11634e-11	AVI	2	2
21	26	3	8.8021e-11	AVI	2	2
19	38	3	8.64014e-11	AVI	2	2
44	49	3	8.5893e-11	AVI	2	2
29	40	3	8.48293e-11	AVI	2	2
31	47	3	8.258e-11	AVI	2	2
47	48	3	8.14959e-11	AVI	2	2
18	31	3	8.14951e-11	AVI	2	2
18	48	3	8.04181e-11	AVI	2	2
22	39	3	7.72667e-11	AVI	2	2
16	27	3	7.43624e-11	AVI	2	2
30	34	3	7.31854e-11	AVI	2	2
14	41	3	7.213e-11	AVI	2	2
39	40	3	7.00758e-11	AVI	2	2
21	51	3	6.95427e-11	AVI	2	2
33	50	3	6.77955e-11	AVI	2	2
20	44	3	6.67528e-11	AVI	2	2
29	41	3	6.32562e-11	AVI	2	2
50	53	3	6.09902e-11	AVI	2	2
37	49	3	5.94922e-11	AVI	2	2
18	47	3	5.85304e-11	AVI	2	2
14	34	3	5.67806e-11	AVI	2	2
21	52	3	5.50742e-11	AVI	2	2
39	41	3	5.23333e-11	AVI	2	2
27	32	3	5.07129e-11	AVI	2	2
29	34	3	4.97832e-11	AVI	2	2
16	38	3	4.65956e-11	AVI	2	2
20	37	3	4.54452e-11	AVI	2	2
15	50	3	4.43701e-11	AVI	2	2
21	24	3	4.39396e-11	AVI	2	2
17	21	3	4.39385e-11	AVI	2	2
34	39	3	4.16845e-11	AVI	2	2
22	31	3	4.1657e-11	AVI	2	2
22	48	3	4.16564e-11	AVI	2	2
26	49	3	3.88644e-11	AVI	2	2
27	30	3	3.72198e-11	AVI	2	2
31	40	3	3.71531e-11	AVI	2	2
40	48	3	3.71526e-11	AVI	2	2
19	50	3	3.38274e-11	AVI	2	2
32	38	3	3.2313e-11	AVI	2	2
49	51	3	3.09047e-11	AVI	2	2
20	26	3	3.03354e-11	AVI	2	2
22	47	3	3.02134e-11	AVI	2	2
18	22	3	2.89134e-11	AVI	2	2
14	27	3	2.83178e-11	AVI	2	2
31	41	3	2.82794e-11	AVI	2	2
41	48	3	2.8279e-11	AVI	2	2
40	47	3	2.70158e-11	AVI	2	2
18	40	3	2.63976e-11	AVI	2	2
27	29	3	2.52173e-11	AVI	2	2
13	28	3	2.48934e-11	AVI	2	2
49	52	3	2.44749e-11	AVI	2	2
20	51	3	2.39557e-11	AVI	2	2
21	33	3	2.36941e-11	AVI	2	2
30	38	3	2.34666e-11	AVI	2	2
31	34	3	2.22773e-11	AVI	2	2
34	48	3	2.2277e-11	AVI	2	2
21	53	3	2.13927e-11	AVI	2	2
27	39	3	2.06336e-11	AVI	2	2
41	47	3	2.06111e-11	AVI	2	2
24	49	3	1.98833e-11	AVI	2	2
18	41	3	1.95401e-11	AVI	2	2
17	49	3	1.93491e-11	AVI	2	2
20	52	3	1.8869e-11	AVI	2	2
16	50	3	1.80684e-11	AVI	2	2
14	38	3	1.80178e-11	AVI	2	2
15	21	3	1.61624e-11	AVI	2	2
29	38	3	1.60397e-11	AVI	2	2
34	47	3	1.60156e-11	AVI	2	2
18	34	3	1.60152e-11	AVI	2	2
20	24	3	1.53406e-11	AVI	2	2
17	20	3	1.53402e-11	AVI	2	2
22	40	3	1.37093e-11	AVI	2	2
38	39	3	1.32897e-11	AVI	2	2
32	50	3	1.28855e-11	AVI	2	2
19	21	3	1.16785e-11	AVI	2	2
27	31	3	1.15926e-11	AVI	2	2
27	48	3	1.11892e-11	AVI	2	2
33	49	3	1.09232e-11	AVI	2	2
22	41	3	1.00156e-11	AVI	2	2
10	28	3	9.80469e-12	AVI	2	2
49	53	3	9.75542e-12	AVI	2	2
30	50	3	9.30012e-12	AVI	2	2
40	41	3	9.27301e-12	AVI	2	2
12	28	3	9.09719e-12	AVI	2	2
27	47	3	8.21668e-12	AVI	2	2
22	34	3	8.21349e-12	AVI	2	2
20	33	3	7.97648e-12	AVI	2	2
18	27	3	7.8777e-12	AVI	2	2
20	53	3	7.63387e-12	AVI	2	2
15	49	3	7.29014e-12	AVI	2	2
14	50	3	7.23568e-12	AVI	2	2
31	38	3	7.22373e-12	AVI	2	2
38	48	3	7.22363e-12	AVI	2	2
34	40	3	7.21813e-12	AVI	2	2
16	21	3	6.62599e-12	AVI	2	2
29	50	3	6.30106e-12	AVI	2	2
15	20	3	5.47557e-12	AVI	2	2
19	49	3	5.46665e-12	AVI	2	2
34	41	3	5.42031e-12	AVI	2	2
39	50	3	5.15573e-12	AVI	2	2
38	47	3	5.14858e-12	AVI	2	2
18	38	3	5.14846e-12	AVI	2	2
21	32	3	4.63783e-12	AVI	2	2
19	20	3	4.1547e-12	AVI	2	2
22	27	3	3.88056e-12	AVI	2	2
27	40	3	3.64855e-12	AVI	2	2
21	30	3	3.21738e-12	AVI	2	2
16	49	3	3.01346e-12	AVI	2	2
31	50	3	2.7959e-12	AVI	2	2
48	50	3	2.79586e-12	AVI	2	2
22	38	3	2.59717e-12	AVI	2	2
27	41	3	2.59683e-12	AVI	2	2
14	21	3	2.41497e-12	AVI	2	2
38	40	3	2.4081e-12	AVI	2	2
16	20	3	2.23944e-12	AVI	2	2
21	29	3	2.23206e-12	AVI	2	2
27	34	3	2.22595e-12	AVI	2	2
32	49	3	2.06105e-12	AVI	2	2
47	50	3	2.05311e-12	AVI	2	2
18	50	3	2.05306e-12	AVI	2	2
21	39	3	1.72774e-12	AVI	2	2
38	41	3	1.72372e-12	AVI	2	2
20	32	3	1.57795e-12	AVI	2	2
30	49	3	1.4298e-12	AVI	2	2
34	38	3	1.4243e-12	AVI	2	2
28	42	3	1.28079e-12	AVI	2	2
20	30	3	1.15811e-12	AVI	2	2
14	49	3	1.15735e-12	AVI	2	2
29	49	3	1.032e-12	AVI	2	2
21	31	3	1.03042e-12	AVI	2	2
21	48	3	1.0304e-12	AVI	2	2
22	50	3	1.02929e-12	AVI	2	2
14	20	3	9.14429e-13	AVI	2	2
40	50	3	9.11665e-13	AVI	2	2
20	29	3	8.03439e-13	AVI	2	2
39	49	3	8.03103e-13	AVI	2	2
20	39	3	6.99575e-13	AVI	2	2
21	47	3	6.98483e-13	AVI	2	2
18	21	3	6.98466e-13	AVI	2	2
41	50	3	6.97825e-13	AVI	2	2
27	38	3	6.9762e-13	AVI	2	2
34	50	3	5.12593e-13	AVI	2	2
31	49	3	4.31376e-13	AVI	2	2
48	49	3	4.3137e-13	AVI	2	2
20	31	3	3.56501e-13	AVI	2	2
20	48	3	3.56496e-13	AVI	2	2
47	49	3	3.56332e-13	AVI	2	2
21	40	3	3.56046e-13	AVI	2	2
28	36	3	3.19532e-13	AVI	2	2
18	49	3	2.88622e-13	AVI	2	2
21	22	3	2.88428e-13	AVI	2	2
27	50	3	2.88215e-13	AVI	2	2
20	47	3	2.28047e-13	AVI	2	2
18	20	3	2.28042e-13	AVI	2	2
28	45	3	1.91383e-13	AVI	2	2
28	46	3	1.88753e-13	AVI	2	2
22	49	3	1.74463e-13	AVI	2	2
21	41	3	1.74421e-13	AVI	2	2
21	34	3	1.74388e-13	AVI	2	2
38	50	3	1.74315e-13	AVI	2	2
20	22	3	1.28174e-13	AVI	2	2
40	49	3	1.28163e-13	AVI	2	2
20	40	3	1.2816e-13	AVI	2	2
41	49	3	1.28133e-13	AVI	2	2
28	43	3	9.36829e-14	AVI	2	2
20	41	3	8.89788e-14	AVI	2	2
34	49	3	8.89644e-14	AVI	2	2
28	35	3	6.03078e-14	AVI	2	2
23	28	3	6.02265e-14	AVI	2	2
25	28	3	5.99354e-14	AVI	2	2
11	28	3	5.9926e-14	AVI	2	2
20	34	3	5.69358e-14	AVI	2	2
21	27	3	5.69196e-14	AVI	2	2
27	49	3	5.69137e-14	AVI	2	2
21	38	3	5.69074e-14	AVI	2	2
28	44	3	3.34523e-14	AVI	2	2
28	37	3	3.31901e-14	AVI	2	2
26	28	3	3.29635e-14	AVI	2	2
20	27	3	3.20132e-14	AVI	2	2
38	49	3	3.20071e-14	AVI	2	2
21	50	3	3.20007e-14	AVI	2	2
28	52	3	1.45568e-14	AVI	2	2
24	28	3	1.45211e-14	AVI	2	2
17	28	3	1.45207e-14	AVI	2	2
20	38	3	1.4225e-14	AVI	2	2
49	50	3	1.42211e-14	AVI	2	2
20	50	3	1.42207e-14	AVI	2	2
28	51	3	3.65058e-15	AVI	2	2
16	28	3	3.58247e-15	AVI	2	2
28	30	3	3.57378e-15	AVI	2	2
14	28	3	3.57136e-15	AVI	2	2
28	29	3	3.57021e-15	AVI	2	2
28	39	3	3.56863e-15	AVI	2	2
18	28	3	3.56252e-15	AVI	2	2
22	28	3	3.55976e-15	AVI	2	2
28	41	3	3.55853e-15	AVI	2	2
27	28	3	3.5564e-15	AVI	2	2
21	49	3	3.55454e-15	AVI	2	2
20	21	3	3.55445e-15	AVI	2	2
20	49	3	3.55408e-15	AVI	2	2
21	28	3	3.55383e-15	AVI	2	2
28	49	3	0	AVI	2	2
20	28	3	0	AVI	2	2
28	31	3	0	AVI	2	2
28	53	3	0	AVI	2	2
28	32	3	0	AVI	2	2
28	33	3	0	AVI	2	2
28	50	3	0	AVI	2	2
19	28	3	0	AVI	2	2
28	40	3	0	AVI	2	2
28	34	3	0	AVI	2	2
28	48	3	0	AVI	2	2
28	47	3	0	AVI	2	2
15	28	3	0	AVI	2	2
28	38	3	0	AVI	2	2
0
