5
0	74	AVI
1	9	AVI
2	16	AVI
3	16	AVI
4	7	AVI
10
2	3	16	0.907857	-	16	16
0	4	418	0.0982585	-	74	7
0	3	1007	0.0302445	-	74	16
0	1	496	0.0263669	-	74	9
0	2	1007	0.022987	-	74	16
1	2	119	0.00959665	-	9	16
1	3	119	0.00932242	-	9	16
3	4	104	0.00664287	-	16	7
1	4	55	0.00639321	-	9	7
2	4	104	0.00584309	-	16	7
10
2	3	4	104	2.49471	-	16	16	7	
1	2	3	119	2.10949	-	9	16	16	
0	2	3	1007	1.67153	-	74	16	16	
0	3	4	3418	0.195574	-	74	16	7	
0	2	4	3418	0.170811	-	74	16	7	
0	1	4	1925	0.114335	-	74	9	7	
0	1	3	3920	0.106516	-	74	9	16	
0	1	2	3920	0.0986062	-	74	9	16	
1	3	4	577	0.0293502	-	9	16	7	
1	2	4	577	0.0271898	-	9	16	7	
5
0	2	3	4	3418	9.22083	-	74	16	16	7	
0	1	2	3	3920	6.70081	-	74	9	16	16	
1	2	3	4	577	3.39691	-	9	16	16	7	
0	1	3	4	8361	0.480881	-	74	9	16	7	
0	1	2	4	8361	0.441999	-	74	9	16	7	
1
0	1	2	3	4	8361	27.7102	-	74	9	16	16	7	
0
